Archive member included to satisfy reference by file (symbol)

/Users/QaisKh-MacbookPro/Downloads/libopencm3-examples/libopencm3/lib/libopencm3_stm32f4.a(gpio_common_f0234.o)
                              usart-stdio.o (gpio_mode_setup)
/Users/QaisKh-MacbookPro/Downloads/libopencm3-examples/libopencm3/lib/libopencm3_stm32f4.a(usart_common_all.o)
                              usart-stdio.o (usart_set_baudrate)
/Users/QaisKh-MacbookPro/Downloads/libopencm3-examples/libopencm3/lib/libopencm3_stm32f4.a(usart_common_f124.o)
                              /Users/QaisKh-MacbookPro/Downloads/libopencm3-examples/libopencm3/lib/libopencm3_stm32f4.a(usart_common_all.o) (usart_send)
/Users/QaisKh-MacbookPro/Downloads/libopencm3-examples/libopencm3/lib/libopencm3_stm32f4.a(rcc_common_all.o)
                              usart-stdio.o (rcc_periph_clock_enable)
/Users/QaisKh-MacbookPro/Downloads/libopencm3-examples/libopencm3/lib/libopencm3_stm32f4.a(vector.o)
                              (reset_handler)
/Users/QaisKh-MacbookPro/Downloads/libopencm3-examples/libopencm3/lib/libopencm3_stm32f4.a(rcc.o)
                              /Users/QaisKh-MacbookPro/Downloads/libopencm3-examples/libopencm3/lib/libopencm3_stm32f4.a(usart_common_all.o) (rcc_apb2_frequency)
/Users/QaisKh-MacbookPro/Downloads/libopencm3-examples/libopencm3/lib/libopencm3_stm32f4.a(flash_common_f234.o)
                              /Users/QaisKh-MacbookPro/Downloads/libopencm3-examples/libopencm3/lib/libopencm3_stm32f4.a(rcc.o) (flash_set_ws)
/Users/QaisKh-MacbookPro/Downloads/libopencm3-examples/libopencm3/lib/libopencm3_stm32f4.a(pwr.o)
                              /Users/QaisKh-MacbookPro/Downloads/libopencm3-examples/libopencm3/lib/libopencm3_stm32f4.a(rcc.o) (pwr_set_vos_scale)
/usr/local/Caskroom/gcc-arm-embedded/7-2017-q4-major/gcc-arm-none-eabi-7-2017-q4-major/bin/../lib/gcc/arm-none-eabi/7.2.1/../../../../arm-none-eabi/lib/thumb/v7e-m/fpv4-sp/hard/libc.a(lib_a-locale.o)
                              usart-stdio.o (__locale_ctype_ptr)
/usr/local/Caskroom/gcc-arm-embedded/7-2017-q4-major/gcc-arm-none-eabi-7-2017-q4-major/bin/../lib/gcc/arm-none-eabi/7.2.1/../../../../arm-none-eabi/lib/thumb/v7e-m/fpv4-sp/hard/libc.a(lib_a-mbtowc_r.o)
                              /usr/local/Caskroom/gcc-arm-embedded/7-2017-q4-major/gcc-arm-none-eabi-7-2017-q4-major/bin/../lib/gcc/arm-none-eabi/7.2.1/../../../../arm-none-eabi/lib/thumb/v7e-m/fpv4-sp/hard/libc.a(lib_a-locale.o) (__ascii_mbtowc)
/usr/local/Caskroom/gcc-arm-embedded/7-2017-q4-major/gcc-arm-none-eabi-7-2017-q4-major/bin/../lib/gcc/arm-none-eabi/7.2.1/../../../../arm-none-eabi/lib/thumb/v7e-m/fpv4-sp/hard/libc.a(lib_a-printf.o)
                              usart-stdio.o (printf)
/usr/local/Caskroom/gcc-arm-embedded/7-2017-q4-major/gcc-arm-none-eabi-7-2017-q4-major/bin/../lib/gcc/arm-none-eabi/7.2.1/../../../../arm-none-eabi/lib/thumb/v7e-m/fpv4-sp/hard/libc.a(lib_a-puts.o)
                              usart-stdio.o (puts)
/usr/local/Caskroom/gcc-arm-embedded/7-2017-q4-major/gcc-arm-none-eabi-7-2017-q4-major/bin/../lib/gcc/arm-none-eabi/7.2.1/../../../../arm-none-eabi/lib/thumb/v7e-m/fpv4-sp/hard/libc.a(lib_a-strcmp.o)
                              /usr/local/Caskroom/gcc-arm-embedded/7-2017-q4-major/gcc-arm-none-eabi-7-2017-q4-major/bin/../lib/gcc/arm-none-eabi/7.2.1/../../../../arm-none-eabi/lib/thumb/v7e-m/fpv4-sp/hard/libc.a(lib_a-locale.o) (strcmp)
/usr/local/Caskroom/gcc-arm-embedded/7-2017-q4-major/gcc-arm-none-eabi-7-2017-q4-major/bin/../lib/gcc/arm-none-eabi/7.2.1/../../../../arm-none-eabi/lib/thumb/v7e-m/fpv4-sp/hard/libc.a(lib_a-strlen.o)
                              /usr/local/Caskroom/gcc-arm-embedded/7-2017-q4-major/gcc-arm-none-eabi-7-2017-q4-major/bin/../lib/gcc/arm-none-eabi/7.2.1/../../../../arm-none-eabi/lib/thumb/v7e-m/fpv4-sp/hard/libc.a(lib_a-puts.o) (strlen)
/usr/local/Caskroom/gcc-arm-embedded/7-2017-q4-major/gcc-arm-none-eabi-7-2017-q4-major/bin/../lib/gcc/arm-none-eabi/7.2.1/../../../../arm-none-eabi/lib/thumb/v7e-m/fpv4-sp/hard/libc.a(lib_a-vfprintf.o)
                              /usr/local/Caskroom/gcc-arm-embedded/7-2017-q4-major/gcc-arm-none-eabi-7-2017-q4-major/bin/../lib/gcc/arm-none-eabi/7.2.1/../../../../arm-none-eabi/lib/thumb/v7e-m/fpv4-sp/hard/libc.a(lib_a-printf.o) (_vfprintf_r)
/usr/local/Caskroom/gcc-arm-embedded/7-2017-q4-major/gcc-arm-none-eabi-7-2017-q4-major/bin/../lib/gcc/arm-none-eabi/7.2.1/../../../../arm-none-eabi/lib/thumb/v7e-m/fpv4-sp/hard/libc.a(lib_a-wctomb_r.o)
                              /usr/local/Caskroom/gcc-arm-embedded/7-2017-q4-major/gcc-arm-none-eabi-7-2017-q4-major/bin/../lib/gcc/arm-none-eabi/7.2.1/../../../../arm-none-eabi/lib/thumb/v7e-m/fpv4-sp/hard/libc.a(lib_a-locale.o) (__ascii_wctomb)
/usr/local/Caskroom/gcc-arm-embedded/7-2017-q4-major/gcc-arm-none-eabi-7-2017-q4-major/bin/../lib/gcc/arm-none-eabi/7.2.1/../../../../arm-none-eabi/lib/thumb/v7e-m/fpv4-sp/hard/libc.a(lib_a-wsetup.o)
[...]
Memory Configuration

Name             Origin             Length             Attributes
rom              0x0000000008000000 0x0000000000080000 xr
ram              0x0000000020000000 0x0000000000018000 xrw
*default*        0x0000000000000000 0xffffffffffffffff

Linker script and memory map

LOAD usart-stdio.o
LOAD /Users/QaisKh-MacbookPro/Downloads/libopencm3-examples/libopencm3/lib/libopencm3_stm32f4.a
START GROUP
LOAD /usr/local/Caskroom/gcc-arm-embedded/7-2017-q4-major/gcc-arm-none-eabi-7-2017-q4-major/bin/../lib/gcc/arm-none-eabi/7.2.1/../../../../arm-none-eabi/lib/thumb/v7e-m/fpv4-sp/hard/libc.a
LOAD /usr/local/Caskroom/gcc-arm-embedded/7-2017-q4-major/gcc-arm-none-eabi-7-2017-q4-major/bin/../lib/gcc/arm-none-eabi/7.2.1/thumb/v7e-m/fpv4-sp/hard/libgcc.a
LOAD /usr/local/Caskroom/gcc-arm-embedded/7-2017-q4-major/gcc-arm-none-eabi-7-2017-q4-major/bin/../lib/gcc/arm-none-eabi/7.2.1/../../../../arm-none-eabi/lib/thumb/v7e-m/fpv4-sp/hard/libnosys.a
END GROUP
START GROUP
LOAD /usr/local/Caskroom/gcc-arm-embedded/7-2017-q4-major/gcc-arm-none-eabi-7-2017-q4-major/bin/../lib/gcc/arm-none-eabi/7.2.1/thumb/v7e-m/fpv4-sp/hard/libgcc.a
LOAD /usr/local/Caskroom/gcc-arm-embedded/7-2017-q4-major/gcc-arm-none-eabi-7-2017-q4-major/bin/../lib/gcc/arm-none-eabi/7.2.1/../../../../arm-none-eabi/lib/thumb/v7e-m/fpv4-sp/hard/libg.a
LOAD /usr/local/Caskroom/gcc-arm-embedded/7-2017-q4-major/gcc-arm-none-eabi-7-2017-q4-major/bin/../lib/gcc/arm-none-eabi/7.2.1/../../../../arm-none-eabi/lib/thumb/v7e-m/fpv4-sp/hard/libc.a
END GROUP

.text           0x0000000008000000     0x5e84
 *(.vectors)
 .vectors       0x0000000008000000      0x1ac /Users/QaisKh-MacbookPro/Downloads/libopencm3-examples/libopencm3/lib/libopencm3_stm32f4.a(vector.o)
                0x0000000008000000                vector_table
 *(.text*)
 .text.back_up  0x00000000080001ac       0x3c usart-stdio.o
 .text.startup.main
                0x00000000080001e8       0xb4 usart-stdio.o
                0x00000000080001e8                main
 .text.get_buffered_line
                0x000000000800029c       0xfc usart-stdio.o
                0x000000000800029c                get_buffered_line
 .text._write   0x0000000008000398       0x40 usart-stdio.o
                0x0000000008000398                _write
 .text._read    0x00000000080003d8       0x78 usart-stdio.o
                0x00000000080003d8                _read
 .text.gpio_mode_setup
                0x0000000008000450       0x44 /Users/QaisKh-MacbookPro/Downloads/libopencm3-examples/libopencm3/lib/libopencm3_stm32f4.a(gpio_common_f0234.o)
                0x0000000008000450                gpio_mode_setup
 .text.gpio_set_af
                0x0000000008000494       0x58 /Users/QaisKh-MacbookPro/Downloads/libopencm3-examples/libopencm3/lib/libopencm3_stm32f4.a(gpio_common_f0234.o)
                0x0000000008000494                gpio_set_af
 .text.usart_set_baudrate
                0x00000000080004ec       0x30 /Users/QaisKh-MacbookPro/Downloads/libopencm3-examples/libopencm3/lib/libopencm3_stm32f4.a(usart_common_all.o)
                0x00000000080004ec                usart_set_baudrate
 .text.usart_set_databits
                0x000000000800051c       0x12 /Users/QaisKh-MacbookPro/Downloads/libopencm3-examples/libopencm3/lib/libopencm3_stm32f4.a(usart_common_all.o)
                0x000000000800051c                usart_set_databits
 .text.usart_set_stopbits
                0x000000000800052e        0xc /Users/QaisKh-MacbookPro/Downloads/libopencm3-examples/libopencm3/lib/libopencm3_stm32f4.a(usart_common_all.o)
                0x000000000800052e                usart_set_stopbits
 .text.usart_set_parity
                0x000000000800053a        0xc /Users/QaisKh-MacbookPro/Downloads/libopencm3-examples/libopencm3/lib/libopencm3_stm32f4.a(usart_common_all.o)
                0x000000000800053a                usart_set_parity
 .text.usart_set_mode
                0x0000000008000546        0xc /Users/QaisKh-MacbookPro/Downloads/libopencm3-examples/libopencm3/lib/libopencm3_stm32f4.a(usart_common_all.o)
                0x0000000008000546                usart_set_mode
 .text.usart_set_flow_control
                0x0000000008000552        0xc /Users/QaisKh-MacbookPro/Downloads/libopencm3-examples/libopencm3/lib/libopencm3_stm32f4.a(usart_common_all.o)
                0x0000000008000552                usart_set_flow_control
 .text.usart_enable
                0x000000000800055e        0xa /Users/QaisKh-MacbookPro/Downloads/libopencm3-examples/libopencm3/lib/libopencm3_stm32f4.a(usart_common_all.o)
                0x000000000800055e                usart_enable
 .text.usart_send_blocking
                0x0000000008000568       0x16 /Users/QaisKh-MacbookPro/Downloads/libopencm3-examples/libopencm3/lib/libopencm3_stm32f4.a(usart_common_all.o)
                0x0000000008000568                usart_send_blocking
 .text.usart_recv_blocking
                0x000000000800057e       0x12 /Users/QaisKh-MacbookPro/Downloads/libopencm3-examples/libopencm3/lib/libopencm3_stm32f4.a(usart_common_all.o)
                0x000000000800057e                usart_recv_blocking
 .text.usart_send
                0x0000000008000590        0x8 /Users/QaisKh-MacbookPro/Downloads/libopencm3-examples/libopencm3/lib/libopencm3_stm32f4.a(usart_common_f124.o)
                0x0000000008000590                usart_send
 .text.usart_recv
                0x0000000008000598        0x8 /Users/QaisKh-MacbookPro/Downloads/libopencm3-examples/libopencm3/lib/libopencm3_stm32f4.a(usart_common_f124.o)
                0x0000000008000598                usart_recv
 .text.usart_wait_send_ready
                0x00000000080005a0        0x8 /Users/QaisKh-MacbookPro/Downloads/libopencm3-examples/libopencm3/lib/libopencm3_stm32f4.a(usart_common_f124.o)
                0x00000000080005a0                usart_wait_send_ready
 .text.usart_wait_recv_ready
                0x00000000080005a8        0x8 /Users/QaisKh-MacbookPro/Downloads/libopencm3-examples/libopencm3/lib/libopencm3_stm32f4.a(usart_common_f124.o)
                0x00000000080005a8                usart_wait_recv_ready
 .text.rcc_periph_clock_enable
                0x00000000080005b0       0x1a /Users/QaisKh-MacbookPro/Downloads/libopencm3-examples/libopencm3/lib/libopencm3_stm32f4.a(rcc_common_all.o)
                0x00000000080005b0                rcc_periph_clock_enable
 .text.blocking_handler
                0x00000000080005ca        0x2 /Users/QaisKh-MacbookPro/Downloads/libopencm3-examples/libopencm3/lib/libopencm3_stm32f4.a(vector.o)
                0x00000000080005ca                exti0_isr
                0x00000000080005ca                tim8_brk_tim12_isr
                0x00000000080005ca                dma1_stream7_isr
                0x00000000080005ca                usart3_isr
                0x00000000080005ca                tim7_isr
                0x00000000080005ca                dma2d_isr
                0x00000000080005ca                uart8_isr
                0x00000000080005ca                dma1_stream2_isr
                0x00000000080005ca                otg_hs_isr
                0x00000000080005ca                blocking_handler
                0x00000000080005ca                tim5_isr
                0x00000000080005ca                rtc_wkup_isr
                0x00000000080005ca                otg_fs_isr
                0x00000000080005ca                spi1_isr
                0x00000000080005ca                i2c3_er_isr
                0x00000000080005ca                exti2_isr
                0x00000000080005ca                spi5_isr
                0x00000000080005ca                usb_fs_wkup_isr
                0x00000000080005ca                tamp_stamp_isr
                0x00000000080005ca                can1_rx1_isr
                0x00000000080005ca                dma2_stream0_isr
                0x00000000080005ca                usart1_isr
                0x00000000080005ca                i2c3_ev_isr
                0x00000000080005ca                usage_fault_handler
                0x00000000080005ca                can2_rx0_isr
                0x00000000080005ca                dma1_stream6_isr
                0x00000000080005ca                can2_rx1_isr
                0x00000000080005ca                can1_sce_isr
                0x00000000080005ca                tim1_cc_isr
                0x00000000080005ca                can1_tx_isr
                0x00000000080005ca                tim1_up_tim10_isr
                0x00000000080005ca                sdio_isr
                0x00000000080005ca                eth_isr
                0x00000000080005ca                spi6_isr
                0x00000000080005ca                dma2_stream5_isr
                0x00000000080005ca                pvd_isr
                0x00000000080005ca                can1_rx0_isr
                0x00000000080005ca                rcc_isr
                0x00000000080005ca                dma2_stream3_isr
                0x00000000080005ca                flash_isr
                0x00000000080005ca                uart4_isr
                0x00000000080005ca                lcd_tft_isr
                0x00000000080005ca                rtc_alarm_isr
                0x00000000080005ca                exti15_10_isr
                0x00000000080005ca                hash_rng_isr
                0x00000000080005ca                tim1_trg_com_tim11_isr
                0x00000000080005ca                hard_fault_handler
                0x00000000080005ca                exti1_isr
                0x00000000080005ca                i2c1_ev_isr
                0x00000000080005ca                usart6_isr
                0x00000000080005ca                spi2_isr
                0x00000000080005ca                cryp_isr
                0x00000000080005ca                nvic_wwdg_isr
                0x00000000080005ca                dma1_stream1_isr
                0x00000000080005ca                dma2_stream4_isr
                0x00000000080005ca                exti3_isr
                0x00000000080005ca                tim3_isr
                0x00000000080005ca                usart2_isr
                0x00000000080005ca                sai1_isr
                0x00000000080005ca                fpu_isr
                0x00000000080005ca                dma1_stream4_isr
                0x00000000080005ca                i2c2_er_isr
                0x00000000080005ca                i2c2_ev_isr
                0x00000000080005ca                uart5_isr
                0x00000000080005ca                dma2_stream6_isr
                0x00000000080005ca                spi4_isr
                0x00000000080005ca                adc_isr
                0x00000000080005ca                dma2_stream7_isr
                0x00000000080005ca                tim8_up_tim13_isr
                0x00000000080005ca                fsmc_isr
                0x00000000080005ca                exti4_isr
                0x00000000080005ca                tim6_dac_isr
                0x00000000080005ca                dma1_stream3_isr
                0x00000000080005ca                tim8_trg_com_tim14_isr
                0x00000000080005ca                mem_manage_handler
                0x00000000080005ca                lcd_tft_err_isr
                0x00000000080005ca                can2_tx_isr
                0x00000000080005ca                exti9_5_isr
                0x00000000080005ca                tim1_brk_tim9_isr
                0x00000000080005ca                uart7_isr
                0x00000000080005ca                can2_sce_isr
                0x00000000080005ca                tim4_isr
                0x00000000080005ca                otg_hs_wkup_isr
                0x00000000080005ca                i2c1_er_isr
                0x00000000080005ca                dma1_stream0_isr
                0x00000000080005ca                tim8_cc_isr
                0x00000000080005ca                dcmi_isr
                0x00000000080005ca                dma2_stream2_isr
                0x00000000080005ca                eth_wkup_isr
                0x00000000080005ca                bus_fault_handler
                0x00000000080005ca                otg_hs_ep1_out_isr
                0x00000000080005ca                spi3_isr
                0x00000000080005ca                dma1_stream5_isr
                0x00000000080005ca                otg_hs_ep1_in_isr
                0x00000000080005ca                tim2_isr
                0x00000000080005ca                dma2_stream1_isr
 .text.null_handler
                0x00000000080005cc        0x2 /Users/QaisKh-MacbookPro/Downloads/libopencm3-examples/libopencm3/lib/libopencm3_stm32f4.a(vector.o)
                0x00000000080005cc                null_handler
                0x00000000080005cc                sv_call_handler
                0x00000000080005cc                pend_sv_handler
                0x00000000080005cc                debug_monitor_handler
                0x00000000080005cc                sys_tick_handler
                0x00000000080005cc                nmi_handler
 *fill*         0x00000000080005ce        0x2 
 .text.reset_handler
                0x00000000080005d0       0x98 /Users/QaisKh-MacbookPro/Downloads/libopencm3-examples/libopencm3/lib/libopencm3_stm32f4.a(vector.o)
                0x00000000080005d0                reset_handler
 .text.__locale_mb_cur_max
                0x0000000008000668       0x1c /usr/local/Caskroom/gcc-arm-embedded/7-2017-q4-major/gcc-arm-none-eabi-7-2017-q4-major/bin/../lib/gcc/arm-none-eabi/7.2.1/../../../../arm-none-eabi/lib/thumb/v7e-m/fpv4-sp/hard/libc.a(lib_a-locale.o)
                0x0000000008000668                __locale_mb_cur_max
 .text.__locale_ctype_ptr
                0x0000000008000684       0x1c /usr/local/Caskroom/gcc-arm-embedded/7-2017-q4-major/gcc-arm-none-eabi-7-2017-q4-major/bin/../lib/gcc/arm-none-eabi/7.2.1/../../../../arm-none-eabi/lib/thumb/v7e-m/fpv4-sp/hard/libc.a(lib_a-locale.o)
                0x0000000008000684                __locale_ctype_ptr
 .text.__ascii_mbtowc
                0x00000000080006a0       0x2c /usr/local/Caskroom/gcc-arm-embedded/7-2017-q4-major/gcc-arm-none-eabi-7-2017-q4-major/bin/../lib/gcc/arm-none-eabi/7.2.1/../../../../arm-none-eabi/lib/thumb/v7e-m/fpv4-sp/hard/libc.a(lib_a-mbtowc_r.o)
                0x00000000080006a0                __ascii_mbtowc
 .text.printf   0x00000000080006cc       0x28 /usr/local/Caskroom/gcc-arm-embedded/7-2017-q4-major/gcc-arm-none-eabi-7-2017-q4-major/bin/../lib/gcc/arm-none-eabi/7.2.1/../../../../arm-none-eabi/lib/thumb/v7e-m/fpv4-sp/hard/libc.a(lib_a-printf.o)
                0x00000000080006cc                printf
 .text._puts_r  0x00000000080006f4       0x9c /usr/local/Caskroom/gcc-arm-embedded/7-2017-q4-major/gcc-arm-none-eabi-7-2017-q4-major/bin/../lib/gcc/arm-none-eabi/7.2.1/../../../../arm-none-eabi/lib/thumb/v7e-m/fpv4-sp/hard/libc.a(lib_a-puts.o)
                0x00000000080006f4                _puts_r
 .text.puts     0x0000000008000790       0x10 /usr/local/Caskroom/gcc-arm-embedded/7-2017-q4-major/gcc-arm-none-eabi-7-2017-q4-major/bin/../lib/gcc/arm-none-eabi/7.2.1/../../../../arm-none-eabi/lib/thumb/v7e-m/fpv4-sp/hard/libc.a(lib_a-puts.o)
                0x0000000008000790                puts
 *fill*         0x00000000080007a0       0x20 
 .text          0x00000000080007c0       0xdc /usr/local/Caskroom/gcc-arm-embedded/7-2017-q4-major/gcc-arm-none-eabi-7-2017-q4-major/bin/../lib/gcc/arm-none-eabi/7.2.1/../../../../arm-none-eabi/lib/thumb/v7e-m/fpv4-sp/hard/libc.a(lib_a-strlen.o)
                0x00000000080007c0                strlen
 *fill*         0x000000000800089c        0x4 
 .text._vfprintf_r
                0x00000000080008a0     0x150c /usr/local/Caskroom/gcc-arm-embedded/7-2017-q4-major/gcc-arm-none-eabi-7-2017-q4-major/bin/../lib/gcc/arm-none-eabi/7.2.1/../../../../arm-none-eabi/lib/thumb/v7e-m/fpv4-sp/hard/libc.a(lib_a-vfprintf.o)
                0x00000000080008a0                _vfprintf_r
 .text.__sbprintf
                0x0000000008001dac       0x84 /usr/local/Caskroom/gcc-arm-embedded/7-2017-q4-major/gcc-arm-none-eabi-7-2017-q4-major/bin/../lib/gcc/arm-none-eabi/7.2.1/../../../../arm-none-eabi/lib/thumb/v7e-m/fpv4-sp/hard/libc.a(lib_a-vfprintf.o)
 .text.__ascii_wctomb
                0x0000000008001e30       0x1c /usr/local/Caskroom/gcc-arm-embedded/7-2017-q4-major/gcc-arm-none-eabi-7-2017-q4-major/bin/../lib/gcc/arm-none-eabi/7.2.1/../../../../arm-none-eabi/lib/thumb/v7e-m/fpv4-sp/hard/libc.a(lib_a-wctomb_r.o)
                0x0000000008001e30                __ascii_wctomb
 .text.__swsetup_r
                0x0000000008001e4c       0xcc /usr/local/Caskroom/gcc-arm-embedded/7-2017-q4-major/gcc-arm-none-eabi-7-2017-q4-major/bin/../lib/gcc/arm-none-eabi/7.2.1/../../../../arm-none-eabi/lib/thumb/v7e-m/fpv4-sp/hard/libc.a(lib_a-wsetup.o)
                0x0000000008001e4c                __swsetup_r
 .text.quorem   0x0000000008001f18      0x124 /usr/local/Caskroom/gcc-arm-embedded/7-2017-q4-major/gcc-arm-none-eabi-7-2017-q4-major/bin/../lib/gcc/arm-none-eabi/7.2.1/../../../../arm-none-eabi/lib/thumb/v7e-m/fpv4-sp/hard/libc.a(lib_a-dtoa.o)
 *fill*         0x000000000800203c        0x4 
 .text._dtoa_r  0x0000000008002040      0xe28 /usr/local/Caskroom/gcc-arm-embedded/7-2017-q4-major/gcc-arm-none-eabi-7-2017-q4-major/bin/../lib/gcc/arm-none-eabi/7.2.1/../../../../arm-none-eabi/lib/thumb/v7e-m/fpv4-sp/hard/libc.a(lib_a-dtoa.o)
                0x0000000008002040                _dtoa_r
 .text.__sflush_r
                0x0000000008002e68      0x154 /usr/local/Caskroom/gcc-arm-embedded/7-2017-q4-major/gcc-arm-none-eabi-7-2017-q4-major/bin/../lib/gcc/arm-none-eabi/7.2.1/../../../../arm-none-eabi/lib/thumb/v7e-m/fpv4-sp/hard/libc.a(lib_a-fflush.o)
                0x0000000008002e68                __sflush_r
 .text._fflush_r
                0x0000000008002fbc       0x5c /usr/local/Caskroom/gcc-arm-embedded/7-2017-q4-major/gcc-arm-none-eabi-7-2017-q4-major/bin/../lib/gcc/arm-none-eabi/7.2.1/../../../../arm-none-eabi/lib/thumb/v7e-m/fpv4-sp/hard/libc.a(lib_a-fflush.o)
                0x0000000008002fbc                _fflush_r
 .text.std      0x0000000008003018       0x50 /usr/local/Caskroom/gcc-arm-embedded/7-2017-q4-major/gcc-arm-none-eabi-7-2017-q4-major/bin/../lib/gcc/arm-none-eabi/7.2.1/../../../../arm-none-eabi/lib/thumb/v7e-m/fpv4-sp/hard/libc.a(lib_a-findfp.o)
 .text._cleanup_r
                0x0000000008003068        0xc /usr/local/Caskroom/gcc-arm-embedded/7-2017-q4-major/gcc-arm-none-eabi-7-2017-q4-major/bin/../lib/gcc/arm-none-eabi/7.2.1/../../../../arm-none-eabi/lib/thumb/v7e-m/fpv4-sp/hard/libc.a(lib_a-findfp.o)
                0x0000000008003068                _cleanup_r
 .text.__sinit  0x0000000008003074       0x58 /usr/local/Caskroom/gcc-arm-embedded/7-2017-q4-major/gcc-arm-none-eabi-7-2017-q4-major/bin/../lib/gcc/arm-none-eabi/7.2.1/../../../../arm-none-eabi/lib/thumb/v7e-m/fpv4-sp/hard/libc.a(lib_a-findfp.o)
                0x0000000008003074                __sinit
 .text.__sfp_lock_acquire
                0x00000000080030cc        0xc /usr/local/Caskroom/gcc-arm-embedded/7-2017-q4-major/gcc-arm-none-eabi-7-2017-q4-major/bin/../lib/gcc/arm-none-eabi/7.2.1/../../../../arm-none-eabi/lib/thumb/v7e-m/fpv4-sp/hard/libc.a(lib_a-findfp.o)
                0x00000000080030cc                __sfp_lock_acquire
 .text.__sfp_lock_release
                0x00000000080030d8        0xc /usr/local/Caskroom/gcc-arm-embedded/7-2017-q4-major/gcc-arm-none-eabi-7-2017-q4-major/bin/../lib/gcc/arm-none-eabi/7.2.1/../../../../arm-none-eabi/lib/thumb/v7e-m/fpv4-sp/hard/libc.a(lib_a-findfp.o)
                0x00000000080030d8                __sfp_lock_release
 .text._malloc_trim_r
                0x00000000080030e4       0xa0 /usr/local/Caskroom/gcc-arm-embedded/7-2017-q4-major/gcc-arm-none-eabi-7-2017-q4-major/bin/../lib/gcc/arm-none-eabi/7.2.1/../../../../arm-none-eabi/lib/thumb/v7e-m/fpv4-sp/hard/libc.a(lib_a-freer.o)
                0x00000000080030e4                _malloc_trim_r
 .text._free_r  0x0000000008003184      0x1e8 /usr/local/Caskroom/gcc-arm-embedded/7-2017-q4-major/gcc-arm-none-eabi-7-2017-q4-major/bin/../lib/gcc/arm-none-eabi/7.2.1/../../../../arm-none-eabi/lib/thumb/v7e-m/fpv4-sp/hard/libc.a(lib_a-freer.o)
                0x0000000008003184                _free_r
 .text.__sfvwrite_r
                0x000000000800336c      0x2fc /usr/local/Caskroom/gcc-arm-embedded/7-2017-q4-major/gcc-arm-none-eabi-7-2017-q4-major/bin/../lib/gcc/arm-none-eabi/7.2.1/../../../../arm-none-eabi/lib/thumb/v7e-m/fpv4-sp/hard/libc.a(lib_a-fvwrite.o)
                0x000000000800336c                __sfvwrite_r
 .text._fwalk_reent
                0x0000000008003668       0x54 /usr/local/Caskroom/gcc-arm-embedded/7-2017-q4-major/gcc-arm-none-eabi-7-2017-q4-major/bin/../lib/gcc/arm-none-eabi/7.2.1/../../../../arm-none-eabi/lib/thumb/v7e-m/fpv4-sp/hard/libc.a(lib_a-fwalk.o)
                0x0000000008003668                _fwalk_reent
 .text._localeconv_r
                0x00000000080036bc       0x1c /usr/local/Caskroom/gcc-arm-embedded/7-2017-q4-major/gcc-arm-none-eabi-7-2017-q4-major/bin/../lib/gcc/arm-none-eabi/7.2.1/../../../../arm-none-eabi/lib/thumb/v7e-m/fpv4-sp/hard/libc.a(lib_a-localeconv.o)
                0x00000000080036bc                _localeconv_r
 .text.__retarget_lock_init_recursive
                0x00000000080036d8        0x4 /usr/local/Caskroom/gcc-arm-embedded/7-2017-q4-major/gcc-arm-none-eabi-7-2017-q4-major/bin/../lib/gcc/arm-none-eabi/7.2.1/../../../../arm-none-eabi/lib/thumb/v7e-m/fpv4-sp/hard/libc.a(lib_a-lock.o)
                0x00000000080036d8                __retarget_lock_init_recursive
 .text.__retarget_lock_close_recursive
                0x00000000080036dc        0x4 /usr/local/Caskroom/gcc-arm-embedded/7-2017-q4-major/gcc-arm-none-eabi-7-2017-q4-major/bin/../lib/gcc/arm-none-eabi/7.2.1/../../../../arm-none-eabi/lib/thumb/v7e-m/fpv4-sp/hard/libc.a(lib_a-lock.o)
                0x00000000080036dc                __retarget_lock_close_recursive
 .text.__retarget_lock_acquire_recursive
                0x00000000080036e0        0x4 /usr/local/Caskroom/gcc-arm-embedded/7-2017-q4-major/gcc-arm-none-eabi-7-2017-q4-major/bin/../lib/gcc/arm-none-eabi/7.2.1/../../../../arm-none-eabi/lib/thumb/v7e-m/fpv4-sp/hard/libc.a(lib_a-lock.o)
                0x00000000080036e0                __retarget_lock_acquire_recursive
 .text.__retarget_lock_release_recursive
                0x00000000080036e4        0x4 /usr/local/Caskroom/gcc-arm-embedded/7-2017-q4-major/gcc-arm-none-eabi-7-2017-q4-major/bin/../lib/gcc/arm-none-eabi/7.2.1/../../../../arm-none-eabi/lib/thumb/v7e-m/fpv4-sp/hard/libc.a(lib_a-lock.o)
                0x00000000080036e4                __retarget_lock_release_recursive
 .text.__swhatbuf_r
                0x00000000080036e8       0x5c /usr/local/Caskroom/gcc-arm-embedded/7-2017-q4-major/gcc-arm-none-eabi-7-2017-q4-major/bin/../lib/gcc/arm-none-eabi/7.2.1/../../../../arm-none-eabi/lib/thumb/v7e-m/fpv4-sp/hard/libc.a(lib_a-makebuf.o)
                0x00000000080036e8                __swhatbuf_r
 .text.__smakebuf_r
                0x0000000008003744       0x94 /usr/local/Caskroom/gcc-arm-embedded/7-2017-q4-major/gcc-arm-none-eabi-7-2017-q4-major/bin/../lib/gcc/arm-none-eabi/7.2.1/../../../../arm-none-eabi/lib/thumb/v7e-m/fpv4-sp/hard/libc.a(lib_a-makebuf.o)
                0x0000000008003744                __smakebuf_r
 .text._malloc_r
                0x00000000080037d8      0x548 /usr/local/Caskroom/gcc-arm-embedded/7-2017-q4-major/gcc-arm-none-eabi-7-2017-q4-major/bin/../lib/gcc/arm-none-eabi/7.2.1/../../../../arm-none-eabi/lib/thumb/v7e-m/fpv4-sp/hard/libc.a(lib_a-mallocr.o)
                0x00000000080037d8                _malloc_r
 .text          0x0000000008003d20       0xa0 /usr/local/Caskroom/gcc-arm-embedded/7-2017-q4-major/gcc-arm-none-eabi-7-2017-q4-major/bin/../lib/gcc/arm-none-eabi/7.2.1/../../../../arm-none-eabi/lib/thumb/v7e-m/fpv4-sp/hard/libc.a(lib_a-memchr.o)
                0x0000000008003d20                memchr
 .text          0x0000000008003dc0      0x134 /usr/local/Caskroom/gcc-arm-embedded/7-2017-q4-major/gcc-arm-none-eabi-7-2017-q4-major/bin/../lib/gcc/arm-none-eabi/7.2.1/../../../../arm-none-eabi/lib/thumb/v7e-m/fpv4-sp/hard/libc.a(lib_a-memcpy.o)
                0x0000000008003dc0                memcpy
 .text.memmove  0x0000000008003ef4       0xc8 /usr/local/Caskroom/gcc-arm-embedded/7-2017-q4-major/gcc-arm-none-eabi-7-2017-q4-major/bin/../lib/gcc/arm-none-eabi/7.2.1/../../../../arm-none-eabi/lib/thumb/v7e-m/fpv4-sp/hard/libc.a(lib_a-memmove.o)
                0x0000000008003ef4                memmove
 .text.memset   0x0000000008003fbc       0x94 /usr/local/Caskroom/gcc-arm-embedded/7-2017-q4-major/gcc-arm-none-eabi-7-2017-q4-major/bin/../lib/gcc/arm-none-eabi/7.2.1/../../../../arm-none-eabi/lib/thumb/v7e-m/fpv4-sp/hard/libc.a(lib_a-memset.o)
                0x0000000008003fbc                memset
 .text.__malloc_lock
                0x0000000008004050        0xc /usr/local/Caskroom/gcc-arm-embedded/7-2017-q4-major/gcc-arm-none-eabi-7-2017-q4-major/bin/../lib/gcc/arm-none-eabi/7.2.1/../../../../arm-none-eabi/lib/thumb/v7e-m/fpv4-sp/hard/libc.a(lib_a-mlock.o)
                0x0000000008004050                __malloc_lock
 .text.__malloc_unlock
                0x000000000800405c        0xc /usr/local/Caskroom/gcc-arm-embedded/7-2017-q4-major/gcc-arm-none-eabi-7-2017-q4-major/bin/../lib/gcc/arm-none-eabi/7.2.1/../../../../arm-none-eabi/lib/thumb/v7e-m/fpv4-sp/hard/libc.a(lib_a-mlock.o)
                0x000000000800405c                __malloc_unlock
 .text._Balloc  0x0000000008004068       0x4c /usr/local/Caskroom/gcc-arm-embedded/7-2017-q4-major/gcc-arm-none-eabi-7-2017-q4-major/bin/../lib/gcc/arm-none-eabi/7.2.1/../../../../arm-none-eabi/lib/thumb/v7e-m/fpv4-sp/hard/libc.a(lib_a-mprec.o)
                0x0000000008004068                _Balloc
 .text._Bfree   0x00000000080040b4       0x14 /usr/local/Caskroom/gcc-arm-embedded/7-2017-q4-major/gcc-arm-none-eabi-7-2017-q4-major/bin/../lib/gcc/arm-none-eabi/7.2.1/../../../../arm-none-eabi/lib/thumb/v7e-m/fpv4-sp/hard/libc.a(lib_a-mprec.o)
                0x00000000080040b4                _Bfree
 .text.__multadd
                0x00000000080040c8       0x80 /usr/local/Caskroom/gcc-arm-embedded/7-2017-q4-major/gcc-arm-none-eabi-7-2017-q4-major/bin/../lib/gcc/arm-none-eabi/7.2.1/../../../../arm-none-eabi/lib/thumb/v7e-m/fpv4-sp/hard/libc.a(lib_a-mprec.o)
                0x00000000080040c8                __multadd
 .text.__hi0bits
                0x0000000008004148       0x40 /usr/local/Caskroom/gcc-arm-embedded/7-2017-q4-major/gcc-arm-none-eabi-7-2017-q4-major/bin/../lib/gcc/arm-none-eabi/7.2.1/../../../../arm-none-eabi/lib/thumb/v7e-m/fpv4-sp/hard/libc.a(lib_a-mprec.o)
                0x0000000008004148                __hi0bits
 .text.__lo0bits
                0x0000000008004188       0x60 /usr/local/Caskroom/gcc-arm-embedded/7-2017-q4-major/gcc-arm-none-eabi-7-2017-q4-major/bin/../lib/gcc/arm-none-eabi/7.2.1/../../../../arm-none-eabi/lib/thumb/v7e-m/fpv4-sp/hard/libc.a(lib_a-mprec.o)
                0x0000000008004188                __lo0bits
 .text.__i2b    0x00000000080041e8       0x14 /usr/local/Caskroom/gcc-arm-embedded/7-2017-q4-major/gcc-arm-none-eabi-7-2017-q4-major/bin/../lib/gcc/arm-none-eabi/7.2.1/../../../../arm-none-eabi/lib/thumb/v7e-m/fpv4-sp/hard/libc.a(lib_a-mprec.o)
                0x00000000080041e8                __i2b
 .text.__multiply
                0x00000000080041fc      0x14c /usr/local/Caskroom/gcc-arm-embedded/7-2017-q4-major/gcc-arm-none-eabi-7-2017-q4-major/bin/../lib/gcc/arm-none-eabi/7.2.1/../../../../arm-none-eabi/lib/thumb/v7e-m/fpv4-sp/hard/libc.a(lib_a-mprec.o)
                0x00000000080041fc                __multiply
 .text.__pow5mult
                0x0000000008004348       0xa0 /usr/local/Caskroom/gcc-arm-embedded/7-2017-q4-major/gcc-arm-none-eabi-7-2017-q4-major/bin/../lib/gcc/arm-none-eabi/7.2.1/../../../../arm-none-eabi/lib/thumb/v7e-m/fpv4-sp/hard/libc.a(lib_a-mprec.o)
                0x0000000008004348                __pow5mult
 .text.__lshift
                0x00000000080043e8       0xac /usr/local/Caskroom/gcc-arm-embedded/7-2017-q4-major/gcc-arm-none-eabi-7-2017-q4-major/bin/../lib/gcc/arm-none-eabi/7.2.1/../../../../arm-none-eabi/lib/thumb/v7e-m/fpv4-sp/hard/libc.a(lib_a-mprec.o)
                0x00000000080043e8                __lshift
 .text.__mcmp   0x0000000008004494       0x38 /usr/local/Caskroom/gcc-arm-embedded/7-2017-q4-major/gcc-arm-none-eabi-7-2017-q4-major/bin/../lib/gcc/arm-none-eabi/7.2.1/../../../../arm-none-eabi/lib/thumb/v7e-m/fpv4-sp/hard/libc.a(lib_a-mprec.o)
                0x0000000008004494                __mcmp
 .text.__mdiff  0x00000000080044cc       0xec /usr/local/Caskroom/gcc-arm-embedded/7-2017-q4-major/gcc-arm-none-eabi-7-2017-q4-major/bin/../lib/gcc/arm-none-eabi/7.2.1/../../../../arm-none-eabi/lib/thumb/v7e-m/fpv4-sp/hard/libc.a(lib_a-mprec.o)
                0x00000000080044cc                __mdiff
 .text.__d2b    0x00000000080045b8       0xc4 /usr/local/Caskroom/gcc-arm-embedded/7-2017-q4-major/gcc-arm-none-eabi-7-2017-q4-major/bin/../lib/gcc/arm-none-eabi/7.2.1/../../../../arm-none-eabi/lib/thumb/v7e-m/fpv4-sp/hard/libc.a(lib_a-mprec.o)
                0x00000000080045b8                __d2b
 .text._realloc_r
                0x000000000800467c      0x35c /usr/local/Caskroom/gcc-arm-embedded/7-2017-q4-major/gcc-arm-none-eabi-7-2017-q4-major/bin/../lib/gcc/arm-none-eabi/7.2.1/../../../../arm-none-eabi/lib/thumb/v7e-m/fpv4-sp/hard/libc.a(lib_a-reallocr.o)
                0x000000000800467c                _realloc_r
 .text._sbrk_r  0x00000000080049d8       0x24 /usr/local/Caskroom/gcc-arm-embedded/7-2017-q4-major/gcc-arm-none-eabi-7-2017-q4-major/bin/../lib/gcc/arm-none-eabi/7.2.1/../../../../arm-none-eabi/lib/thumb/v7e-m/fpv4-sp/hard/libc.a(lib_a-sbrkr.o)
                0x00000000080049d8                _sbrk_r
 .text.__sread  0x00000000080049fc       0x24 /usr/local/Caskroom/gcc-arm-embedded/7-2017-q4-major/gcc-arm-none-eabi-7-2017-q4-major/bin/../lib/gcc/arm-none-eabi/7.2.1/../../../../arm-none-eabi/lib/thumb/v7e-m/fpv4-sp/hard/libc.a(lib_a-stdio.o)
                0x00000000080049fc                __sread
 .text.__swrite
                0x0000000008004a20       0x3c /usr/local/Caskroom/gcc-arm-embedded/7-2017-q4-major/gcc-arm-none-eabi-7-2017-q4-major/bin/../lib/gcc/arm-none-eabi/7.2.1/../../../../arm-none-eabi/lib/thumb/v7e-m/fpv4-sp/hard/libc.a(lib_a-stdio.o)
                0x0000000008004a20                __swrite
 .text.__sseek  0x0000000008004a5c       0x20 /usr/local/Caskroom/gcc-arm-embedded/7-2017-q4-major/gcc-arm-none-eabi-7-2017-q4-major/bin/../lib/gcc/arm-none-eabi/7.2.1/../../../../arm-none-eabi/lib/thumb/v7e-m/fpv4-sp/hard/libc.a(lib_a-stdio.o)
                0x0000000008004a5c                __sseek
 .text.__sclose
                0x0000000008004a7c        0x8 /usr/local/Caskroom/gcc-arm-embedded/7-2017-q4-major/gcc-arm-none-eabi-7-2017-q4-major/bin/../lib/gcc/arm-none-eabi/7.2.1/../../../../arm-none-eabi/lib/thumb/v7e-m/fpv4-sp/hard/libc.a(lib_a-stdio.o)
                0x0000000008004a7c                __sclose
 .text.__sprint_r.part.0
                0x0000000008004a84       0x78 /usr/local/Caskroom/gcc-arm-embedded/7-2017-q4-major/gcc-arm-none-eabi-7-2017-q4-major/bin/../lib/gcc/arm-none-eabi/7.2.1/../../../../arm-none-eabi/lib/thumb/v7e-m/fpv4-sp/hard/libc.a(lib_a-vfiprintf.o)
 .text.__sprint_r
                0x0000000008004afc       0x14 /usr/local/Caskroom/gcc-arm-embedded/7-2017-q4-major/gcc-arm-none-eabi-7-2017-q4-major/bin/../lib/gcc/arm-none-eabi/7.2.1/../../../../arm-none-eabi/lib/thumb/v7e-m/fpv4-sp/hard/libc.a(lib_a-vfiprintf.o)
                0x0000000008004afc                __sprint_r
 .text._write_r
                0x0000000008004b10       0x2c /usr/local/Caskroom/gcc-arm-embedded/7-2017-q4-major/gcc-arm-none-eabi-7-2017-q4-major/bin/../lib/gcc/arm-none-eabi/7.2.1/../../../../arm-none-eabi/lib/thumb/v7e-m/fpv4-sp/hard/libc.a(lib_a-writer.o)
                0x0000000008004b10                _write_r
 .text._calloc_r
                0x0000000008004b3c       0x68 /usr/local/Caskroom/gcc-arm-embedded/7-2017-q4-major/gcc-arm-none-eabi-7-2017-q4-major/bin/../lib/gcc/arm-none-eabi/7.2.1/../../../../arm-none-eabi/lib/thumb/v7e-m/fpv4-sp/hard/libc.a(lib_a-callocr.o)
                0x0000000008004b3c                _calloc_r
 .text._close_r
                0x0000000008004ba4       0x24 /usr/local/Caskroom/gcc-arm-embedded/7-2017-q4-major/gcc-arm-none-eabi-7-2017-q4-major/bin/../lib/gcc/arm-none-eabi/7.2.1/../../../../arm-none-eabi/lib/thumb/v7e-m/fpv4-sp/hard/libc.a(lib_a-closer.o)
                0x0000000008004ba4                _close_r
 .text._fclose_r
                0x0000000008004bc8       0xd0 /usr/local/Caskroom/gcc-arm-embedded/7-2017-q4-major/gcc-arm-none-eabi-7-2017-q4-major/bin/../lib/gcc/arm-none-eabi/7.2.1/../../../../arm-none-eabi/lib/thumb/v7e-m/fpv4-sp/hard/libc.a(lib_a-fclose.o)
                0x0000000008004bc8                _fclose_r
 .text.__fputwc
                0x0000000008004c98       0xa0 /usr/local/Caskroom/gcc-arm-embedded/7-2017-q4-major/gcc-arm-none-eabi-7-2017-q4-major/bin/../lib/gcc/arm-none-eabi/7.2.1/../../../../arm-none-eabi/lib/thumb/v7e-m/fpv4-sp/hard/libc.a(lib_a-fputwc.o)
                0x0000000008004c98                __fputwc
 .text._fputwc_r
                0x0000000008004d38       0x64 /usr/local/Caskroom/gcc-arm-embedded/7-2017-q4-major/gcc-arm-none-eabi-7-2017-q4-major/bin/../lib/gcc/arm-none-eabi/7.2.1/../../../../arm-none-eabi/lib/thumb/v7e-m/fpv4-sp/hard/libc.a(lib_a-fputwc.o)
                0x0000000008004d38                _fputwc_r
 .text._fstat_r
                0x0000000008004d9c       0x28 /usr/local/Caskroom/gcc-arm-embedded/7-2017-q4-major/gcc-arm-none-eabi-7-2017-q4-major/bin/../lib/gcc/arm-none-eabi/7.2.1/../../../../arm-none-eabi/lib/thumb/v7e-m/fpv4-sp/hard/libc.a(lib_a-fstatr.o)
                0x0000000008004d9c                _fstat_r
 .text._isatty_r
                0x0000000008004dc4       0x24 /usr/local/Caskroom/gcc-arm-embedded/7-2017-q4-major/gcc-arm-none-eabi-7-2017-q4-major/bin/../lib/gcc/arm-none-eabi/7.2.1/../../../../arm-none-eabi/lib/thumb/v7e-m/fpv4-sp/hard/libc.a(lib_a-isattyr.o)
                0x0000000008004dc4                _isatty_r
 .text._lseek_r
                0x0000000008004de8       0x2c /usr/local/Caskroom/gcc-arm-embedded/7-2017-q4-major/gcc-arm-none-eabi-7-2017-q4-major/bin/../lib/gcc/arm-none-eabi/7.2.1/../../../../arm-none-eabi/lib/thumb/v7e-m/fpv4-sp/hard/libc.a(lib_a-lseekr.o)
                0x0000000008004de8                _lseek_r
 .text._read_r  0x0000000008004e14       0x2c /usr/local/Caskroom/gcc-arm-embedded/7-2017-q4-major/gcc-arm-none-eabi-7-2017-q4-major/bin/../lib/gcc/arm-none-eabi/7.2.1/../../../../arm-none-eabi/lib/thumb/v7e-m/fpv4-sp/hard/libc.a(lib_a-readr.o)
                0x0000000008004e14                _read_r
 .text.__swbuf_r
                0x0000000008004e40       0xb0 /usr/local/Caskroom/gcc-arm-embedded/7-2017-q4-major/gcc-arm-none-eabi-7-2017-q4-major/bin/../lib/gcc/arm-none-eabi/7.2.1/../../../../arm-none-eabi/lib/thumb/v7e-m/fpv4-sp/hard/libc.a(lib_a-wbuf.o)
                0x0000000008004e40                __swbuf_r
 .text._wcrtomb_r
                0x0000000008004ef0       0x50 /usr/local/Caskroom/gcc-arm-embedded/7-2017-q4-major/gcc-arm-none-eabi-7-2017-q4-major/bin/../lib/gcc/arm-none-eabi/7.2.1/../../../../arm-none-eabi/lib/thumb/v7e-m/fpv4-sp/hard/libc.a(lib_a-wcrtomb.o)
                0x0000000008004ef0                _wcrtomb_r
 .text          0x0000000008004f40      0x378 /usr/local/Caskroom/gcc-arm-embedded/7-2017-q4-major/gcc-arm-none-eabi-7-2017-q4-major/bin/../lib/gcc/arm-none-eabi/7.2.1/thumb/v7e-m/fpv4-sp/hard/libgcc.a(_arm_addsubdf3.o)
                0x0000000008004f40                __aeabi_drsub
                0x0000000008004f48                __subdf3
                0x0000000008004f48                __aeabi_dsub
                0x0000000008004f4c                __aeabi_dadd
                0x0000000008004f4c                __adddf3
                0x00000000080051c4                __aeabi_ui2d
                0x00000000080051c4                __floatunsidf
                0x00000000080051e4                __floatsidf
                0x00000000080051e4                __aeabi_i2d
                0x0000000008005208                __extendsfdf2
                0x0000000008005208                __aeabi_f2d
                0x000000000800524c                __aeabi_ul2d
                0x000000000800524c                __floatundidf
                0x000000000800525c                __aeabi_l2d
                0x000000000800525c                __floatdidf
 .text          0x00000000080052b8      0x424 /usr/local/Caskroom/gcc-arm-embedded/7-2017-q4-major/gcc-arm-none-eabi-7-2017-q4-major/bin/../lib/gcc/arm-none-eabi/7.2.1/thumb/v7e-m/fpv4-sp/hard/libgcc.a(_arm_muldivdf3.o)
                0x00000000080052b8                __aeabi_dmul
                0x00000000080052b8                __muldf3
                0x000000000800550c                __aeabi_ddiv
                0x000000000800550c                __divdf3
 .text          0x00000000080056dc      0x110 /usr/local/Caskroom/gcc-arm-embedded/7-2017-q4-major/gcc-arm-none-eabi-7-2017-q4-major/bin/../lib/gcc/arm-none-eabi/7.2.1/thumb/v7e-m/fpv4-sp/hard/libgcc.a(_arm_cmpdf2.o)
                0x00000000080056dc                __gedf2
                0x00000000080056dc                __gtdf2
                0x00000000080056e4                __ledf2
                0x00000000080056e4                __ltdf2
                0x00000000080056ec                __cmpdf2
                0x00000000080056ec                __eqdf2
                0x00000000080056ec                __nedf2
                0x0000000008005768                __aeabi_cdrcmple
                0x0000000008005778                __aeabi_cdcmple
                0x0000000008005778                __aeabi_cdcmpeq
                0x0000000008005788                __aeabi_dcmpeq
                0x000000000800579c                __aeabi_dcmplt
                0x00000000080057b0                __aeabi_dcmple
                0x00000000080057c4                __aeabi_dcmpge
                0x00000000080057d8                __aeabi_dcmpgt
 .text          0x00000000080057ec       0x2c /usr/local/Caskroom/gcc-arm-embedded/7-2017-q4-major/gcc-arm-none-eabi-7-2017-q4-major/bin/../lib/gcc/arm-none-eabi/7.2.1/thumb/v7e-m/fpv4-sp/hard/libgcc.a(_arm_unorddf2.o)
                0x00000000080057ec                __aeabi_dcmpun
                0x00000000080057ec                __unorddf2
 .text          0x0000000008005818       0x50 /usr/local/Caskroom/gcc-arm-embedded/7-2017-q4-major/gcc-arm-none-eabi-7-2017-q4-major/bin/../lib/gcc/arm-none-eabi/7.2.1/thumb/v7e-m/fpv4-sp/hard/libgcc.a(_arm_fixdfsi.o)
                0x0000000008005818                __fixdfsi
                0x0000000008005818                __aeabi_d2iz
 .text          0x0000000008005868       0x30 /usr/local/Caskroom/gcc-arm-embedded/7-2017-q4-major/gcc-arm-none-eabi-7-2017-q4-major/bin/../lib/gcc/arm-none-eabi/7.2.1/thumb/v7e-m/fpv4-sp/hard/libgcc.a(_aeabi_uldivmod.o)
                0x0000000008005868                __aeabi_uldivmod
 .text          0x0000000008005898      0x2cc /usr/local/Caskroom/gcc-arm-embedded/7-2017-q4-major/gcc-arm-none-eabi-7-2017-q4-major/bin/../lib/gcc/arm-none-eabi/7.2.1/thumb/v7e-m/fpv4-sp/hard/libgcc.a(_udivmoddi4.o)
                0x0000000008005898                __udivmoddi4
 .text          0x0000000008005b64        0x4 /usr/local/Caskroom/gcc-arm-embedded/7-2017-q4-major/gcc-arm-none-eabi-7-2017-q4-major/bin/../lib/gcc/arm-none-eabi/7.2.1/thumb/v7e-m/fpv4-sp/hard/libgcc.a(_dvmd_tls.o)
                0x0000000008005b64                __aeabi_ldiv0
                0x0000000008005b64                __aeabi_idiv0
 .text._close   0x0000000008005b68       0x10 /usr/local/Caskroom/gcc-arm-embedded/7-2017-q4-major/gcc-arm-none-eabi-7-2017-q4-major/bin/../lib/gcc/arm-none-eabi/7.2.1/../../../../arm-none-eabi/lib/thumb/v7e-m/fpv4-sp/hard/libnosys.a(close.o)
                0x0000000008005b68                _close
 .text._fstat   0x0000000008005b78       0x10 /usr/local/Caskroom/gcc-arm-embedded/7-2017-q4-major/gcc-arm-none-eabi-7-2017-q4-major/bin/../lib/gcc/arm-none-eabi/7.2.1/../../../../arm-none-eabi/lib/thumb/v7e-m/fpv4-sp/hard/libnosys.a(fstat.o)
                0x0000000008005b78                _fstat
 .text._isatty  0x0000000008005b88       0x10 /usr/local/Caskroom/gcc-arm-embedded/7-2017-q4-major/gcc-arm-none-eabi-7-2017-q4-major/bin/../lib/gcc/arm-none-eabi/7.2.1/../../../../arm-none-eabi/lib/thumb/v7e-m/fpv4-sp/hard/libnosys.a(isatty.o)
                0x0000000008005b88                _isatty
 .text._lseek   0x0000000008005b98       0x10 /usr/local/Caskroom/gcc-arm-embedded/7-2017-q4-major/gcc-arm-none-eabi-7-2017-q4-major/bin/../lib/gcc/arm-none-eabi/7.2.1/../../../../arm-none-eabi/lib/thumb/v7e-m/fpv4-sp/hard/libnosys.a(lseek.o)
                0x0000000008005b98                _lseek
 .text._sbrk    0x0000000008005ba8       0x1c /usr/local/Caskroom/gcc-arm-embedded/7-2017-q4-major/gcc-arm-none-eabi-7-2017-q4-major/bin/../lib/gcc/arm-none-eabi/7.2.1/../../../../arm-none-eabi/lib/thumb/v7e-m/fpv4-sp/hard/libnosys.a(sbrk.o)
                0x0000000008005ba8                _sbrk
                0x0000000008005bc4                . = ALIGN (0x4)
 *(.rodata*)
 .rodata.main.str1.1
                0x0000000008005bc4       0x38 usart-stdio.o
 .rodata._setlocale_r.str1.4
                0x0000000008005bfc        0xa /usr/local/Caskroom/gcc-arm-embedded/7-2017-q4-major/gcc-arm-none-eabi-7-2017-q4-major/bin/../lib/gcc/arm-none-eabi/7.2.1/../../../../arm-none-eabi/lib/thumb/v7e-m/fpv4-sp/hard/libc.a(lib_a-locale.o)
                                          0xd (size before relaxing)
 *fill*         0x0000000008005c06        0x2 
 .rodata.str1.4
                0x0000000008005c08        0x2 /usr/local/Caskroom/gcc-arm-embedded/7-2017-q4-major/gcc-arm-none-eabi-7-2017-q4-major/bin/../lib/gcc/arm-none-eabi/7.2.1/../../../../arm-none-eabi/lib/thumb/v7e-m/fpv4-sp/hard/libc.a(lib_a-locale.o)
 *fill*         0x0000000008005c0a        0x2 
 .rodata._puts_r.str1.4
                0x0000000008005c0c        0x2 /usr/local/Caskroom/gcc-arm-embedded/7-2017-q4-major/gcc-arm-none-eabi-7-2017-q4-major/bin/../lib/gcc/arm-none-eabi/7.2.1/../../../../arm-none-eabi/lib/thumb/v7e-m/fpv4-sp/hard/libc.a(lib_a-puts.o)
 *fill*         0x0000000008005c0e        0x2 
 .rodata._vfprintf_r.str1.4
                0x0000000008005c10       0x42 /usr/local/Caskroom/gcc-arm-embedded/7-2017-q4-major/gcc-arm-none-eabi-7-2017-q4-major/bin/../lib/gcc/arm-none-eabi/7.2.1/../../../../arm-none-eabi/lib/thumb/v7e-m/fpv4-sp/hard/libc.a(lib_a-vfprintf.o)
 *fill*         0x0000000008005c52        0x2 
 .rodata.blanks.8566
                0x0000000008005c54       0x10 /usr/local/Caskroom/gcc-arm-embedded/7-2017-q4-major/gcc-arm-none-eabi-7-2017-q4-major/bin/../lib/gcc/arm-none-eabi/7.2.1/../../../../arm-none-eabi/lib/thumb/v7e-m/fpv4-sp/hard/libc.a(lib_a-vfprintf.o)
 .rodata.zeroes.8567
                0x0000000008005c64       0x10 /usr/local/Caskroom/gcc-arm-embedded/7-2017-q4-major/gcc-arm-none-eabi-7-2017-q4-major/bin/../lib/gcc/arm-none-eabi/7.2.1/../../../../arm-none-eabi/lib/thumb/v7e-m/fpv4-sp/hard/libc.a(lib_a-vfprintf.o)
 .rodata._ctype_
                0x0000000008005c74      0x101 /usr/local/Caskroom/gcc-arm-embedded/7-2017-q4-major/gcc-arm-none-eabi-7-2017-q4-major/bin/../lib/gcc/arm-none-eabi/7.2.1/../../../../arm-none-eabi/lib/thumb/v7e-m/fpv4-sp/hard/libc.a(lib_a-ctype_.o)
                0x0000000008005c74                _ctype_
 *fill*         0x0000000008005d75        0x3 
 .rodata._dtoa_r.str1.4
                0x0000000008005d78       0x10 /usr/local/Caskroom/gcc-arm-embedded/7-2017-q4-major/gcc-arm-none-eabi-7-2017-q4-major/bin/../lib/gcc/arm-none-eabi/7.2.1/../../../../arm-none-eabi/lib/thumb/v7e-m/fpv4-sp/hard/libc.a(lib_a-dtoa.o)
                                         0x12 (size before relaxing)
 .rodata.__mprec_bigtens
                0x0000000008005d88       0x28 /usr/local/Caskroom/gcc-arm-embedded/7-2017-q4-major/gcc-arm-none-eabi-7-2017-q4-major/bin/../lib/gcc/arm-none-eabi/7.2.1/../../../../arm-none-eabi/lib/thumb/v7e-m/fpv4-sp/hard/libc.a(lib_a-mprec.o)
                0x0000000008005d88                __mprec_bigtens
 .rodata.__mprec_tens
                0x0000000008005db0       0xc8 /usr/local/Caskroom/gcc-arm-embedded/7-2017-q4-major/gcc-arm-none-eabi-7-2017-q4-major/bin/../lib/gcc/arm-none-eabi/7.2.1/../../../../arm-none-eabi/lib/thumb/v7e-m/fpv4-sp/hard/libc.a(lib_a-mprec.o)
                0x0000000008005db0                __mprec_tens
 .rodata.p05.7367
                0x0000000008005e78        0xc /usr/local/Caskroom/gcc-arm-embedded/7-2017-q4-major/gcc-arm-none-eabi-7-2017-q4-major/bin/../lib/gcc/arm-none-eabi/7.2.1/../../../../arm-none-eabi/lib/thumb/v7e-m/fpv4-sp/hard/libc.a(lib_a-mprec.o)
                0x0000000008005e84                . = ALIGN (0x4)

.glue_7         0x0000000008005e84        0x0
 .glue_7        0x0000000008005e84        0x0 linker stubs

.glue_7t        0x0000000008005e84        0x0
 .glue_7t       0x0000000008005e84        0x0 linker stubs

.vfp11_veneer   0x0000000008005e84        0x0
 .vfp11_veneer  0x0000000008005e84        0x0 linker stubs

.v4_bx          0x0000000008005e84        0x0
 .v4_bx         0x0000000008005e84        0x0 linker stubs

.iplt           0x0000000008005e84        0x0
 .iplt          0x0000000008005e84        0x0 usart-stdio.o

.preinit_array  0x0000000008005e84        0x0
                0x0000000008005e84                . = ALIGN (0x4)
                0x0000000008005e84                __preinit_array_start = .
 *(.preinit_array)
                0x0000000008005e84                __preinit_array_end = .

.init_array     0x0000000008005e84        0x0
                0x0000000008005e84                . = ALIGN (0x4)
                0x0000000008005e84                __init_array_start = .
 *(SORT_BY_NAME(.init_array.*))
 *(.init_array)
                0x0000000008005e84                __init_array_end = .

.fini_array     0x0000000008005e84        0x0
                0x0000000008005e84                . = ALIGN (0x4)
                0x0000000008005e84                __fini_array_start = .
 *(.fini_array)
 *(SORT_BY_NAME(.fini_array.*))
                0x0000000008005e84                __fini_array_end = .

.ARM.extab
 *(.ARM.extab*)

.ARM.exidx      0x0000000008005e84        0x8
                0x0000000008005e84                __exidx_start = .
 *(.ARM.exidx*)
 .ARM.exidx     0x0000000008005e84        0x8 /usr/local/Caskroom/gcc-arm-embedded/7-2017-q4-major/gcc-arm-none-eabi-7-2017-q4-major/bin/../lib/gcc/arm-none-eabi/7.2.1/thumb/v7e-m/fpv4-sp/hard/libgcc.a(_udivmoddi4.o)
                0x0000000008005e8c                __exidx_end = .

.rel.dyn        0x0000000008005e8c        0x0
 .rel.iplt      0x0000000008005e8c        0x0 usart-stdio.o
                0x0000000008005e8c                . = ALIGN (0x4)
                0x0000000008005e8c                _etext = .

.data           0x0000000020000000      0x9b0 load address 0x0000000008005e8c
                0x0000000020000000                _data = .
 *(.data*)
 .data.rcc_apb1_frequency
                0x0000000020000000        0x4 /Users/QaisKh-MacbookPro/Downloads/libopencm3-examples/libopencm3/lib/libopencm3_stm32f4.a(rcc.o)
                0x0000000020000000                rcc_apb1_frequency
 .data.rcc_apb2_frequency
                0x0000000020000004        0x4 /Users/QaisKh-MacbookPro/Downloads/libopencm3-examples/libopencm3/lib/libopencm3_stm32f4.a(rcc.o)
                0x0000000020000004                rcc_apb2_frequency
 .data.__global_locale
                0x0000000020000008      0x16c /usr/local/Caskroom/gcc-arm-embedded/7-2017-q4-major/gcc-arm-none-eabi-7-2017-q4-major/bin/../lib/gcc/arm-none-eabi/7.2.1/../../../../arm-none-eabi/lib/thumb/v7e-m/fpv4-sp/hard/libc.a(lib_a-locale.o)
                0x0000000020000008                __global_locale
 .data._impure_ptr
                0x0000000020000174        0x4 /usr/local/Caskroom/gcc-arm-embedded/7-2017-q4-major/gcc-arm-none-eabi-7-2017-q4-major/bin/../lib/gcc/arm-none-eabi/7.2.1/../../../../arm-none-eabi/lib/thumb/v7e-m/fpv4-sp/hard/libc.a(lib_a-impure.o)
                0x0000000020000174                _impure_ptr
 .data.impure_data
                0x0000000020000178      0x428 /usr/local/Caskroom/gcc-arm-embedded/7-2017-q4-major/gcc-arm-none-eabi-7-2017-q4-major/bin/../lib/gcc/arm-none-eabi/7.2.1/../../../../arm-none-eabi/lib/thumb/v7e-m/fpv4-sp/hard/libc.a(lib_a-impure.o)
 .data.__malloc_av_
                0x00000000200005a0      0x408 /usr/local/Caskroom/gcc-arm-embedded/7-2017-q4-major/gcc-arm-none-eabi-7-2017-q4-major/bin/../lib/gcc/arm-none-eabi/7.2.1/../../../../arm-none-eabi/lib/thumb/v7e-m/fpv4-sp/hard/libc.a(lib_a-mallocr.o)
                0x00000000200005a0                __malloc_av_
 .data.__malloc_sbrk_base
                0x00000000200009a8        0x4 /usr/local/Caskroom/gcc-arm-embedded/7-2017-q4-major/gcc-arm-none-eabi-7-2017-q4-major/bin/../lib/gcc/arm-none-eabi/7.2.1/../../../../arm-none-eabi/lib/thumb/v7e-m/fpv4-sp/hard/libc.a(lib_a-mallocr.o)
                0x00000000200009a8                __malloc_sbrk_base
 .data.__malloc_trim_threshold
                0x00000000200009ac        0x4 /usr/local/Caskroom/gcc-arm-embedded/7-2017-q4-major/gcc-arm-none-eabi-7-2017-q4-major/bin/../lib/gcc/arm-none-eabi/7.2.1/../../../../arm-none-eabi/lib/thumb/v7e-m/fpv4-sp/hard/libc.a(lib_a-mallocr.o)
                0x00000000200009ac                __malloc_trim_threshold
                0x00000000200009b0                . = ALIGN (0x4)
                0x00000000200009b0                _edata = .
                0x0000000008005e8c                _data_loadaddr = LOADADDR (.data)

.igot.plt       0x00000000200009b0        0x0 load address 0x000000000800683c
 .igot.plt      0x00000000200009b0        0x0 usart-stdio.o

.bss            0x00000000200009b0       0xe4 load address 0x000000000800683c
 *(.bss*)
 .bss.buf       0x00000000200009b0       0x80 usart-stdio.o
 .bss.end_ndx   0x0000000020000a30        0x2 usart-stdio.o
 .bss.start_ndx
                0x0000000020000a32        0x2 usart-stdio.o
 .bss.__malloc_current_mallinfo
                0x0000000020000a34       0x28 /usr/local/Caskroom/gcc-arm-embedded/7-2017-q4-major/gcc-arm-none-eabi-7-2017-q4-major/bin/../lib/gcc/arm-none-eabi/7.2.1/../../../../arm-none-eabi/lib/thumb/v7e-m/fpv4-sp/hard/libc.a(lib_a-mallocr.o)
                0x0000000020000a34                __malloc_current_mallinfo
 .bss.__malloc_max_sbrked_mem
                0x0000000020000a5c        0x4 /usr/local/Caskroom/gcc-arm-embedded/7-2017-q4-major/gcc-arm-none-eabi-7-2017-q4-major/bin/../lib/gcc/arm-none-eabi/7.2.1/../../../../arm-none-eabi/lib/thumb/v7e-m/fpv4-sp/hard/libc.a(lib_a-mallocr.o)
                0x0000000020000a5c                __malloc_max_sbrked_mem
 .bss.__malloc_max_total_mem
                0x0000000020000a60        0x4 /usr/local/Caskroom/gcc-arm-embedded/7-2017-q4-major/gcc-arm-none-eabi-7-2017-q4-major/bin/../lib/gcc/arm-none-eabi/7.2.1/../../../../arm-none-eabi/lib/thumb/v7e-m/fpv4-sp/hard/libc.a(lib_a-mallocr.o)
                0x0000000020000a60                __malloc_max_total_mem
 .bss.__malloc_top_pad
                0x0000000020000a64        0x4 /usr/local/Caskroom/gcc-arm-embedded/7-2017-q4-major/gcc-arm-none-eabi-7-2017-q4-major/bin/../lib/gcc/arm-none-eabi/7.2.1/../../../../arm-none-eabi/lib/thumb/v7e-m/fpv4-sp/hard/libc.a(lib_a-mallocr.o)
                0x0000000020000a64                __malloc_top_pad
 .bss.heap_end.5377
                0x0000000020000a68        0x4 /usr/local/Caskroom/gcc-arm-embedded/7-2017-q4-major/gcc-arm-none-eabi-7-2017-q4-major/bin/../lib/gcc/arm-none-eabi/7.2.1/../../../../arm-none-eabi/lib/thumb/v7e-m/fpv4-sp/hard/libnosys.a(sbrk.o)
 *(COMMON)
 COMMON         0x0000000020000a6c       0x21 /usr/local/Caskroom/gcc-arm-embedded/7-2017-q4-major/gcc-arm-none-eabi-7-2017-q4-major/bin/../lib/gcc/arm-none-eabi/7.2.1/../../../../arm-none-eabi/lib/thumb/v7e-m/fpv4-sp/hard/libc.a(lib_a-lock.o)
                0x0000000020000a6c                __lock___atexit_recursive_mutex
                0x0000000020000a70                __lock___arc4random_mutex
                0x0000000020000a74                __lock___env_recursive_mutex
                0x0000000020000a78                __lock___sinit_recursive_mutex
                0x0000000020000a7c                __lock___malloc_recursive_mutex
                0x0000000020000a80                __lock___at_quick_exit_mutex
                0x0000000020000a84                __lock___dd_hash_mutex
                0x0000000020000a88                __lock___tz_mutex
                0x0000000020000a8c                __lock___sfp_recursive_mutex
 *fill*         0x0000000020000a8d        0x3 
 COMMON         0x0000000020000a90        0x4 /usr/local/Caskroom/gcc-arm-embedded/7-2017-q4-major/gcc-arm-none-eabi-7-2017-q4-major/bin/../lib/gcc/arm-none-eabi/7.2.1/../../../../arm-none-eabi/lib/thumb/v7e-m/fpv4-sp/hard/libc.a(lib_a-reent.o)
                0x0000000020000a90                errno
                0x0000000020000a94                . = ALIGN (0x4)
                0x0000000020000a94                _ebss = .

/DISCARD/
 *(.eh_frame)
                0x0000000020000a94                . = ALIGN (0x4)
                0x0000000020000a94                end = .
                0x0000000020018000                PROVIDE (_stack, (ORIGIN (ram) + LENGTH (ram)))
OUTPUT(usart-stdio.elf elf32-littlearm)

.debug_info     0x0000000000000000     0x34f9
 .debug_info    0x0000000000000000     0x143f usart-stdio.o
 .debug_info    0x000000000000143f      0x1eb /Users/QaisKh-MacbookPro/Downloads/libopencm3-examples/libopencm3/lib/libopencm3_stm32f4.a(gpio_common_f0234.o)
 .debug_info    0x000000000000162a      0x5d5 /Users/QaisKh-MacbookPro/Downloads/libopencm3-examples/libopencm3/lib/libopencm3_stm32f4.a(usart_common_all.o)
 .debug_info    0x0000000000001bff      0x2b1 /Users/QaisKh-MacbookPro/Downloads/libopencm3-examples/libopencm3/lib/libopencm3_stm32f4.a(usart_common_f124.o)
 .debug_info    0x0000000000001eb0      0xa40 /Users/QaisKh-MacbookPro/Downloads/libopencm3-examples/libopencm3/lib/libopencm3_stm32f4.a(rcc_common_all.o)
 .debug_info    0x00000000000028f0      0x2b7 /Users/QaisKh-MacbookPro/Downloads/libopencm3-examples/libopencm3/lib/libopencm3_stm32f4.a(vector.o)
 .debug_info    0x0000000000002ba7      0x952 /Users/QaisKh-MacbookPro/Downloads/libopencm3-examples/libopencm3/lib/libopencm3_stm32f4.a(rcc.o)

.debug_abbrev   0x0000000000000000      0xb3c
 .debug_abbrev  0x0000000000000000      0x367 usart-stdio.o
 .debug_abbrev  0x0000000000000367       0xb7 /Users/QaisKh-MacbookPro/Downloads/libopencm3-examples/libopencm3/lib/libopencm3_stm32f4.a(gpio_common_f0234.o)
 .debug_abbrev  0x000000000000041e      0x146 /Users/QaisKh-MacbookPro/Downloads/libopencm3-examples/libopencm3/lib/libopencm3_stm32f4.a(usart_common_all.o)
 .debug_abbrev  0x0000000000000564       0xee /Users/QaisKh-MacbookPro/Downloads/libopencm3-examples/libopencm3/lib/libopencm3_stm32f4.a(usart_common_f124.o)
 .debug_abbrev  0x0000000000000652      0x170 /Users/QaisKh-MacbookPro/Downloads/libopencm3-examples/libopencm3/lib/libopencm3_stm32f4.a(rcc_common_all.o)
 .debug_abbrev  0x00000000000007c2      0x136 /Users/QaisKh-MacbookPro/Downloads/libopencm3-examples/libopencm3/lib/libopencm3_stm32f4.a(vector.o)
 .debug_abbrev  0x00000000000008f8      0x244 /Users/QaisKh-MacbookPro/Downloads/libopencm3-examples/libopencm3/lib/libopencm3_stm32f4.a(rcc.o)

.debug_loc      0x0000000000000000      0xd0d
 .debug_loc     0x0000000000000000      0x238 usart-stdio.o
 .debug_loc     0x0000000000000238       0xdb /Users/QaisKh-MacbookPro/Downloads/libopencm3-examples/libopencm3/lib/libopencm3_stm32f4.a(gpio_common_f0234.o)
 .debug_loc     0x0000000000000313      0x1ca /Users/QaisKh-MacbookPro/Downloads/libopencm3-examples/libopencm3/lib/libopencm3_stm32f4.a(usart_common_all.o)
 .debug_loc     0x00000000000004dd       0x63 /Users/QaisKh-MacbookPro/Downloads/libopencm3-examples/libopencm3/lib/libopencm3_stm32f4.a(usart_common_f124.o)
 .debug_loc     0x0000000000000540      0x108 /Users/QaisKh-MacbookPro/Downloads/libopencm3-examples/libopencm3/lib/libopencm3_stm32f4.a(rcc_common_all.o)
 .debug_loc     0x0000000000000648       0xea /Users/QaisKh-MacbookPro/Downloads/libopencm3-examples/libopencm3/lib/libopencm3_stm32f4.a(vector.o)
 .debug_loc     0x0000000000000732      0x5db /Users/QaisKh-MacbookPro/Downloads/libopencm3-examples/libopencm3/lib/libopencm3_stm32f4.a(rcc.o)

.debug_aranges  0x0000000000000000      0x2e0
 .debug_aranges
                0x0000000000000000       0x40 usart-stdio.o
 .debug_aranges
                0x0000000000000040       0x30 /Users/QaisKh-MacbookPro/Downloads/libopencm3-examples/libopencm3/lib/libopencm3_stm32f4.a(gpio_common_f0234.o)
 .debug_aranges
                0x0000000000000070       0xb8 /Users/QaisKh-MacbookPro/Downloads/libopencm3-examples/libopencm3/lib/libopencm3_stm32f4.a(usart_common_all.o)
 .debug_aranges
                0x0000000000000128       0x40 /Users/QaisKh-MacbookPro/Downloads/libopencm3-examples/libopencm3/lib/libopencm3_stm32f4.a(usart_common_f124.o)
 .debug_aranges
                0x0000000000000168       0x68 /Users/QaisKh-MacbookPro/Downloads/libopencm3-examples/libopencm3/lib/libopencm3_stm32f4.a(rcc_common_all.o)
 .debug_aranges
                0x00000000000001d0       0x30 /Users/QaisKh-MacbookPro/Downloads/libopencm3-examples/libopencm3/lib/libopencm3_stm32f4.a(vector.o)
 .debug_aranges
                0x0000000000000200       0xe0 /Users/QaisKh-MacbookPro/Downloads/libopencm3-examples/libopencm3/lib/libopencm3_stm32f4.a(rcc.o)

.debug_ranges   0x0000000000000000      0x2b8
 .debug_ranges  0x0000000000000000       0x78 usart-stdio.o
 .debug_ranges  0x0000000000000078       0x20 /Users/QaisKh-MacbookPro/Downloads/libopencm3-examples/libopencm3/lib/libopencm3_stm32f4.a(gpio_common_f0234.o)
 .debug_ranges  0x0000000000000098       0xa8 /Users/QaisKh-MacbookPro/Downloads/libopencm3-examples/libopencm3/lib/libopencm3_stm32f4.a(usart_common_all.o)
 .debug_ranges  0x0000000000000140       0x30 /Users/QaisKh-MacbookPro/Downloads/libopencm3-examples/libopencm3/lib/libopencm3_stm32f4.a(usart_common_f124.o)
 .debug_ranges  0x0000000000000170       0x58 /Users/QaisKh-MacbookPro/Downloads/libopencm3-examples/libopencm3/lib/libopencm3_stm32f4.a(rcc_common_all.o)
 .debug_ranges  0x00000000000001c8       0x20 /Users/QaisKh-MacbookPro/Downloads/libopencm3-examples/libopencm3/lib/libopencm3_stm32f4.a(vector.o)
 .debug_ranges  0x00000000000001e8       0xd0 /Users/QaisKh-MacbookPro/Downloads/libopencm3-examples/libopencm3/lib/libopencm3_stm32f4.a(rcc.o)

.debug_macro    0x0000000000000000     0x437c
 .debug_macro   0x0000000000000000      0x24d usart-stdio.o
 .debug_macro   0x000000000000024d      0xa4e usart-stdio.o
 .debug_macro   0x0000000000000c9b       0x22 usart-stdio.o
 .debug_macro   0x0000000000000cbd       0x52 usart-stdio.o
 .debug_macro   0x0000000000000d0f       0x17 usart-stdio.o
 .debug_macro   0x0000000000000d26       0x55 usart-stdio.o
 .debug_macro   0x0000000000000d7b       0x35 usart-stdio.o
 .debug_macro   0x0000000000000db0       0x9c usart-stdio.o
 .debug_macro   0x0000000000000e4c       0x16 usart-stdio.o
 .debug_macro   0x0000000000000e62       0x57 usart-stdio.o
 .debug_macro   0x0000000000000eb9       0x97 usart-stdio.o
 .debug_macro   0x0000000000000f50      0x353 usart-stdio.o
 .debug_macro   0x00000000000012a3       0xf6 usart-stdio.o
 .debug_macro   0x0000000000001399       0x10 usart-stdio.o
 .debug_macro   0x00000000000013a9       0x58 usart-stdio.o
 .debug_macro   0x0000000000001401       0x1f usart-stdio.o
 .debug_macro   0x0000000000001420       0x43 usart-stdio.o
 .debug_macro   0x0000000000001463       0x20 usart-stdio.o
 .debug_macro   0x0000000000001483      0x18e usart-stdio.o
 .debug_macro   0x0000000000001611       0x10 usart-stdio.o
 .debug_macro   0x0000000000001621       0x6a usart-stdio.o
 .debug_macro   0x000000000000168b       0xb6 usart-stdio.o
 .debug_macro   0x0000000000001741       0x16 usart-stdio.o
 .debug_macro   0x0000000000001757      0x129 usart-stdio.o
 .debug_macro   0x0000000000001880       0x16 usart-stdio.o
 .debug_macro   0x0000000000001896       0x35 usart-stdio.o
 .debug_macro   0x00000000000018cb       0x22 usart-stdio.o
 .debug_macro   0x00000000000018ed       0x9c usart-stdio.o
 .debug_macro   0x0000000000001989       0xef usart-stdio.o
 .debug_macro   0x0000000000001a78      0x1df usart-stdio.o
 .debug_macro   0x0000000000001c57       0x22 usart-stdio.o
 .debug_macro   0x0000000000001c79       0xfa usart-stdio.o
 .debug_macro   0x0000000000001d73       0x58 usart-stdio.o
 .debug_macro   0x0000000000001dcb      0x26d usart-stdio.o
 .debug_macro   0x0000000000002038      0xc7e usart-stdio.o
 .debug_macro   0x0000000000002cb6       0x76 usart-stdio.o
 .debug_macro   0x0000000000002d2c      0x2e6 usart-stdio.o
 .debug_macro   0x0000000000003012      0x14e usart-stdio.o
 .debug_macro   0x0000000000003160       0x94 usart-stdio.o
 .debug_macro   0x00000000000031f4      0x29e usart-stdio.o
 .debug_macro   0x0000000000003492       0xa0 usart-stdio.o
 .debug_macro   0x0000000000003532       0xd2 /Users/QaisKh-MacbookPro/Downloads/libopencm3-examples/libopencm3/lib/libopencm3_stm32f4.a(gpio_common_f0234.o)
 .debug_macro   0x0000000000003604       0x4f /Users/QaisKh-MacbookPro/Downloads/libopencm3-examples/libopencm3/lib/libopencm3_stm32f4.a(gpio_common_f0234.o)
 .debug_macro   0x0000000000003653       0x51 /Users/QaisKh-MacbookPro/Downloads/libopencm3-examples/libopencm3/lib/libopencm3_stm32f4.a(gpio_common_f0234.o)
 .debug_macro   0x00000000000036a4       0xea /Users/QaisKh-MacbookPro/Downloads/libopencm3-examples/libopencm3/lib/libopencm3_stm32f4.a(usart_common_all.o)
 .debug_macro   0x000000000000378e       0xea /Users/QaisKh-MacbookPro/Downloads/libopencm3-examples/libopencm3/lib/libopencm3_stm32f4.a(usart_common_f124.o)
 .debug_macro   0x0000000000003878       0xcf /Users/QaisKh-MacbookPro/Downloads/libopencm3-examples/libopencm3/lib/libopencm3_stm32f4.a(rcc_common_all.o)
 .debug_macro   0x0000000000003947       0xd4 /Users/QaisKh-MacbookPro/Downloads/libopencm3-examples/libopencm3/lib/libopencm3_stm32f4.a(vector.o)
 .debug_macro   0x0000000000003a1b      0x3a1 /Users/QaisKh-MacbookPro/Downloads/libopencm3-examples/libopencm3/lib/libopencm3_stm32f4.a(vector.o)
 .debug_macro   0x0000000000003dbc       0x6a /Users/QaisKh-MacbookPro/Downloads/libopencm3-examples/libopencm3/lib/libopencm3_stm32f4.a(vector.o)
 .debug_macro   0x0000000000003e26      0x22c /Users/QaisKh-MacbookPro/Downloads/libopencm3-examples/libopencm3/lib/libopencm3_stm32f4.a(vector.o)
 .debug_macro   0x0000000000004052      0x106 /Users/QaisKh-MacbookPro/Downloads/libopencm3-examples/libopencm3/lib/libopencm3_stm32f4.a(rcc.o)
 .debug_macro   0x0000000000004158       0x16 /Users/QaisKh-MacbookPro/Downloads/libopencm3-examples/libopencm3/lib/libopencm3_stm32f4.a(rcc.o)
 .debug_macro   0x000000000000416e       0x8e /Users/QaisKh-MacbookPro/Downloads/libopencm3-examples/libopencm3/lib/libopencm3_stm32f4.a(rcc.o)
 .debug_macro   0x00000000000041fc       0x22 /Users/QaisKh-MacbookPro/Downloads/libopencm3-examples/libopencm3/lib/libopencm3_stm32f4.a(rcc.o)
 .debug_macro   0x000000000000421e       0x6a /Users/QaisKh-MacbookPro/Downloads/libopencm3-examples/libopencm3/lib/libopencm3_stm32f4.a(rcc.o)
 .debug_macro   0x0000000000004288       0xf4 /Users/QaisKh-MacbookPro/Downloads/libopencm3-examples/libopencm3/lib/libopencm3_stm32f4.a(rcc.o)

.debug_line     0x0000000000000000     0x2321
 .debug_line    0x0000000000000000      0x6ee usart-stdio.o
 .debug_line    0x00000000000006ee      0x412 /Users/QaisKh-MacbookPro/Downloads/libopencm3-examples/libopencm3/lib/libopencm3_stm32f4.a(gpio_common_f0234.o)
 .debug_line    0x0000000000000b00      0x549 /Users/QaisKh-MacbookPro/Downloads/libopencm3-examples/libopencm3/lib/libopencm3_stm32f4.a(usart_common_all.o)
 .debug_line    0x0000000000001049      0x42a /Users/QaisKh-MacbookPro/Downloads/libopencm3-examples/libopencm3/lib/libopencm3_stm32f4.a(usart_common_f124.o)
 .debug_line    0x0000000000001473      0x42b /Users/QaisKh-MacbookPro/Downloads/libopencm3-examples/libopencm3/lib/libopencm3_stm32f4.a(rcc_common_all.o)
 .debug_line    0x000000000000189e      0x42a /Users/QaisKh-MacbookPro/Downloads/libopencm3-examples/libopencm3/lib/libopencm3_stm32f4.a(vector.o)
 .debug_line    0x0000000000001cc8      0x659 /Users/QaisKh-MacbookPro/Downloads/libopencm3-examples/libopencm3/lib/libopencm3_stm32f4.a(rcc.o)

.debug_str      0x0000000000000000    0x12faa
 .debug_str     0x0000000000000000     0xf098 usart-stdio.o
                                       0xf338 (size before relaxing)
 .debug_str     0x000000000000f098      0x19f /Users/QaisKh-MacbookPro/Downloads/libopencm3-examples/libopencm3/lib/libopencm3_stm32f4.a(gpio_common_f0234.o)
                                       0x64b2 (size before relaxing)
 .debug_str     0x000000000000f237      0x181 /Users/QaisKh-MacbookPro/Downloads/libopencm3-examples/libopencm3/lib/libopencm3_stm32f4.a(usart_common_all.o)
                                       0x9dda (size before relaxing)
 .debug_str     0x000000000000f3b8       0x2d /Users/QaisKh-MacbookPro/Downloads/libopencm3-examples/libopencm3/lib/libopencm3_stm32f4.a(usart_common_f124.o)
                                       0x9c14 (size before relaxing)
 .debug_str     0x000000000000f3e5      0x44e /Users/QaisKh-MacbookPro/Downloads/libopencm3-examples/libopencm3/lib/libopencm3_stm32f4.a(rcc_common_all.o)
                                       0x93ad (size before relaxing)
 .debug_str     0x000000000000f833     0x2a44 /Users/QaisKh-MacbookPro/Downloads/libopencm3-examples/libopencm3/lib/libopencm3_stm32f4.a(vector.o)
                                       0x6af2 (size before relaxing)
 .debug_str     0x0000000000012277      0xd33 /Users/QaisKh-MacbookPro/Downloads/libopencm3-examples/libopencm3/lib/libopencm3_stm32f4.a(rcc.o)
                                       0x9745 (size before relaxing)

.comment        0x0000000000000000       0x7e
 .comment       0x0000000000000000       0x7e usart-stdio.o
                                         0x7f (size before relaxing)
 .comment       0x000000000000007e       0x7f /Users/QaisKh-MacbookPro/Downloads/libopencm3-examples/libopencm3/lib/libopencm3_stm32f4.a(gpio_common_f0234.o)
 .comment       0x000000000000007e       0x7f /Users/QaisKh-MacbookPro/Downloads/libopencm3-examples/libopencm3/lib/libopencm3_stm32f4.a(usart_common_all.o)
 .comment       0x000000000000007e       0x7f /Users/QaisKh-MacbookPro/Downloads/libopencm3-examples/libopencm3/lib/libopencm3_stm32f4.a(usart_common_f124.o)
 .comment       0x000000000000007e       0x7f /Users/QaisKh-MacbookPro/Downloads/libopencm3-examples/libopencm3/lib/libopencm3_stm32f4.a(rcc_common_all.o)
 .comment       0x000000000000007e       0x7f /Users/QaisKh-MacbookPro/Downloads/libopencm3-examples/libopencm3/lib/libopencm3_stm32f4.a(vector.o)
 .comment       0x000000000000007e       0x7f /Users/QaisKh-MacbookPro/Downloads/libopencm3-examples/libopencm3/lib/libopencm3_stm32f4.a(rcc.o)

.ARM.attributes
                0x0000000000000000       0x37
 .ARM.attributes
                0x0000000000000000       0x39 usart-stdio.o
 .ARM.attributes
                0x0000000000000039       0x39 /Users/QaisKh-MacbookPro/Downloads/libopencm3-examples/libopencm3/lib/libopencm3_stm32f4.a(gpio_common_f0234.o)
 .ARM.attributes
                0x0000000000000072       0x39 /Users/QaisKh-MacbookPro/Downloads/libopencm3-examples/libopencm3/lib/libopencm3_stm32f4.a(usart_common_all.o)
 .ARM.attributes
                0x00000000000000ab       0x39 /Users/QaisKh-MacbookPro/Downloads/libopencm3-examples/libopencm3/lib/libopencm3_stm32f4.a(usart_common_f124.o)
 .ARM.attributes
                0x00000000000000e4       0x39 /Users/QaisKh-MacbookPro/Downloads/libopencm3-examples/libopencm3/lib/libopencm3_stm32f4.a(rcc_common_all.o)
 .ARM.attributes
                0x000000000000011d       0x39 /Users/QaisKh-MacbookPro/Downloads/libopencm3-examples/libopencm3/lib/libopencm3_stm32f4.a(vector.o)
 .ARM.attributes
                0x0000000000000156       0x39 /Users/QaisKh-MacbookPro/Downloads/libopencm3-examples/libopencm3/lib/libopencm3_stm32f4.a(rcc.o)
 .ARM.attributes
                0x000000000000018f       0x34 /usr/local/Caskroom/gcc-arm-embedded/7-2017-q4-major/gcc-arm-none-eabi-7-2017-q4-major/bin/../lib/gcc/arm-none-eabi/7.2.1/../../../../arm-none-eabi/lib/thumb/v7e-m/fpv4-sp/hard/libc.a(lib_a-locale.o)
 .ARM.attributes
                0x00000000000001c3       0x34 /usr/local/Caskroom/gcc-arm-embedded/7-2017-q4-major/gcc-arm-none-eabi-7-2017-q4-major/bin/../lib/gcc/arm-none-eabi/7.2.1/../../../../arm-none-eabi/lib/thumb/v7e-m/fpv4-sp/hard/libc.a(lib_a-mbtowc_r.o)
 .ARM.attributes
                0x00000000000001f7       0x34 /usr/local/Caskroom/gcc-arm-embedded/7-2017-q4-major/gcc-arm-none-eabi-7-2017-q4-major/bin/../lib/gcc/arm-none-eabi/7.2.1/../../../../arm-none-eabi/lib/thumb/v7e-m/fpv4-sp/hard/libc.a(lib_a-printf.o)
 .ARM.attributes
                0x000000000000022b       0x34 /usr/local/Caskroom/gcc-arm-embedded/7-2017-q4-major/gcc-arm-none-eabi-7-2017-q4-major/bin/../lib/gcc/arm-none-eabi/7.2.1/../../../../arm-none-eabi/lib/thumb/v7e-m/fpv4-sp/hard/libc.a(lib_a-puts.o)
 .ARM.attributes
                0x000000000000025f       0x20 /usr/local/Caskroom/gcc-arm-embedded/7-2017-q4-major/gcc-arm-none-eabi-7-2017-q4-major/bin/../lib/gcc/arm-none-eabi/7.2.1/../../../../arm-none-eabi/lib/thumb/v7e-m/fpv4-sp/hard/libc.a(lib_a-strlen.o)
 .ARM.attributes
                0x000000000000027f       0x34 /usr/local/Caskroom/gcc-arm-embedded/7-2017-q4-major/gcc-arm-none-eabi-7-2017-q4-major/bin/../lib/gcc/arm-none-eabi/7.2.1/../../../../arm-none-eabi/lib/thumb/v7e-m/fpv4-sp/hard/libc.a(lib_a-vfprintf.o)
 .ARM.attributes
                0x00000000000002b3       0x34 /usr/local/Caskroom/gcc-arm-embedded/7-2017-q4-major/gcc-arm-none-eabi-7-2017-q4-major/bin/../lib/gcc/arm-none-eabi/7.2.1/../../../../arm-none-eabi/lib/thumb/v7e-m/fpv4-sp/hard/libc.a(lib_a-wctomb_r.o)
 .ARM.attributes
                0x00000000000002e7       0x34 /usr/local/Caskroom/gcc-arm-embedded/7-2017-q4-major/gcc-arm-none-eabi-7-2017-q4-major/bin/../lib/gcc/arm-none-eabi/7.2.1/../../../../arm-none-eabi/lib/thumb/v7e-m/fpv4-sp/hard/libc.a(lib_a-wsetup.o)
 .ARM.attributes
                0x000000000000031b       0x34 /usr/local/Caskroom/gcc-arm-embedded/7-2017-q4-major/gcc-arm-none-eabi-7-2017-q4-major/bin/../lib/gcc/arm-none-eabi/7.2.1/../../../../arm-none-eabi/lib/thumb/v7e-m/fpv4-sp/hard/libc.a(lib_a-ctype_.o)
 .ARM.attributes
                0x000000000000034f       0x34 /usr/local/Caskroom/gcc-arm-embedded/7-2017-q4-major/gcc-arm-none-eabi-7-2017-q4-major/bin/../lib/gcc/arm-none-eabi/7.2.1/../../../../arm-none-eabi/lib/thumb/v7e-m/fpv4-sp/hard/libc.a(lib_a-dtoa.o)
 .ARM.attributes
                0x0000000000000383       0x34 /usr/local/Caskroom/gcc-arm-embedded/7-2017-q4-major/gcc-arm-none-eabi-7-2017-q4-major/bin/../lib/gcc/arm-none-eabi/7.2.1/../../../../arm-none-eabi/lib/thumb/v7e-m/fpv4-sp/hard/libc.a(lib_a-fflush.o)
 .ARM.attributes
                0x00000000000003b7       0x34 /usr/local/Caskroom/gcc-arm-embedded/7-2017-q4-major/gcc-arm-none-eabi-7-2017-q4-major/bin/../lib/gcc/arm-none-eabi/7.2.1/../../../../arm-none-eabi/lib/thumb/v7e-m/fpv4-sp/hard/libc.a(lib_a-findfp.o)
 .ARM.attributes
                0x00000000000003eb       0x34 /usr/local/Caskroom/gcc-arm-embedded/7-2017-q4-major/gcc-arm-none-eabi-7-2017-q4-major/bin/../lib/gcc/arm-none-eabi/7.2.1/../../../../arm-none-eabi/lib/thumb/v7e-m/fpv4-sp/hard/libc.a(lib_a-freer.o)
 .ARM.attributes
                0x000000000000041f       0x34 /usr/local/Caskroom/gcc-arm-embedded/7-2017-q4-major/gcc-arm-none-eabi-7-2017-q4-major/bin/../lib/gcc/arm-none-eabi/7.2.1/../../../../arm-none-eabi/lib/thumb/v7e-m/fpv4-sp/hard/libc.a(lib_a-fvwrite.o)
 .ARM.attributes
                0x0000000000000453       0x34 /usr/local/Caskroom/gcc-arm-embedded/7-2017-q4-major/gcc-arm-none-eabi-7-2017-q4-major/bin/../lib/gcc/arm-none-eabi/7.2.1/../../../../arm-none-eabi/lib/thumb/v7e-m/fpv4-sp/hard/libc.a(lib_a-fwalk.o)
 .ARM.attributes
                0x0000000000000487       0x34 /usr/local/Caskroom/gcc-arm-embedded/7-2017-q4-major/gcc-arm-none-eabi-7-2017-q4-major/bin/../lib/gcc/arm-none-eabi/7.2.1/../../../../arm-none-eabi/lib/thumb/v7e-m/fpv4-sp/hard/libc.a(lib_a-impure.o)
 .ARM.attributes
                0x00000000000004bb       0x34 /usr/local/Caskroom/gcc-arm-embedded/7-2017-q4-major/gcc-arm-none-eabi-7-2017-q4-major/bin/../lib/gcc/arm-none-eabi/7.2.1/../../../../arm-none-eabi/lib/thumb/v7e-m/fpv4-sp/hard/libc.a(lib_a-localeconv.o)
 .ARM.attributes
                0x00000000000004ef       0x34 /usr/local/Caskroom/gcc-arm-embedded/7-2017-q4-major/gcc-arm-none-eabi-7-2017-q4-major/bin/../lib/gcc/arm-none-eabi/7.2.1/../../../../arm-none-eabi/lib/thumb/v7e-m/fpv4-sp/hard/libc.a(lib_a-lock.o)
 .ARM.attributes
                0x0000000000000523       0x34 /usr/local/Caskroom/gcc-arm-embedded/7-2017-q4-major/gcc-arm-none-eabi-7-2017-q4-major/bin/../lib/gcc/arm-none-eabi/7.2.1/../../../../arm-none-eabi/lib/thumb/v7e-m/fpv4-sp/hard/libc.a(lib_a-makebuf.o)
 .ARM.attributes
                0x0000000000000557       0x34 /usr/local/Caskroom/gcc-arm-embedded/7-2017-q4-major/gcc-arm-none-eabi-7-2017-q4-major/bin/../lib/gcc/arm-none-eabi/7.2.1/../../../../arm-none-eabi/lib/thumb/v7e-m/fpv4-sp/hard/libc.a(lib_a-mallocr.o)
 .ARM.attributes
                0x000000000000058b       0x20 /usr/local/Caskroom/gcc-arm-embedded/7-2017-q4-major/gcc-arm-none-eabi-7-2017-q4-major/bin/../lib/gcc/arm-none-eabi/7.2.1/../../../../arm-none-eabi/lib/thumb/v7e-m/fpv4-sp/hard/libc.a(lib_a-memchr.o)
 .ARM.attributes
                0x00000000000005ab       0x20 /usr/local/Caskroom/gcc-arm-embedded/7-2017-q4-major/gcc-arm-none-eabi-7-2017-q4-major/bin/../lib/gcc/arm-none-eabi/7.2.1/../../../../arm-none-eabi/lib/thumb/v7e-m/fpv4-sp/hard/libc.a(lib_a-memcpy.o)
 .ARM.attributes
                0x00000000000005cb       0x34 /usr/local/Caskroom/gcc-arm-embedded/7-2017-q4-major/gcc-arm-none-eabi-7-2017-q4-major/bin/../lib/gcc/arm-none-eabi/7.2.1/../../../../arm-none-eabi/lib/thumb/v7e-m/fpv4-sp/hard/libc.a(lib_a-memmove.o)
 .ARM.attributes
                0x00000000000005ff       0x34 /usr/local/Caskroom/gcc-arm-embedded/7-2017-q4-major/gcc-arm-none-eabi-7-2017-q4-major/bin/../lib/gcc/arm-none-eabi/7.2.1/../../../../arm-none-eabi/lib/thumb/v7e-m/fpv4-sp/hard/libc.a(lib_a-memset.o)
 .ARM.attributes
                0x0000000000000633       0x34 /usr/local/Caskroom/gcc-arm-embedded/7-2017-q4-major/gcc-arm-none-eabi-7-2017-q4-major/bin/../lib/gcc/arm-none-eabi/7.2.1/../../../../arm-none-eabi/lib/thumb/v7e-m/fpv4-sp/hard/libc.a(lib_a-mlock.o)
 .ARM.attributes
                0x0000000000000667       0x34 /usr/local/Caskroom/gcc-arm-embedded/7-2017-q4-major/gcc-arm-none-eabi-7-2017-q4-major/bin/../lib/gcc/arm-none-eabi/7.2.1/../../../../arm-none-eabi/lib/thumb/v7e-m/fpv4-sp/hard/libc.a(lib_a-mprec.o)
 .ARM.attributes
                0x000000000000069b       0x34 /usr/local/Caskroom/gcc-arm-embedded/7-2017-q4-major/gcc-arm-none-eabi-7-2017-q4-major/bin/../lib/gcc/arm-none-eabi/7.2.1/../../../../arm-none-eabi/lib/thumb/v7e-m/fpv4-sp/hard/libc.a(lib_a-reallocr.o)
 .ARM.attributes
                0x00000000000006cf       0x34 /usr/local/Caskroom/gcc-arm-embedded/7-2017-q4-major/gcc-arm-none-eabi-7-2017-q4-major/bin/../lib/gcc/arm-none-eabi/7.2.1/../../../../arm-none-eabi/lib/thumb/v7e-m/fpv4-sp/hard/libc.a(lib_a-sbrkr.o)
 .ARM.attributes
                0x0000000000000703       0x34 /usr/local/Caskroom/gcc-arm-embedded/7-2017-q4-major/gcc-arm-none-eabi-7-2017-q4-major/bin/../lib/gcc/arm-none-eabi/7.2.1/../../../../arm-none-eabi/lib/thumb/v7e-m/fpv4-sp/hard/libc.a(lib_a-stdio.o)
 .ARM.attributes
                0x0000000000000737       0x34 /usr/local/Caskroom/gcc-arm-embedded/7-2017-q4-major/gcc-arm-none-eabi-7-2017-q4-major/bin/../lib/gcc/arm-none-eabi/7.2.1/../../../../arm-none-eabi/lib/thumb/v7e-m/fpv4-sp/hard/libc.a(lib_a-vfiprintf.o)
 .ARM.attributes
                0x000000000000076b       0x34 /usr/local/Caskroom/gcc-arm-embedded/7-2017-q4-major/gcc-arm-none-eabi-7-2017-q4-major/bin/../lib/gcc/arm-none-eabi/7.2.1/../../../../arm-none-eabi/lib/thumb/v7e-m/fpv4-sp/hard/libc.a(lib_a-writer.o)
 .ARM.attributes
                0x000000000000079f       0x34 /usr/local/Caskroom/gcc-arm-embedded/7-2017-q4-major/gcc-arm-none-eabi-7-2017-q4-major/bin/../lib/gcc/arm-none-eabi/7.2.1/../../../../arm-none-eabi/lib/thumb/v7e-m/fpv4-sp/hard/libc.a(lib_a-callocr.o)
 .ARM.attributes
                0x00000000000007d3       0x34 /usr/local/Caskroom/gcc-arm-embedded/7-2017-q4-major/gcc-arm-none-eabi-7-2017-q4-major/bin/../lib/gcc/arm-none-eabi/7.2.1/../../../../arm-none-eabi/lib/thumb/v7e-m/fpv4-sp/hard/libc.a(lib_a-closer.o)
 .ARM.attributes
                0x0000000000000807       0x34 /usr/local/Caskroom/gcc-arm-embedded/7-2017-q4-major/gcc-arm-none-eabi-7-2017-q4-major/bin/../lib/gcc/arm-none-eabi/7.2.1/../../../../arm-none-eabi/lib/thumb/v7e-m/fpv4-sp/hard/libc.a(lib_a-fclose.o)
 .ARM.attributes
                0x000000000000083b       0x34 /usr/local/Caskroom/gcc-arm-embedded/7-2017-q4-major/gcc-arm-none-eabi-7-2017-q4-major/bin/../lib/gcc/arm-none-eabi/7.2.1/../../../../arm-none-eabi/lib/thumb/v7e-m/fpv4-sp/hard/libc.a(lib_a-fputwc.o)
 .ARM.attributes
                0x000000000000086f       0x34 /usr/local/Caskroom/gcc-arm-embedded/7-2017-q4-major/gcc-arm-none-eabi-7-2017-q4-major/bin/../lib/gcc/arm-none-eabi/7.2.1/../../../../arm-none-eabi/lib/thumb/v7e-m/fpv4-sp/hard/libc.a(lib_a-fstatr.o)
 .ARM.attributes
                0x00000000000008a3       0x34 /usr/local/Caskroom/gcc-arm-embedded/7-2017-q4-major/gcc-arm-none-eabi-7-2017-q4-major/bin/../lib/gcc/arm-none-eabi/7.2.1/../../../../arm-none-eabi/lib/thumb/v7e-m/fpv4-sp/hard/libc.a(lib_a-isattyr.o)
 .ARM.attributes
                0x00000000000008d7       0x34 /usr/local/Caskroom/gcc-arm-embedded/7-2017-q4-major/gcc-arm-none-eabi-7-2017-q4-major/bin/../lib/gcc/arm-none-eabi/7.2.1/../../../../arm-none-eabi/lib/thumb/v7e-m/fpv4-sp/hard/libc.a(lib_a-lseekr.o)
 .ARM.attributes
                0x000000000000090b       0x34 /usr/local/Caskroom/gcc-arm-embedded/7-2017-q4-major/gcc-arm-none-eabi-7-2017-q4-major/bin/../lib/gcc/arm-none-eabi/7.2.1/../../../../arm-none-eabi/lib/thumb/v7e-m/fpv4-sp/hard/libc.a(lib_a-readr.o)
 .ARM.attributes
                0x000000000000093f       0x34 /usr/local/Caskroom/gcc-arm-embedded/7-2017-q4-major/gcc-arm-none-eabi-7-2017-q4-major/bin/../lib/gcc/arm-none-eabi/7.2.1/../../../../arm-none-eabi/lib/thumb/v7e-m/fpv4-sp/hard/libc.a(lib_a-reent.o)
 .ARM.attributes
                0x0000000000000973       0x34 /usr/local/Caskroom/gcc-arm-embedded/7-2017-q4-major/gcc-arm-none-eabi-7-2017-q4-major/bin/../lib/gcc/arm-none-eabi/7.2.1/../../../../arm-none-eabi/lib/thumb/v7e-m/fpv4-sp/hard/libc.a(lib_a-wbuf.o)
 .ARM.attributes
                0x00000000000009a7       0x34 /usr/local/Caskroom/gcc-arm-embedded/7-2017-q4-major/gcc-arm-none-eabi-7-2017-q4-major/bin/../lib/gcc/arm-none-eabi/7.2.1/../../../../arm-none-eabi/lib/thumb/v7e-m/fpv4-sp/hard/libc.a(lib_a-wcrtomb.o)
 .ARM.attributes
                0x00000000000009db       0x22 /usr/local/Caskroom/gcc-arm-embedded/7-2017-q4-major/gcc-arm-none-eabi-7-2017-q4-major/bin/../lib/gcc/arm-none-eabi/7.2.1/thumb/v7e-m/fpv4-sp/hard/libgcc.a(_arm_addsubdf3.o)
 .ARM.attributes
                0x00000000000009fd       0x22 /usr/local/Caskroom/gcc-arm-embedded/7-2017-q4-major/gcc-arm-none-eabi-7-2017-q4-major/bin/../lib/gcc/arm-none-eabi/7.2.1/thumb/v7e-m/fpv4-sp/hard/libgcc.a(_arm_muldivdf3.o)
 .ARM.attributes
                0x0000000000000a1f       0x22 /usr/local/Caskroom/gcc-arm-embedded/7-2017-q4-major/gcc-arm-none-eabi-7-2017-q4-major/bin/../lib/gcc/arm-none-eabi/7.2.1/thumb/v7e-m/fpv4-sp/hard/libgcc.a(_arm_cmpdf2.o)
 .ARM.attributes
                0x0000000000000a41       0x22 /usr/local/Caskroom/gcc-arm-embedded/7-2017-q4-major/gcc-arm-none-eabi-7-2017-q4-major/bin/../lib/gcc/arm-none-eabi/7.2.1/thumb/v7e-m/fpv4-sp/hard/libgcc.a(_arm_unorddf2.o)
 .ARM.attributes
                0x0000000000000a63       0x22 /usr/local/Caskroom/gcc-arm-embedded/7-2017-q4-major/gcc-arm-none-eabi-7-2017-q4-major/bin/../lib/gcc/arm-none-eabi/7.2.1/thumb/v7e-m/fpv4-sp/hard/libgcc.a(_arm_fixdfsi.o)
 .ARM.attributes
                0x0000000000000a85       0x22 /usr/local/Caskroom/gcc-arm-embedded/7-2017-q4-major/gcc-arm-none-eabi-7-2017-q4-major/bin/../lib/gcc/arm-none-eabi/7.2.1/thumb/v7e-m/fpv4-sp/hard/libgcc.a(_aeabi_uldivmod.o)
 .ARM.attributes
                0x0000000000000aa7       0x34 /usr/local/Caskroom/gcc-arm-embedded/7-2017-q4-major/gcc-arm-none-eabi-7-2017-q4-major/bin/../lib/gcc/arm-none-eabi/7.2.1/thumb/v7e-m/fpv4-sp/hard/libgcc.a(_udivmoddi4.o)
 .ARM.attributes
                0x0000000000000adb       0x22 /usr/local/Caskroom/gcc-arm-embedded/7-2017-q4-major/gcc-arm-none-eabi-7-2017-q4-major/bin/../lib/gcc/arm-none-eabi/7.2.1/thumb/v7e-m/fpv4-sp/hard/libgcc.a(_dvmd_tls.o)
 .ARM.attributes
                0x0000000000000afd       0x34 /usr/local/Caskroom/gcc-arm-embedded/7-2017-q4-major/gcc-arm-none-eabi-7-2017-q4-major/bin/../lib/gcc/arm-none-eabi/7.2.1/../../../../arm-none-eabi/lib/thumb/v7e-m/fpv4-sp/hard/libnosys.a(close.o)
 .ARM.attributes
                0x0000000000000b31       0x34 /usr/local/Caskroom/gcc-arm-embedded/7-2017-q4-major/gcc-arm-none-eabi-7-2017-q4-major/bin/../lib/gcc/arm-none-eabi/7.2.1/../../../../arm-none-eabi/lib/thumb/v7e-m/fpv4-sp/hard/libnosys.a(fstat.o)
 .ARM.attributes
                0x0000000000000b65       0x34 /usr/local/Caskroom/gcc-arm-embedded/7-2017-q4-major/gcc-arm-none-eabi-7-2017-q4-major/bin/../lib/gcc/arm-none-eabi/7.2.1/../../../../arm-none-eabi/lib/thumb/v7e-m/fpv4-sp/hard/libnosys.a(isatty.o)
 .ARM.attributes
                0x0000000000000b99       0x34 /usr/local/Caskroom/gcc-arm-embedded/7-2017-q4-major/gcc-arm-none-eabi-7-2017-q4-major/bin/../lib/gcc/arm-none-eabi/7.2.1/../../../../arm-none-eabi/lib/thumb/v7e-m/fpv4-sp/hard/libnosys.a(lseek.o)
 .ARM.attributes
                0x0000000000000bcd       0x34 /usr/local/Caskroom/gcc-arm-embedded/7-2017-q4-major/gcc-arm-none-eabi-7-2017-q4-major/bin/../lib/gcc/arm-none-eabi/7.2.1/../../../../arm-none-eabi/lib/thumb/v7e-m/fpv4-sp/hard/libnosys.a(sbrk.o)

.debug_frame    0x0000000000000000     0x1854
 .debug_frame   0x0000000000000000       0xb4 usart-stdio.o
 .debug_frame   0x00000000000000b4       0x70 /Users/QaisKh-MacbookPro/Downloads/libopencm3-examples/libopencm3/lib/libopencm3_stm32f4.a(gpio_common_f0234.o)
 .debug_frame   0x0000000000000124      0x178 /Users/QaisKh-MacbookPro/Downloads/libopencm3-examples/libopencm3/lib/libopencm3_stm32f4.a(usart_common_all.o)
 .debug_frame   0x000000000000029c       0x60 /Users/QaisKh-MacbookPro/Downloads/libopencm3-examples/libopencm3/lib/libopencm3_stm32f4.a(usart_common_f124.o)
 .debug_frame   0x00000000000002fc       0xd0 /Users/QaisKh-MacbookPro/Downloads/libopencm3-examples/libopencm3/lib/libopencm3_stm32f4.a(rcc_common_all.o)
 .debug_frame   0x00000000000003cc       0x40 /Users/QaisKh-MacbookPro/Downloads/libopencm3-examples/libopencm3/lib/libopencm3_stm32f4.a(vector.o)
 .debug_frame   0x000000000000040c      0x1c8 /Users/QaisKh-MacbookPro/Downloads/libopencm3-examples/libopencm3/lib/libopencm3_stm32f4.a(rcc.o)
 .debug_frame   0x00000000000005d4       0x6c /usr/local/Caskroom/gcc-arm-embedded/7-2017-q4-major/gcc-arm-none-eabi-7-2017-q4-major/bin/../lib/gcc/arm-none-eabi/7.2.1/../../../../arm-none-eabi/lib/thumb/v7e-m/fpv4-sp/hard/libc.a(lib_a-locale.o)
 .debug_frame   0x0000000000000640       0x4c /usr/local/Caskroom/gcc-arm-embedded/7-2017-q4-major/gcc-arm-none-eabi-7-2017-q4-major/bin/../lib/gcc/arm-none-eabi/7.2.1/../../../../arm-none-eabi/lib/thumb/v7e-m/fpv4-sp/hard/libc.a(lib_a-mbtowc_r.o)
 .debug_frame   0x000000000000068c       0x74 /usr/local/Caskroom/gcc-arm-embedded/7-2017-q4-major/gcc-arm-none-eabi-7-2017-q4-major/bin/../lib/gcc/arm-none-eabi/7.2.1/../../../../arm-none-eabi/lib/thumb/v7e-m/fpv4-sp/hard/libc.a(lib_a-printf.o)
 .debug_frame   0x0000000000000700       0x4c /usr/local/Caskroom/gcc-arm-embedded/7-2017-q4-major/gcc-arm-none-eabi-7-2017-q4-major/bin/../lib/gcc/arm-none-eabi/7.2.1/../../../../arm-none-eabi/lib/thumb/v7e-m/fpv4-sp/hard/libc.a(lib_a-puts.o)
 .debug_frame   0x000000000000074c       0x94 /usr/local/Caskroom/gcc-arm-embedded/7-2017-q4-major/gcc-arm-none-eabi-7-2017-q4-major/bin/../lib/gcc/arm-none-eabi/7.2.1/../../../../arm-none-eabi/lib/thumb/v7e-m/fpv4-sp/hard/libc.a(lib_a-vfprintf.o)
 .debug_frame   0x00000000000007e0       0x3c /usr/local/Caskroom/gcc-arm-embedded/7-2017-q4-major/gcc-arm-none-eabi-7-2017-q4-major/bin/../lib/gcc/arm-none-eabi/7.2.1/../../../../arm-none-eabi/lib/thumb/v7e-m/fpv4-sp/hard/libc.a(lib_a-wctomb_r.o)
 .debug_frame   0x000000000000081c       0x2c /usr/local/Caskroom/gcc-arm-embedded/7-2017-q4-major/gcc-arm-none-eabi-7-2017-q4-major/bin/../lib/gcc/arm-none-eabi/7.2.1/../../../../arm-none-eabi/lib/thumb/v7e-m/fpv4-sp/hard/libc.a(lib_a-wsetup.o)
 .debug_frame   0x0000000000000848       0x88 /usr/local/Caskroom/gcc-arm-embedded/7-2017-q4-major/gcc-arm-none-eabi-7-2017-q4-major/bin/../lib/gcc/arm-none-eabi/7.2.1/../../../../arm-none-eabi/lib/thumb/v7e-m/fpv4-sp/hard/libc.a(lib_a-dtoa.o)
 .debug_frame   0x00000000000008d0       0x5c /usr/local/Caskroom/gcc-arm-embedded/7-2017-q4-major/gcc-arm-none-eabi-7-2017-q4-major/bin/../lib/gcc/arm-none-eabi/7.2.1/../../../../arm-none-eabi/lib/thumb/v7e-m/fpv4-sp/hard/libc.a(lib_a-fflush.o)
 .debug_frame   0x000000000000092c      0x148 /usr/local/Caskroom/gcc-arm-embedded/7-2017-q4-major/gcc-arm-none-eabi-7-2017-q4-major/bin/../lib/gcc/arm-none-eabi/7.2.1/../../../../arm-none-eabi/lib/thumb/v7e-m/fpv4-sp/hard/libc.a(lib_a-findfp.o)
 .debug_frame   0x0000000000000a74       0x80 /usr/local/Caskroom/gcc-arm-embedded/7-2017-q4-major/gcc-arm-none-eabi-7-2017-q4-major/bin/../lib/gcc/arm-none-eabi/7.2.1/../../../../arm-none-eabi/lib/thumb/v7e-m/fpv4-sp/hard/libc.a(lib_a-freer.o)
 .debug_frame   0x0000000000000af4       0x64 /usr/local/Caskroom/gcc-arm-embedded/7-2017-q4-major/gcc-arm-none-eabi-7-2017-q4-major/bin/../lib/gcc/arm-none-eabi/7.2.1/../../../../arm-none-eabi/lib/thumb/v7e-m/fpv4-sp/hard/libc.a(lib_a-fvwrite.o)
 .debug_frame   0x0000000000000b58       0x54 /usr/local/Caskroom/gcc-arm-embedded/7-2017-q4-major/gcc-arm-none-eabi-7-2017-q4-major/bin/../lib/gcc/arm-none-eabi/7.2.1/../../../../arm-none-eabi/lib/thumb/v7e-m/fpv4-sp/hard/libc.a(lib_a-fwalk.o)
 .debug_frame   0x0000000000000bac       0x40 /usr/local/Caskroom/gcc-arm-embedded/7-2017-q4-major/gcc-arm-none-eabi-7-2017-q4-major/bin/../lib/gcc/arm-none-eabi/7.2.1/../../../../arm-none-eabi/lib/thumb/v7e-m/fpv4-sp/hard/libc.a(lib_a-localeconv.o)
 .debug_frame   0x0000000000000bec       0xb0 /usr/local/Caskroom/gcc-arm-embedded/7-2017-q4-major/gcc-arm-none-eabi-7-2017-q4-major/bin/../lib/gcc/arm-none-eabi/7.2.1/../../../../arm-none-eabi/lib/thumb/v7e-m/fpv4-sp/hard/libc.a(lib_a-lock.o)
 .debug_frame   0x0000000000000c9c       0x64 /usr/local/Caskroom/gcc-arm-embedded/7-2017-q4-major/gcc-arm-none-eabi-7-2017-q4-major/bin/../lib/gcc/arm-none-eabi/7.2.1/../../../../arm-none-eabi/lib/thumb/v7e-m/fpv4-sp/hard/libc.a(lib_a-makebuf.o)
 .debug_frame   0x0000000000000d00       0x54 /usr/local/Caskroom/gcc-arm-embedded/7-2017-q4-major/gcc-arm-none-eabi-7-2017-q4-major/bin/../lib/gcc/arm-none-eabi/7.2.1/../../../../arm-none-eabi/lib/thumb/v7e-m/fpv4-sp/hard/libc.a(lib_a-mallocr.o)
 .debug_frame   0x0000000000000d54       0x40 /usr/local/Caskroom/gcc-arm-embedded/7-2017-q4-major/gcc-arm-none-eabi-7-2017-q4-major/bin/../lib/gcc/arm-none-eabi/7.2.1/../../../../arm-none-eabi/lib/thumb/v7e-m/fpv4-sp/hard/libc.a(lib_a-memmove.o)
 .debug_frame   0x0000000000000d94       0x38 /usr/local/Caskroom/gcc-arm-embedded/7-2017-q4-major/gcc-arm-none-eabi-7-2017-q4-major/bin/../lib/gcc/arm-none-eabi/7.2.1/../../../../arm-none-eabi/lib/thumb/v7e-m/fpv4-sp/hard/libc.a(lib_a-memset.o)
 .debug_frame   0x0000000000000dcc       0x30 /usr/local/Caskroom/gcc-arm-embedded/7-2017-q4-major/gcc-arm-none-eabi-7-2017-q4-major/bin/../lib/gcc/arm-none-eabi/7.2.1/../../../../arm-none-eabi/lib/thumb/v7e-m/fpv4-sp/hard/libc.a(lib_a-mlock.o)
 .debug_frame   0x0000000000000dfc      0x25c /usr/local/Caskroom/gcc-arm-embedded/7-2017-q4-major/gcc-arm-none-eabi-7-2017-q4-major/bin/../lib/gcc/arm-none-eabi/7.2.1/../../../../arm-none-eabi/lib/thumb/v7e-m/fpv4-sp/hard/libc.a(lib_a-mprec.o)
 .debug_frame   0x0000000000001058       0x58 /usr/local/Caskroom/gcc-arm-embedded/7-2017-q4-major/gcc-arm-none-eabi-7-2017-q4-major/bin/../lib/gcc/arm-none-eabi/7.2.1/../../../../arm-none-eabi/lib/thumb/v7e-m/fpv4-sp/hard/libc.a(lib_a-reallocr.o)
 .debug_frame   0x00000000000010b0       0x2c /usr/local/Caskroom/gcc-arm-embedded/7-2017-q4-major/gcc-arm-none-eabi-7-2017-q4-major/bin/../lib/gcc/arm-none-eabi/7.2.1/../../../../arm-none-eabi/lib/thumb/v7e-m/fpv4-sp/hard/libc.a(lib_a-sbrkr.o)
 .debug_frame   0x00000000000010dc       0x88 /usr/local/Caskroom/gcc-arm-embedded/7-2017-q4-major/gcc-arm-none-eabi-7-2017-q4-major/bin/../lib/gcc/arm-none-eabi/7.2.1/../../../../arm-none-eabi/lib/thumb/v7e-m/fpv4-sp/hard/libc.a(lib_a-stdio.o)
 .debug_frame   0x0000000000001164       0xd8 /usr/local/Caskroom/gcc-arm-embedded/7-2017-q4-major/gcc-arm-none-eabi-7-2017-q4-major/bin/../lib/gcc/arm-none-eabi/7.2.1/../../../../arm-none-eabi/lib/thumb/v7e-m/fpv4-sp/hard/libc.a(lib_a-vfiprintf.o)
 .debug_frame   0x000000000000123c       0x2c /usr/local/Caskroom/gcc-arm-embedded/7-2017-q4-major/gcc-arm-none-eabi-7-2017-q4-major/bin/../lib/gcc/arm-none-eabi/7.2.1/../../../../arm-none-eabi/lib/thumb/v7e-m/fpv4-sp/hard/libc.a(lib_a-writer.o)
 .debug_frame   0x0000000000001268       0x28 /usr/local/Caskroom/gcc-arm-embedded/7-2017-q4-major/gcc-arm-none-eabi-7-2017-q4-major/bin/../lib/gcc/arm-none-eabi/7.2.1/../../../../arm-none-eabi/lib/thumb/v7e-m/fpv4-sp/hard/libc.a(lib_a-callocr.o)
 .debug_frame   0x0000000000001290       0x2c /usr/local/Caskroom/gcc-arm-embedded/7-2017-q4-major/gcc-arm-none-eabi-7-2017-q4-major/bin/../lib/gcc/arm-none-eabi/7.2.1/../../../../arm-none-eabi/lib/thumb/v7e-m/fpv4-sp/hard/libc.a(lib_a-closer.o)
 .debug_frame   0x00000000000012bc       0x3c /usr/local/Caskroom/gcc-arm-embedded/7-2017-q4-major/gcc-arm-none-eabi-7-2017-q4-major/bin/../lib/gcc/arm-none-eabi/7.2.1/../../../../arm-none-eabi/lib/thumb/v7e-m/fpv4-sp/hard/libc.a(lib_a-fclose.o)
 .debug_frame   0x00000000000012f8       0x9c /usr/local/Caskroom/gcc-arm-embedded/7-2017-q4-major/gcc-arm-none-eabi-7-2017-q4-major/bin/../lib/gcc/arm-none-eabi/7.2.1/../../../../arm-none-eabi/lib/thumb/v7e-m/fpv4-sp/hard/libc.a(lib_a-fputwc.o)
 .debug_frame   0x0000000000001394       0x2c /usr/local/Caskroom/gcc-arm-embedded/7-2017-q4-major/gcc-arm-none-eabi-7-2017-q4-major/bin/../lib/gcc/arm-none-eabi/7.2.1/../../../../arm-none-eabi/lib/thumb/v7e-m/fpv4-sp/hard/libc.a(lib_a-fstatr.o)
 .debug_frame   0x00000000000013c0       0x2c /usr/local/Caskroom/gcc-arm-embedded/7-2017-q4-major/gcc-arm-none-eabi-7-2017-q4-major/bin/../lib/gcc/arm-none-eabi/7.2.1/../../../../arm-none-eabi/lib/thumb/v7e-m/fpv4-sp/hard/libc.a(lib_a-isattyr.o)
 .debug_frame   0x00000000000013ec       0x2c /usr/local/Caskroom/gcc-arm-embedded/7-2017-q4-major/gcc-arm-none-eabi-7-2017-q4-major/bin/../lib/gcc/arm-none-eabi/7.2.1/../../../../arm-none-eabi/lib/thumb/v7e-m/fpv4-sp/hard/libc.a(lib_a-lseekr.o)
 .debug_frame   0x0000000000001418       0x2c /usr/local/Caskroom/gcc-arm-embedded/7-2017-q4-major/gcc-arm-none-eabi-7-2017-q4-major/bin/../lib/gcc/arm-none-eabi/7.2.1/../../../../arm-none-eabi/lib/thumb/v7e-m/fpv4-sp/hard/libc.a(lib_a-readr.o)
 .debug_frame   0x0000000000001444       0x68 /usr/local/Caskroom/gcc-arm-embedded/7-2017-q4-major/gcc-arm-none-eabi-7-2017-q4-major/bin/../lib/gcc/arm-none-eabi/7.2.1/../../../../arm-none-eabi/lib/thumb/v7e-m/fpv4-sp/hard/libc.a(lib_a-reent.o)
 .debug_frame   0x00000000000014ac       0x40 /usr/local/Caskroom/gcc-arm-embedded/7-2017-q4-major/gcc-arm-none-eabi-7-2017-q4-major/bin/../lib/gcc/arm-none-eabi/7.2.1/../../../../arm-none-eabi/lib/thumb/v7e-m/fpv4-sp/hard/libc.a(lib_a-wbuf.o)
 .debug_frame   0x00000000000014ec       0x64 /usr/local/Caskroom/gcc-arm-embedded/7-2017-q4-major/gcc-arm-none-eabi-7-2017-q4-major/bin/../lib/gcc/arm-none-eabi/7.2.1/../../../../arm-none-eabi/lib/thumb/v7e-m/fpv4-sp/hard/libc.a(lib_a-wcrtomb.o)
 .debug_frame   0x0000000000001550       0xac /usr/local/Caskroom/gcc-arm-embedded/7-2017-q4-major/gcc-arm-none-eabi-7-2017-q4-major/bin/../lib/gcc/arm-none-eabi/7.2.1/thumb/v7e-m/fpv4-sp/hard/libgcc.a(_arm_addsubdf3.o)
 .debug_frame   0x00000000000015fc       0x50 /usr/local/Caskroom/gcc-arm-embedded/7-2017-q4-major/gcc-arm-none-eabi-7-2017-q4-major/bin/../lib/gcc/arm-none-eabi/7.2.1/thumb/v7e-m/fpv4-sp/hard/libgcc.a(_arm_muldivdf3.o)
 .debug_frame   0x000000000000164c       0xc4 /usr/local/Caskroom/gcc-arm-embedded/7-2017-q4-major/gcc-arm-none-eabi-7-2017-q4-major/bin/../lib/gcc/arm-none-eabi/7.2.1/thumb/v7e-m/fpv4-sp/hard/libgcc.a(_arm_cmpdf2.o)
 .debug_frame   0x0000000000001710       0x20 /usr/local/Caskroom/gcc-arm-embedded/7-2017-q4-major/gcc-arm-none-eabi-7-2017-q4-major/bin/../lib/gcc/arm-none-eabi/7.2.1/thumb/v7e-m/fpv4-sp/hard/libgcc.a(_arm_unorddf2.o)
 .debug_frame   0x0000000000001730       0x24 /usr/local/Caskroom/gcc-arm-embedded/7-2017-q4-major/gcc-arm-none-eabi-7-2017-q4-major/bin/../lib/gcc/arm-none-eabi/7.2.1/thumb/v7e-m/fpv4-sp/hard/libgcc.a(_arm_fixdfsi.o)
 .debug_frame   0x0000000000001754       0x2c /usr/local/Caskroom/gcc-arm-embedded/7-2017-q4-major/gcc-arm-none-eabi-7-2017-q4-major/bin/../lib/gcc/arm-none-eabi/7.2.1/thumb/v7e-m/fpv4-sp/hard/libgcc.a(_aeabi_uldivmod.o)
 .debug_frame   0x0000000000001780       0x34 /usr/local/Caskroom/gcc-arm-embedded/7-2017-q4-major/gcc-arm-none-eabi-7-2017-q4-major/bin/../lib/gcc/arm-none-eabi/7.2.1/thumb/v7e-m/fpv4-sp/hard/libgcc.a(_udivmoddi4.o)