Archive member included to satisfy reference by file (symbol)

/Users/QaisKh-MacbookPro/Downloads/libopencm3-examples/libopencm3/lib/libopencm3_stm32f4.a(gpio_common_all.o)
                              blink.o (gpio_toggle)
/Users/QaisKh-MacbookPro/Downloads/libopencm3-examples/libopencm3/lib/libopencm3_stm32f4.a(gpio_common_f0234.o)
                              blink.o (gpio_mode_setup)
/Users/QaisKh-MacbookPro/Downloads/libopencm3-examples/libopencm3/lib/libopencm3_stm32f4.a(rcc_common_all.o)
                              blink.o (rcc_periph_clock_enable)
/Users/QaisKh-MacbookPro/Downloads/libopencm3-examples/libopencm3/lib/libopencm3_stm32f4.a(vector.o)
                              (reset_handler)

Discarded input sections

 .group         0x0000000000000000        0xc blink.o
 .group         0x0000000000000000        0xc blink.o
 .group         0x0000000000000000        0xc blink.o
 .group         0x0000000000000000        0xc blink.o
 .group         0x0000000000000000        0xc blink.o
 .group         0x0000000000000000        0xc blink.o
 .group         0x0000000000000000        0xc blink.o
 .group         0x0000000000000000        0xc blink.o
 .group         0x0000000000000000        0xc blink.o
 .group         0x0000000000000000        0xc blink.o
 .group         0x0000000000000000        0xc blink.o
 .group         0x0000000000000000        0xc blink.o
 .group         0x0000000000000000        0xc blink.o
 .group         0x0000000000000000        0xc blink.o
 .group         0x0000000000000000        0xc blink.o
 .text          0x0000000000000000        0x0 blink.o
 .data          0x0000000000000000        0x0 blink.o
 .bss           0x0000000000000000        0x0 blink.o
 .group         0x0000000000000000        0xc /Users/QaisKh-MacbookPro/Downloads/libopencm3-examples/libopencm3/lib/libopencm3_stm32f4.a(gpio_common_all.o)
 .group         0x0000000000000000        0xc /Users/QaisKh-MacbookPro/Downloads/libopencm3-examples/libopencm3/lib/libopencm3_stm32f4.a(gpio_common_all.o)
 .group         0x0000000000000000        0xc /Users/QaisKh-MacbookPro/Downloads/libopencm3-examples/libopencm3/lib/libopencm3_stm32f4.a(gpio_common_all.o)
 .group         0x0000000000000000        0xc /Users/QaisKh-MacbookPro/Downloads/libopencm3-examples/libopencm3/lib/libopencm3_stm32f4.a(gpio_common_all.o)
 .group         0x0000000000000000        0xc /Users/QaisKh-MacbookPro/Downloads/libopencm3-examples/libopencm3/lib/libopencm3_stm32f4.a(gpio_common_all.o)
 .group         0x0000000000000000        0xc /Users/QaisKh-MacbookPro/Downloads/libopencm3-examples/libopencm3/lib/libopencm3_stm32f4.a(gpio_common_all.o)
 .group         0x0000000000000000        0xc /Users/QaisKh-MacbookPro/Downloads/libopencm3-examples/libopencm3/lib/libopencm3_stm32f4.a(gpio_common_all.o)
 .group         0x0000000000000000        0xc /Users/QaisKh-MacbookPro/Downloads/libopencm3-examples/libopencm3/lib/libopencm3_stm32f4.a(gpio_common_all.o)
 .group         0x0000000000000000        0xc /Users/QaisKh-MacbookPro/Downloads/libopencm3-examples/libopencm3/lib/libopencm3_stm32f4.a(gpio_common_all.o)
 .group         0x0000000000000000        0xc /Users/QaisKh-MacbookPro/Downloads/libopencm3-examples/libopencm3/lib/libopencm3_stm32f4.a(gpio_common_all.o)
 .group         0x0000000000000000        0xc /Users/QaisKh-MacbookPro/Downloads/libopencm3-examples/libopencm3/lib/libopencm3_stm32f4.a(gpio_common_all.o)
 .group         0x0000000000000000        0xc /Users/QaisKh-MacbookPro/Downloads/libopencm3-examples/libopencm3/lib/libopencm3_stm32f4.a(gpio_common_all.o)
 .group         0x0000000000000000        0xc /Users/QaisKh-MacbookPro/Downloads/libopencm3-examples/libopencm3/lib/libopencm3_stm32f4.a(gpio_common_all.o)
 .group         0x0000000000000000        0xc /Users/QaisKh-MacbookPro/Downloads/libopencm3-examples/libopencm3/lib/libopencm3_stm32f4.a(gpio_common_all.o)
 .text          0x0000000000000000        0x0 /Users/QaisKh-MacbookPro/Downloads/libopencm3-examples/libopencm3/lib/libopencm3_stm32f4.a(gpio_common_all.o)
 .data          0x0000000000000000        0x0 /Users/QaisKh-MacbookPro/Downloads/libopencm3-examples/libopencm3/lib/libopencm3_stm32f4.a(gpio_common_all.o)
 .bss           0x0000000000000000        0x0 /Users/QaisKh-MacbookPro/Downloads/libopencm3-examples/libopencm3/lib/libopencm3_stm32f4.a(gpio_common_all.o)
 .text.gpio_set
                0x0000000000000000        0x4 /Users/QaisKh-MacbookPro/Downloads/libopencm3-examples/libopencm3/lib/libopencm3_stm32f4.a(gpio_common_all.o)
 .text.gpio_clear
                0x0000000000000000        0x6 /Users/QaisKh-MacbookPro/Downloads/libopencm3-examples/libopencm3/lib/libopencm3_stm32f4.a(gpio_common_all.o)
 .text.gpio_get
                0x0000000000000000        0x6 /Users/QaisKh-MacbookPro/Downloads/libopencm3-examples/libopencm3/lib/libopencm3_stm32f4.a(gpio_common_all.o)
 .text.gpio_port_read
                0x0000000000000000        0x6 /Users/QaisKh-MacbookPro/Downloads/libopencm3-examples/libopencm3/lib/libopencm3_stm32f4.a(gpio_common_all.o)
 .text.gpio_port_write
                0x0000000000000000        0x4 /Users/QaisKh-MacbookPro/Downloads/libopencm3-examples/libopencm3/lib/libopencm3_stm32f4.a(gpio_common_all.o)
 .text.gpio_port_config_lock
                0x0000000000000000       0x10 /Users/QaisKh-MacbookPro/Downloads/libopencm3-examples/libopencm3/lib/libopencm3_stm32f4.a(gpio_common_all.o)
 .debug_macro   0x0000000000000000      0xa4e /Users/QaisKh-MacbookPro/Downloads/libopencm3-examples/libopencm3/lib/libopencm3_stm32f4.a(gpio_common_all.o)
 .debug_macro   0x0000000000000000       0x22 /Users/QaisKh-MacbookPro/Downloads/libopencm3-examples/libopencm3/lib/libopencm3_stm32f4.a(gpio_common_all.o)
 .debug_macro   0x0000000000000000       0x4f /Users/QaisKh-MacbookPro/Downloads/libopencm3-examples/libopencm3/lib/libopencm3_stm32f4.a(gpio_common_all.o)
 .debug_macro   0x0000000000000000       0x51 /Users/QaisKh-MacbookPro/Downloads/libopencm3-examples/libopencm3/lib/libopencm3_stm32f4.a(gpio_common_all.o)
 .debug_macro   0x0000000000000000       0xef /Users/QaisKh-MacbookPro/Downloads/libopencm3-examples/libopencm3/lib/libopencm3_stm32f4.a(gpio_common_all.o)
 .debug_macro   0x0000000000000000       0x6a /Users/QaisKh-MacbookPro/Downloads/libopencm3-examples/libopencm3/lib/libopencm3_stm32f4.a(gpio_common_all.o)
 .debug_macro   0x0000000000000000      0x1df /Users/QaisKh-MacbookPro/Downloads/libopencm3-examples/libopencm3/lib/libopencm3_stm32f4.a(gpio_common_all.o)
 .debug_macro   0x0000000000000000       0x22 /Users/QaisKh-MacbookPro/Downloads/libopencm3-examples/libopencm3/lib/libopencm3_stm32f4.a(gpio_common_all.o)
 .debug_macro   0x0000000000000000       0xfa /Users/QaisKh-MacbookPro/Downloads/libopencm3-examples/libopencm3/lib/libopencm3_stm32f4.a(gpio_common_all.o)
 .debug_macro   0x0000000000000000       0x58 /Users/QaisKh-MacbookPro/Downloads/libopencm3-examples/libopencm3/lib/libopencm3_stm32f4.a(gpio_common_all.o)
 .debug_macro   0x0000000000000000      0x26d /Users/QaisKh-MacbookPro/Downloads/libopencm3-examples/libopencm3/lib/libopencm3_stm32f4.a(gpio_common_all.o)
 .debug_macro   0x0000000000000000       0x76 /Users/QaisKh-MacbookPro/Downloads/libopencm3-examples/libopencm3/lib/libopencm3_stm32f4.a(gpio_common_all.o)
 .debug_macro   0x0000000000000000      0x2e6 /Users/QaisKh-MacbookPro/Downloads/libopencm3-examples/libopencm3/lib/libopencm3_stm32f4.a(gpio_common_all.o)
 .debug_macro   0x0000000000000000      0x14e /Users/QaisKh-MacbookPro/Downloads/libopencm3-examples/libopencm3/lib/libopencm3_stm32f4.a(gpio_common_all.o)
 .group         0x0000000000000000        0xc /Users/QaisKh-MacbookPro/Downloads/libopencm3-examples/libopencm3/lib/libopencm3_stm32f4.a(gpio_common_f0234.o)
 .group         0x0000000000000000        0xc /Users/QaisKh-MacbookPro/Downloads/libopencm3-examples/libopencm3/lib/libopencm3_stm32f4.a(gpio_common_f0234.o)
 .group         0x0000000000000000        0xc /Users/QaisKh-MacbookPro/Downloads/libopencm3-examples/libopencm3/lib/libopencm3_stm32f4.a(gpio_common_f0234.o)
 .group         0x0000000000000000        0xc /Users/QaisKh-MacbookPro/Downloads/libopencm3-examples/libopencm3/lib/libopencm3_stm32f4.a(gpio_common_f0234.o)
 .group         0x0000000000000000        0xc /Users/QaisKh-MacbookPro/Downloads/libopencm3-examples/libopencm3/lib/libopencm3_stm32f4.a(gpio_common_f0234.o)
 .group         0x0000000000000000        0xc /Users/QaisKh-MacbookPro/Downloads/libopencm3-examples/libopencm3/lib/libopencm3_stm32f4.a(gpio_common_f0234.o)
 .group         0x0000000000000000        0xc /Users/QaisKh-MacbookPro/Downloads/libopencm3-examples/libopencm3/lib/libopencm3_stm32f4.a(gpio_common_f0234.o)
 .group         0x0000000000000000        0xc /Users/QaisKh-MacbookPro/Downloads/libopencm3-examples/libopencm3/lib/libopencm3_stm32f4.a(gpio_common_f0234.o)
 .group         0x0000000000000000        0xc /Users/QaisKh-MacbookPro/Downloads/libopencm3-examples/libopencm3/lib/libopencm3_stm32f4.a(gpio_common_f0234.o)
 .group         0x0000000000000000        0xc /Users/QaisKh-MacbookPro/Downloads/libopencm3-examples/libopencm3/lib/libopencm3_stm32f4.a(gpio_common_f0234.o)
 .group         0x0000000000000000        0xc /Users/QaisKh-MacbookPro/Downloads/libopencm3-examples/libopencm3/lib/libopencm3_stm32f4.a(gpio_common_f0234.o)
 .group         0x0000000000000000        0xc /Users/QaisKh-MacbookPro/Downloads/libopencm3-examples/libopencm3/lib/libopencm3_stm32f4.a(gpio_common_f0234.o)
 .group         0x0000000000000000        0xc /Users/QaisKh-MacbookPro/Downloads/libopencm3-examples/libopencm3/lib/libopencm3_stm32f4.a(gpio_common_f0234.o)
 .group         0x0000000000000000        0xc /Users/QaisKh-MacbookPro/Downloads/libopencm3-examples/libopencm3/lib/libopencm3_stm32f4.a(gpio_common_f0234.o)
 .text          0x0000000000000000        0x0 /Users/QaisKh-MacbookPro/Downloads/libopencm3-examples/libopencm3/lib/libopencm3_stm32f4.a(gpio_common_f0234.o)
 .data          0x0000000000000000        0x0 /Users/QaisKh-MacbookPro/Downloads/libopencm3-examples/libopencm3/lib/libopencm3_stm32f4.a(gpio_common_f0234.o)
 .bss           0x0000000000000000        0x0 /Users/QaisKh-MacbookPro/Downloads/libopencm3-examples/libopencm3/lib/libopencm3_stm32f4.a(gpio_common_f0234.o)
 .text.gpio_set_output_options
                0x0000000000000000       0x36 /Users/QaisKh-MacbookPro/Downloads/libopencm3-examples/libopencm3/lib/libopencm3_stm32f4.a(gpio_common_f0234.o)
 .text.gpio_set_af
                0x0000000000000000       0x58 /Users/QaisKh-MacbookPro/Downloads/libopencm3-examples/libopencm3/lib/libopencm3_stm32f4.a(gpio_common_f0234.o)
 .debug_macro   0x0000000000000000      0xa4e /Users/QaisKh-MacbookPro/Downloads/libopencm3-examples/libopencm3/lib/libopencm3_stm32f4.a(gpio_common_f0234.o)
 .debug_macro   0x0000000000000000       0x22 /Users/QaisKh-MacbookPro/Downloads/libopencm3-examples/libopencm3/lib/libopencm3_stm32f4.a(gpio_common_f0234.o)
 .debug_macro   0x0000000000000000       0x4f /Users/QaisKh-MacbookPro/Downloads/libopencm3-examples/libopencm3/lib/libopencm3_stm32f4.a(gpio_common_f0234.o)
 .debug_macro   0x0000000000000000       0x51 /Users/QaisKh-MacbookPro/Downloads/libopencm3-examples/libopencm3/lib/libopencm3_stm32f4.a(gpio_common_f0234.o)
 .debug_macro   0x0000000000000000       0xef /Users/QaisKh-MacbookPro/Downloads/libopencm3-examples/libopencm3/lib/libopencm3_stm32f4.a(gpio_common_f0234.o)
 .debug_macro   0x0000000000000000       0x6a /Users/QaisKh-MacbookPro/Downloads/libopencm3-examples/libopencm3/lib/libopencm3_stm32f4.a(gpio_common_f0234.o)
 .debug_macro   0x0000000000000000      0x1df /Users/QaisKh-MacbookPro/Downloads/libopencm3-examples/libopencm3/lib/libopencm3_stm32f4.a(gpio_common_f0234.o)
 .debug_macro   0x0000000000000000       0x22 /Users/QaisKh-MacbookPro/Downloads/libopencm3-examples/libopencm3/lib/libopencm3_stm32f4.a(gpio_common_f0234.o)
 .debug_macro   0x0000000000000000       0xfa /Users/QaisKh-MacbookPro/Downloads/libopencm3-examples/libopencm3/lib/libopencm3_stm32f4.a(gpio_common_f0234.o)
 .debug_macro   0x0000000000000000       0x58 /Users/QaisKh-MacbookPro/Downloads/libopencm3-examples/libopencm3/lib/libopencm3_stm32f4.a(gpio_common_f0234.o)
 .debug_macro   0x0000000000000000      0x26d /Users/QaisKh-MacbookPro/Downloads/libopencm3-examples/libopencm3/lib/libopencm3_stm32f4.a(gpio_common_f0234.o)
 .debug_macro   0x0000000000000000       0x76 /Users/QaisKh-MacbookPro/Downloads/libopencm3-examples/libopencm3/lib/libopencm3_stm32f4.a(gpio_common_f0234.o)
 .debug_macro   0x0000000000000000      0x2e6 /Users/QaisKh-MacbookPro/Downloads/libopencm3-examples/libopencm3/lib/libopencm3_stm32f4.a(gpio_common_f0234.o)
 .debug_macro   0x0000000000000000      0x14e /Users/QaisKh-MacbookPro/Downloads/libopencm3-examples/libopencm3/lib/libopencm3_stm32f4.a(gpio_common_f0234.o)
 .group         0x0000000000000000        0xc /Users/QaisKh-MacbookPro/Downloads/libopencm3-examples/libopencm3/lib/libopencm3_stm32f4.a(rcc_common_all.o)
 .group         0x0000000000000000        0xc /Users/QaisKh-MacbookPro/Downloads/libopencm3-examples/libopencm3/lib/libopencm3_stm32f4.a(rcc_common_all.o)
 .group         0x0000000000000000        0xc /Users/QaisKh-MacbookPro/Downloads/libopencm3-examples/libopencm3/lib/libopencm3_stm32f4.a(rcc_common_all.o)
 .group         0x0000000000000000        0xc /Users/QaisKh-MacbookPro/Downloads/libopencm3-examples/libopencm3/lib/libopencm3_stm32f4.a(rcc_common_all.o)
 .group         0x0000000000000000        0xc /Users/QaisKh-MacbookPro/Downloads/libopencm3-examples/libopencm3/lib/libopencm3_stm32f4.a(rcc_common_all.o)
 .group         0x0000000000000000        0xc /Users/QaisKh-MacbookPro/Downloads/libopencm3-examples/libopencm3/lib/libopencm3_stm32f4.a(rcc_common_all.o)
 .group         0x0000000000000000        0xc /Users/QaisKh-MacbookPro/Downloads/libopencm3-examples/libopencm3/lib/libopencm3_stm32f4.a(rcc_common_all.o)
 .group         0x0000000000000000        0xc /Users/QaisKh-MacbookPro/Downloads/libopencm3-examples/libopencm3/lib/libopencm3_stm32f4.a(rcc_common_all.o)
 .group         0x0000000000000000        0xc /Users/QaisKh-MacbookPro/Downloads/libopencm3-examples/libopencm3/lib/libopencm3_stm32f4.a(rcc_common_all.o)
 .group         0x0000000000000000        0xc /Users/QaisKh-MacbookPro/Downloads/libopencm3-examples/libopencm3/lib/libopencm3_stm32f4.a(rcc_common_all.o)
 .group         0x0000000000000000        0xc /Users/QaisKh-MacbookPro/Downloads/libopencm3-examples/libopencm3/lib/libopencm3_stm32f4.a(rcc_common_all.o)
 .group         0x0000000000000000        0xc /Users/QaisKh-MacbookPro/Downloads/libopencm3-examples/libopencm3/lib/libopencm3_stm32f4.a(rcc_common_all.o)
 .text          0x0000000000000000        0x0 /Users/QaisKh-MacbookPro/Downloads/libopencm3-examples/libopencm3/lib/libopencm3_stm32f4.a(rcc_common_all.o)
 .data          0x0000000000000000        0x0 /Users/QaisKh-MacbookPro/Downloads/libopencm3-examples/libopencm3/lib/libopencm3_stm32f4.a(rcc_common_all.o)
 .bss           0x0000000000000000        0x0 /Users/QaisKh-MacbookPro/Downloads/libopencm3-examples/libopencm3/lib/libopencm3_stm32f4.a(rcc_common_all.o)
 .text.rcc_peripheral_enable_clock
                0x0000000000000000        0x8 /Users/QaisKh-MacbookPro/Downloads/libopencm3-examples/libopencm3/lib/libopencm3_stm32f4.a(rcc_common_all.o)
 .text.rcc_peripheral_disable_clock
                0x0000000000000000        0xa /Users/QaisKh-MacbookPro/Downloads/libopencm3-examples/libopencm3/lib/libopencm3_stm32f4.a(rcc_common_all.o)
 .text.rcc_peripheral_reset
                0x0000000000000000        0x8 /Users/QaisKh-MacbookPro/Downloads/libopencm3-examples/libopencm3/lib/libopencm3_stm32f4.a(rcc_common_all.o)
 .text.rcc_peripheral_clear_reset
                0x0000000000000000        0xa /Users/QaisKh-MacbookPro/Downloads/libopencm3-examples/libopencm3/lib/libopencm3_stm32f4.a(rcc_common_all.o)
 .text.rcc_periph_clock_disable
                0x0000000000000000       0x1e /Users/QaisKh-MacbookPro/Downloads/libopencm3-examples/libopencm3/lib/libopencm3_stm32f4.a(rcc_common_all.o)
 .text.rcc_periph_reset_pulse
                0x0000000000000000       0x22 /Users/QaisKh-MacbookPro/Downloads/libopencm3-examples/libopencm3/lib/libopencm3_stm32f4.a(rcc_common_all.o)
 .text.rcc_periph_reset_hold
                0x0000000000000000       0x1a /Users/QaisKh-MacbookPro/Downloads/libopencm3-examples/libopencm3/lib/libopencm3_stm32f4.a(rcc_common_all.o)
 .text.rcc_periph_reset_release
                0x0000000000000000       0x1e /Users/QaisKh-MacbookPro/Downloads/libopencm3-examples/libopencm3/lib/libopencm3_stm32f4.a(rcc_common_all.o)
 .text.rcc_set_mco
                0x0000000000000000       0x14 /Users/QaisKh-MacbookPro/Downloads/libopencm3-examples/libopencm3/lib/libopencm3_stm32f4.a(rcc_common_all.o)
 .text.rcc_osc_bypass_enable
                0x0000000000000000       0x28 /Users/QaisKh-MacbookPro/Downloads/libopencm3-examples/libopencm3/lib/libopencm3_stm32f4.a(rcc_common_all.o)
 .text.rcc_osc_bypass_disable
                0x0000000000000000       0x28 /Users/QaisKh-MacbookPro/Downloads/libopencm3-examples/libopencm3/lib/libopencm3_stm32f4.a(rcc_common_all.o)
 .debug_macro   0x0000000000000000      0xa4e /Users/QaisKh-MacbookPro/Downloads/libopencm3-examples/libopencm3/lib/libopencm3_stm32f4.a(rcc_common_all.o)
 .debug_macro   0x0000000000000000       0x22 /Users/QaisKh-MacbookPro/Downloads/libopencm3-examples/libopencm3/lib/libopencm3_stm32f4.a(rcc_common_all.o)
 .debug_macro   0x0000000000000000       0x4f /Users/QaisKh-MacbookPro/Downloads/libopencm3-examples/libopencm3/lib/libopencm3_stm32f4.a(rcc_common_all.o)
 .debug_macro   0x0000000000000000       0x51 /Users/QaisKh-MacbookPro/Downloads/libopencm3-examples/libopencm3/lib/libopencm3_stm32f4.a(rcc_common_all.o)
 .debug_macro   0x0000000000000000       0xef /Users/QaisKh-MacbookPro/Downloads/libopencm3-examples/libopencm3/lib/libopencm3_stm32f4.a(rcc_common_all.o)
 .debug_macro   0x0000000000000000       0x6a /Users/QaisKh-MacbookPro/Downloads/libopencm3-examples/libopencm3/lib/libopencm3_stm32f4.a(rcc_common_all.o)
 .debug_macro   0x0000000000000000      0x1df /Users/QaisKh-MacbookPro/Downloads/libopencm3-examples/libopencm3/lib/libopencm3_stm32f4.a(rcc_common_all.o)
 .debug_macro   0x0000000000000000       0x22 /Users/QaisKh-MacbookPro/Downloads/libopencm3-examples/libopencm3/lib/libopencm3_stm32f4.a(rcc_common_all.o)
 .debug_macro   0x0000000000000000       0xfa /Users/QaisKh-MacbookPro/Downloads/libopencm3-examples/libopencm3/lib/libopencm3_stm32f4.a(rcc_common_all.o)
 .debug_macro   0x0000000000000000       0x58 /Users/QaisKh-MacbookPro/Downloads/libopencm3-examples/libopencm3/lib/libopencm3_stm32f4.a(rcc_common_all.o)
 .debug_macro   0x0000000000000000      0x26d /Users/QaisKh-MacbookPro/Downloads/libopencm3-examples/libopencm3/lib/libopencm3_stm32f4.a(rcc_common_all.o)
 .debug_macro   0x0000000000000000      0xc7e /Users/QaisKh-MacbookPro/Downloads/libopencm3-examples/libopencm3/lib/libopencm3_stm32f4.a(rcc_common_all.o)
 .group         0x0000000000000000        0xc /Users/QaisKh-MacbookPro/Downloads/libopencm3-examples/libopencm3/lib/libopencm3_stm32f4.a(vector.o)
 .group         0x0000000000000000        0xc /Users/QaisKh-MacbookPro/Downloads/libopencm3-examples/libopencm3/lib/libopencm3_stm32f4.a(vector.o)
 .group         0x0000000000000000        0xc /Users/QaisKh-MacbookPro/Downloads/libopencm3-examples/libopencm3/lib/libopencm3_stm32f4.a(vector.o)
 .group         0x0000000000000000        0xc /Users/QaisKh-MacbookPro/Downloads/libopencm3-examples/libopencm3/lib/libopencm3_stm32f4.a(vector.o)
 .group         0x0000000000000000        0xc /Users/QaisKh-MacbookPro/Downloads/libopencm3-examples/libopencm3/lib/libopencm3_stm32f4.a(vector.o)
 .group         0x0000000000000000        0xc /Users/QaisKh-MacbookPro/Downloads/libopencm3-examples/libopencm3/lib/libopencm3_stm32f4.a(vector.o)
 .group         0x0000000000000000        0xc /Users/QaisKh-MacbookPro/Downloads/libopencm3-examples/libopencm3/lib/libopencm3_stm32f4.a(vector.o)
 .group         0x0000000000000000        0xc /Users/QaisKh-MacbookPro/Downloads/libopencm3-examples/libopencm3/lib/libopencm3_stm32f4.a(vector.o)
 .group         0x0000000000000000        0xc /Users/QaisKh-MacbookPro/Downloads/libopencm3-examples/libopencm3/lib/libopencm3_stm32f4.a(vector.o)
 .group         0x0000000000000000        0xc /Users/QaisKh-MacbookPro/Downloads/libopencm3-examples/libopencm3/lib/libopencm3_stm32f4.a(vector.o)
 .group         0x0000000000000000        0xc /Users/QaisKh-MacbookPro/Downloads/libopencm3-examples/libopencm3/lib/libopencm3_stm32f4.a(vector.o)
 .group         0x0000000000000000        0xc /Users/QaisKh-MacbookPro/Downloads/libopencm3-examples/libopencm3/lib/libopencm3_stm32f4.a(vector.o)
 .group         0x0000000000000000        0xc /Users/QaisKh-MacbookPro/Downloads/libopencm3-examples/libopencm3/lib/libopencm3_stm32f4.a(vector.o)
 .text          0x0000000000000000        0x0 /Users/QaisKh-MacbookPro/Downloads/libopencm3-examples/libopencm3/lib/libopencm3_stm32f4.a(vector.o)
 .data          0x0000000000000000        0x0 /Users/QaisKh-MacbookPro/Downloads/libopencm3-examples/libopencm3/lib/libopencm3_stm32f4.a(vector.o)
 .bss           0x0000000000000000        0x0 /Users/QaisKh-MacbookPro/Downloads/libopencm3-examples/libopencm3/lib/libopencm3_stm32f4.a(vector.o)
 .debug_macro   0x0000000000000000      0xa4e /Users/QaisKh-MacbookPro/Downloads/libopencm3-examples/libopencm3/lib/libopencm3_stm32f4.a(vector.o)
 .debug_macro   0x0000000000000000       0x58 /Users/QaisKh-MacbookPro/Downloads/libopencm3-examples/libopencm3/lib/libopencm3_stm32f4.a(vector.o)
 .debug_macro   0x0000000000000000       0x22 /Users/QaisKh-MacbookPro/Downloads/libopencm3-examples/libopencm3/lib/libopencm3_stm32f4.a(vector.o)
 .debug_macro   0x0000000000000000       0x4f /Users/QaisKh-MacbookPro/Downloads/libopencm3-examples/libopencm3/lib/libopencm3_stm32f4.a(vector.o)
 .debug_macro   0x0000000000000000       0x51 /Users/QaisKh-MacbookPro/Downloads/libopencm3-examples/libopencm3/lib/libopencm3_stm32f4.a(vector.o)
 .debug_macro   0x0000000000000000       0xef /Users/QaisKh-MacbookPro/Downloads/libopencm3-examples/libopencm3/lib/libopencm3_stm32f4.a(vector.o)
 .debug_macro   0x0000000000000000       0x6a /Users/QaisKh-MacbookPro/Downloads/libopencm3-examples/libopencm3/lib/libopencm3_stm32f4.a(vector.o)
 .debug_macro   0x0000000000000000      0x1df /Users/QaisKh-MacbookPro/Downloads/libopencm3-examples/libopencm3/lib/libopencm3_stm32f4.a(vector.o)
 .debug_macro   0x0000000000000000       0x22 /Users/QaisKh-MacbookPro/Downloads/libopencm3-examples/libopencm3/lib/libopencm3_stm32f4.a(vector.o)
 .debug_macro   0x0000000000000000       0xfa /Users/QaisKh-MacbookPro/Downloads/libopencm3-examples/libopencm3/lib/libopencm3_stm32f4.a(vector.o)

Memory Configuration

Name             Origin             Length             Attributes
rom              0x0000000008000000 0x0000000000080000 xr
ram              0x0000000020000000 0x0000000000018000 xrw
*default*        0x0000000000000000 0xffffffffffffffff

Linker script and memory map

LOAD blink.o
LOAD /Users/QaisKh-MacbookPro/Downloads/libopencm3-examples/libopencm3/lib/libopencm3_stm32f4.a
START GROUP
LOAD /usr/local/Caskroom/gcc-arm-embedded/7-2017-q4-major/gcc-arm-none-eabi-7-2017-q4-major/bin/../lib/gcc/arm-none-eabi/7.2.1/../../../../arm-none-eabi/lib/thumb/v7e-m/fpv4-sp/hard/libc.a
LOAD /usr/local/Caskroom/gcc-arm-embedded/7-2017-q4-major/gcc-arm-none-eabi-7-2017-q4-major/bin/../lib/gcc/arm-none-eabi/7.2.1/thumb/v7e-m/fpv4-sp/hard/libgcc.a
LOAD /usr/local/Caskroom/gcc-arm-embedded/7-2017-q4-major/gcc-arm-none-eabi-7-2017-q4-major/bin/../lib/gcc/arm-none-eabi/7.2.1/../../../../arm-none-eabi/lib/thumb/v7e-m/fpv4-sp/hard/libnosys.a
END GROUP
START GROUP
LOAD /usr/local/Caskroom/gcc-arm-embedded/7-2017-q4-major/gcc-arm-none-eabi-7-2017-q4-major/bin/../lib/gcc/arm-none-eabi/7.2.1/thumb/v7e-m/fpv4-sp/hard/libgcc.a
LOAD /usr/local/Caskroom/gcc-arm-embedded/7-2017-q4-major/gcc-arm-none-eabi-7-2017-q4-major/bin/../lib/gcc/arm-none-eabi/7.2.1/../../../../arm-none-eabi/lib/thumb/v7e-m/fpv4-sp/hard/libg.a
LOAD /usr/local/Caskroom/gcc-arm-embedded/7-2017-q4-major/gcc-arm-none-eabi-7-2017-q4-major/bin/../lib/gcc/arm-none-eabi/7.2.1/../../../../arm-none-eabi/lib/thumb/v7e-m/fpv4-sp/hard/libc.a
END GROUP

.text           0x0000000008000000      0x2ec
 *(.vectors)
 .vectors       0x0000000008000000      0x1ac /Users/QaisKh-MacbookPro/Downloads/libopencm3-examples/libopencm3/lib/libopencm3_stm32f4.a(vector.o)
                0x0000000008000000                vector_table
 *(.text*)
 .text.startup.main
                0x00000000080001ac       0x34 blink.o
                0x00000000080001ac                main
 .text.gpio_toggle
                0x00000000080001e0       0x12 /Users/QaisKh-MacbookPro/Downloads/libopencm3-examples/libopencm3/lib/libopencm3_stm32f4.a(gpio_common_all.o)
                0x00000000080001e0                gpio_toggle
 .text.gpio_mode_setup
                0x00000000080001f2       0x44 /Users/QaisKh-MacbookPro/Downloads/libopencm3-examples/libopencm3/lib/libopencm3_stm32f4.a(gpio_common_f0234.o)
                0x00000000080001f2                gpio_mode_setup
 .text.rcc_periph_clock_enable
                0x0000000008000236       0x1a /Users/QaisKh-MacbookPro/Downloads/libopencm3-examples/libopencm3/lib/libopencm3_stm32f4.a(rcc_common_all.o)
                0x0000000008000236                rcc_periph_clock_enable
 .text.blocking_handler
                0x0000000008000250        0x2 /Users/QaisKh-MacbookPro/Downloads/libopencm3-examples/libopencm3/lib/libopencm3_stm32f4.a(vector.o)
                0x0000000008000250                exti0_isr
                0x0000000008000250                tim8_brk_tim12_isr
                0x0000000008000250                dma1_stream7_isr
                0x0000000008000250                usart3_isr
                0x0000000008000250                tim7_isr
                0x0000000008000250                dma2d_isr
                0x0000000008000250                uart8_isr
                0x0000000008000250                dma1_stream2_isr
                0x0000000008000250                otg_hs_isr
                0x0000000008000250                blocking_handler
                0x0000000008000250                tim5_isr
                0x0000000008000250                rtc_wkup_isr
                0x0000000008000250                otg_fs_isr
                0x0000000008000250                spi1_isr
                0x0000000008000250                i2c3_er_isr
                0x0000000008000250                exti2_isr
                0x0000000008000250                spi5_isr
                0x0000000008000250                usb_fs_wkup_isr
                0x0000000008000250                tamp_stamp_isr
                0x0000000008000250                can1_rx1_isr
                0x0000000008000250                dma2_stream0_isr
                0x0000000008000250                usart1_isr
                0x0000000008000250                i2c3_ev_isr
                0x0000000008000250                usage_fault_handler
                0x0000000008000250                can2_rx0_isr
                0x0000000008000250                dma1_stream6_isr
                0x0000000008000250                can2_rx1_isr
                0x0000000008000250                can1_sce_isr
                0x0000000008000250                tim1_cc_isr
                0x0000000008000250                can1_tx_isr
                0x0000000008000250                tim1_up_tim10_isr
                0x0000000008000250                sdio_isr
                0x0000000008000250                eth_isr
                0x0000000008000250                spi6_isr
                0x0000000008000250                dma2_stream5_isr
                0x0000000008000250                pvd_isr
                0x0000000008000250                can1_rx0_isr
                0x0000000008000250                rcc_isr
                0x0000000008000250                dma2_stream3_isr
                0x0000000008000250                flash_isr
                0x0000000008000250                uart4_isr
                0x0000000008000250                lcd_tft_isr
                0x0000000008000250                rtc_alarm_isr
                0x0000000008000250                exti15_10_isr
                0x0000000008000250                hash_rng_isr
                0x0000000008000250                tim1_trg_com_tim11_isr
                0x0000000008000250                hard_fault_handler
                0x0000000008000250                exti1_isr
                0x0000000008000250                i2c1_ev_isr
                0x0000000008000250                usart6_isr
                0x0000000008000250                spi2_isr
                0x0000000008000250                cryp_isr
                0x0000000008000250                nvic_wwdg_isr
                0x0000000008000250                dma1_stream1_isr
                0x0000000008000250                dma2_stream4_isr
                0x0000000008000250                exti3_isr
                0x0000000008000250                tim3_isr
                0x0000000008000250                usart2_isr
                0x0000000008000250                sai1_isr
                0x0000000008000250                fpu_isr
                0x0000000008000250                dma1_stream4_isr
                0x0000000008000250                i2c2_er_isr
                0x0000000008000250                i2c2_ev_isr
                0x0000000008000250                uart5_isr
                0x0000000008000250                dma2_stream6_isr
                0x0000000008000250                spi4_isr
                0x0000000008000250                adc_isr
                0x0000000008000250                dma2_stream7_isr
                0x0000000008000250                tim8_up_tim13_isr
                0x0000000008000250                fsmc_isr
                0x0000000008000250                exti4_isr
                0x0000000008000250                tim6_dac_isr
                0x0000000008000250                dma1_stream3_isr
                0x0000000008000250                tim8_trg_com_tim14_isr
                0x0000000008000250                mem_manage_handler
                0x0000000008000250                lcd_tft_err_isr
                0x0000000008000250                can2_tx_isr
                0x0000000008000250                exti9_5_isr
                0x0000000008000250                tim1_brk_tim9_isr
                0x0000000008000250                uart7_isr
                0x0000000008000250                can2_sce_isr
                0x0000000008000250                tim4_isr
                0x0000000008000250                otg_hs_wkup_isr
                0x0000000008000250                i2c1_er_isr
                0x0000000008000250                dma1_stream0_isr
                0x0000000008000250                tim8_cc_isr
                0x0000000008000250                dcmi_isr
                0x0000000008000250                dma2_stream2_isr
                0x0000000008000250                eth_wkup_isr
                0x0000000008000250                bus_fault_handler
                0x0000000008000250                otg_hs_ep1_out_isr
                0x0000000008000250                spi3_isr
                0x0000000008000250                dma1_stream5_isr
                0x0000000008000250                otg_hs_ep1_in_isr
                0x0000000008000250                tim2_isr
                0x0000000008000250                dma2_stream1_isr
 .text.null_handler
                0x0000000008000252        0x2 /Users/QaisKh-MacbookPro/Downloads/libopencm3-examples/libopencm3/lib/libopencm3_stm32f4.a(vector.o)
                0x0000000008000252                null_handler
                0x0000000008000252                sv_call_handler
                0x0000000008000252                pend_sv_handler
                0x0000000008000252                debug_monitor_handler
                0x0000000008000252                sys_tick_handler
                0x0000000008000252                nmi_handler
 .text.reset_handler
                0x0000000008000254       0x98 /Users/QaisKh-MacbookPro/Downloads/libopencm3-examples/libopencm3/lib/libopencm3_stm32f4.a(vector.o)
                0x0000000008000254                reset_handler
                0x00000000080002ec                . = ALIGN (0x4)
 *(.rodata*)
                0x00000000080002ec                . = ALIGN (0x4)

.glue_7         0x00000000080002ec        0x0
 .glue_7        0x00000000080002ec        0x0 linker stubs

.glue_7t        0x00000000080002ec        0x0
 .glue_7t       0x00000000080002ec        0x0 linker stubs

.vfp11_veneer   0x00000000080002ec        0x0
 .vfp11_veneer  0x00000000080002ec        0x0 linker stubs

.v4_bx          0x00000000080002ec        0x0
 .v4_bx         0x00000000080002ec        0x0 linker stubs

.iplt           0x00000000080002ec        0x0
 .iplt          0x00000000080002ec        0x0 blink.o

.rel.dyn        0x00000000080002ec        0x0
 .rel.iplt      0x00000000080002ec        0x0 blink.o

.preinit_array  0x00000000080002ec        0x0
                0x00000000080002ec                . = ALIGN (0x4)
                0x00000000080002ec                __preinit_array_start = .
 *(.preinit_array)
                0x00000000080002ec                __preinit_array_end = .

.init_array     0x00000000080002ec        0x0
                0x00000000080002ec                . = ALIGN (0x4)
                0x00000000080002ec                __init_array_start = .
 *(SORT_BY_NAME(.init_array.*))
 *(.init_array)
                0x00000000080002ec                __init_array_end = .

.fini_array     0x00000000080002ec        0x0
                0x00000000080002ec                . = ALIGN (0x4)
                0x00000000080002ec                __fini_array_start = .
 *(.fini_array)
 *(SORT_BY_NAME(.fini_array.*))
                0x00000000080002ec                __fini_array_end = .

.ARM.extab
 *(.ARM.extab*)

.ARM.exidx      0x00000000080002ec        0x0
                0x00000000080002ec                __exidx_start = .
 *(.ARM.exidx*)
                0x00000000080002ec                __exidx_end = .
                0x00000000080002ec                . = ALIGN (0x4)
                0x00000000080002ec                _etext = .

.data           0x0000000020000000        0x0 load address 0x00000000080002ec
                0x0000000020000000                _data = .
 *(.data*)
                0x0000000020000000                . = ALIGN (0x4)
                0x0000000020000000                _edata = .
                0x00000000080002ec                _data_loadaddr = LOADADDR (.data)

.igot.plt       0x0000000020000000        0x0 load address 0x00000000080002ec
 .igot.plt      0x0000000020000000        0x0 blink.o

.bss            0x0000000020000000        0x0 load address 0x00000000080002ec
 *(.bss*)
 *(COMMON)
                0x0000000020000000                . = ALIGN (0x4)
                0x0000000020000000                _ebss = .

/DISCARD/
 *(.eh_frame)
                0x0000000020000000                . = ALIGN (0x4)
                0x0000000020000000                end = .
                0x0000000020018000                PROVIDE (_stack, (ORIGIN (ram) + LENGTH (ram)))
OUTPUT(blink.elf elf32-littlearm)

.debug_info     0x0000000000000000     0x17de
 .debug_info    0x0000000000000000      0x6d0 blink.o
 .debug_info    0x00000000000006d0      0x22c /Users/QaisKh-MacbookPro/Downloads/libopencm3-examples/libopencm3/lib/libopencm3_stm32f4.a(gpio_common_all.o)
 .debug_info    0x00000000000008fc      0x1eb /Users/QaisKh-MacbookPro/Downloads/libopencm3-examples/libopencm3/lib/libopencm3_stm32f4.a(gpio_common_f0234.o)
 .debug_info    0x0000000000000ae7      0xa40 /Users/QaisKh-MacbookPro/Downloads/libopencm3-examples/libopencm3/lib/libopencm3_stm32f4.a(rcc_common_all.o)
 .debug_info    0x0000000000001527      0x2b7 /Users/QaisKh-MacbookPro/Downloads/libopencm3-examples/libopencm3/lib/libopencm3_stm32f4.a(vector.o)

.debug_abbrev   0x0000000000000000      0x580
 .debug_abbrev  0x0000000000000000      0x12f blink.o
 .debug_abbrev  0x000000000000012f       0xf4 /Users/QaisKh-MacbookPro/Downloads/libopencm3-examples/libopencm3/lib/libopencm3_stm32f4.a(gpio_common_all.o)
 .debug_abbrev  0x0000000000000223       0xb7 /Users/QaisKh-MacbookPro/Downloads/libopencm3-examples/libopencm3/lib/libopencm3_stm32f4.a(gpio_common_f0234.o)
 .debug_abbrev  0x00000000000002da      0x170 /Users/QaisKh-MacbookPro/Downloads/libopencm3-examples/libopencm3/lib/libopencm3_stm32f4.a(rcc_common_all.o)
 .debug_abbrev  0x000000000000044a      0x136 /Users/QaisKh-MacbookPro/Downloads/libopencm3-examples/libopencm3/lib/libopencm3_stm32f4.a(vector.o)

.debug_loc      0x0000000000000000      0x3b1
 .debug_loc     0x0000000000000000       0x4d blink.o
 .debug_loc     0x000000000000004d       0x97 /Users/QaisKh-MacbookPro/Downloads/libopencm3-examples/libopencm3/lib/libopencm3_stm32f4.a(gpio_common_all.o)
 .debug_loc     0x00000000000000e4       0xdb /Users/QaisKh-MacbookPro/Downloads/libopencm3-examples/libopencm3/lib/libopencm3_stm32f4.a(gpio_common_f0234.o)
 .debug_loc     0x00000000000001bf      0x108 /Users/QaisKh-MacbookPro/Downloads/libopencm3-examples/libopencm3/lib/libopencm3_stm32f4.a(rcc_common_all.o)
 .debug_loc     0x00000000000002c7       0xea /Users/QaisKh-MacbookPro/Downloads/libopencm3-examples/libopencm3/lib/libopencm3_stm32f4.a(vector.o)

.debug_aranges  0x0000000000000000      0x138
 .debug_aranges
                0x0000000000000000       0x20 blink.o
 .debug_aranges
                0x0000000000000020       0x50 /Users/QaisKh-MacbookPro/Downloads/libopencm3-examples/libopencm3/lib/libopencm3_stm32f4.a(gpio_common_all.o)
 .debug_aranges
                0x0000000000000070       0x30 /Users/QaisKh-MacbookPro/Downloads/libopencm3-examples/libopencm3/lib/libopencm3_stm32f4.a(gpio_common_f0234.o)
 .debug_aranges
                0x00000000000000a0       0x68 /Users/QaisKh-MacbookPro/Downloads/libopencm3-examples/libopencm3/lib/libopencm3_stm32f4.a(rcc_common_all.o)
 .debug_aranges
                0x0000000000000108       0x30 /Users/QaisKh-MacbookPro/Downloads/libopencm3-examples/libopencm3/lib/libopencm3_stm32f4.a(vector.o)

.debug_ranges   0x0000000000000000      0x100
 .debug_ranges  0x0000000000000000       0x28 blink.o
 .debug_ranges  0x0000000000000028       0x40 /Users/QaisKh-MacbookPro/Downloads/libopencm3-examples/libopencm3/lib/libopencm3_stm32f4.a(gpio_common_all.o)
 .debug_ranges  0x0000000000000068       0x20 /Users/QaisKh-MacbookPro/Downloads/libopencm3-examples/libopencm3/lib/libopencm3_stm32f4.a(gpio_common_f0234.o)
 .debug_ranges  0x0000000000000088       0x58 /Users/QaisKh-MacbookPro/Downloads/libopencm3-examples/libopencm3/lib/libopencm3_stm32f4.a(rcc_common_all.o)
 .debug_ranges  0x00000000000000e0       0x20 /Users/QaisKh-MacbookPro/Downloads/libopencm3-examples/libopencm3/lib/libopencm3_stm32f4.a(vector.o)

.debug_macro    0x0000000000000000     0x2db9
 .debug_macro   0x0000000000000000       0xea blink.o
 .debug_macro   0x00000000000000ea      0xa4e blink.o
 .debug_macro   0x0000000000000b38       0x22 blink.o
 .debug_macro   0x0000000000000b5a       0x4f blink.o
 .debug_macro   0x0000000000000ba9       0x51 blink.o
 .debug_macro   0x0000000000000bfa       0xef blink.o
 .debug_macro   0x0000000000000ce9       0x6a blink.o
 .debug_macro   0x0000000000000d53      0x1df blink.o
 .debug_macro   0x0000000000000f32       0x22 blink.o
 .debug_macro   0x0000000000000f54       0xfa blink.o
 .debug_macro   0x000000000000104e       0x58 blink.o
 .debug_macro   0x00000000000010a6      0x26d blink.o
 .debug_macro   0x0000000000001313      0xc7e blink.o
 .debug_macro   0x0000000000001f91       0x76 blink.o
 .debug_macro   0x0000000000002007      0x2e6 blink.o
 .debug_macro   0x00000000000022ed      0x14e blink.o
 .debug_macro   0x000000000000243b       0xd2 /Users/QaisKh-MacbookPro/Downloads/libopencm3-examples/libopencm3/lib/libopencm3_stm32f4.a(gpio_common_all.o)
 .debug_macro   0x000000000000250d       0xd2 /Users/QaisKh-MacbookPro/Downloads/libopencm3-examples/libopencm3/lib/libopencm3_stm32f4.a(gpio_common_f0234.o)
 .debug_macro   0x00000000000025df       0xcf /Users/QaisKh-MacbookPro/Downloads/libopencm3-examples/libopencm3/lib/libopencm3_stm32f4.a(rcc_common_all.o)
 .debug_macro   0x00000000000026ae       0xd4 /Users/QaisKh-MacbookPro/Downloads/libopencm3-examples/libopencm3/lib/libopencm3_stm32f4.a(vector.o)
 .debug_macro   0x0000000000002782      0x3a1 /Users/QaisKh-MacbookPro/Downloads/libopencm3-examples/libopencm3/lib/libopencm3_stm32f4.a(vector.o)
 .debug_macro   0x0000000000002b23       0x6a /Users/QaisKh-MacbookPro/Downloads/libopencm3-examples/libopencm3/lib/libopencm3_stm32f4.a(vector.o)
 .debug_macro   0x0000000000002b8d      0x22c /Users/QaisKh-MacbookPro/Downloads/libopencm3-examples/libopencm3/lib/libopencm3_stm32f4.a(vector.o)

.debug_line     0x0000000000000000     0x1542
 .debug_line    0x0000000000000000      0x4b9 blink.o
 .debug_line    0x00000000000004b9      0x422 /Users/QaisKh-MacbookPro/Downloads/libopencm3-examples/libopencm3/lib/libopencm3_stm32f4.a(gpio_common_all.o)
 .debug_line    0x00000000000008db      0x412 /Users/QaisKh-MacbookPro/Downloads/libopencm3-examples/libopencm3/lib/libopencm3_stm32f4.a(gpio_common_f0234.o)
 .debug_line    0x0000000000000ced      0x42b /Users/QaisKh-MacbookPro/Downloads/libopencm3-examples/libopencm3/lib/libopencm3_stm32f4.a(rcc_common_all.o)
 .debug_line    0x0000000000001118      0x42a /Users/QaisKh-MacbookPro/Downloads/libopencm3-examples/libopencm3/lib/libopencm3_stm32f4.a(vector.o)

.debug_str      0x0000000000000000     0xd235
 .debug_str     0x0000000000000000     0xa179 blink.o
                                       0xa31f (size before relaxing)
 .debug_str     0x000000000000a179      0x19a /Users/QaisKh-MacbookPro/Downloads/libopencm3-examples/libopencm3/lib/libopencm3_stm32f4.a(gpio_common_all.o)
                                       0x6490 (size before relaxing)
 .debug_str     0x000000000000a313       0x8a /Users/QaisKh-MacbookPro/Downloads/libopencm3-examples/libopencm3/lib/libopencm3_stm32f4.a(gpio_common_f0234.o)
                                       0x64b2 (size before relaxing)
 .debug_str     0x000000000000a39d      0x44e /Users/QaisKh-MacbookPro/Downloads/libopencm3-examples/libopencm3/lib/libopencm3_stm32f4.a(rcc_common_all.o)
                                       0x93ad (size before relaxing)
 .debug_str     0x000000000000a7eb     0x2a4a /Users/QaisKh-MacbookPro/Downloads/libopencm3-examples/libopencm3/lib/libopencm3_stm32f4.a(vector.o)
                                       0x6af2 (size before relaxing)

.comment        0x0000000000000000       0x7e
 .comment       0x0000000000000000       0x7e blink.o
                                         0x7f (size before relaxing)
 .comment       0x000000000000007e       0x7f /Users/QaisKh-MacbookPro/Downloads/libopencm3-examples/libopencm3/lib/libopencm3_stm32f4.a(gpio_common_all.o)
 .comment       0x000000000000007e       0x7f /Users/QaisKh-MacbookPro/Downloads/libopencm3-examples/libopencm3/lib/libopencm3_stm32f4.a(gpio_common_f0234.o)
 .comment       0x000000000000007e       0x7f /Users/QaisKh-MacbookPro/Downloads/libopencm3-examples/libopencm3/lib/libopencm3_stm32f4.a(rcc_common_all.o)
 .comment       0x000000000000007e       0x7f /Users/QaisKh-MacbookPro/Downloads/libopencm3-examples/libopencm3/lib/libopencm3_stm32f4.a(vector.o)

.ARM.attributes
                0x0000000000000000       0x39
 .ARM.attributes
                0x0000000000000000       0x39 blink.o
 .ARM.attributes
                0x0000000000000039       0x39 /Users/QaisKh-MacbookPro/Downloads/libopencm3-examples/libopencm3/lib/libopencm3_stm32f4.a(gpio_common_all.o)
 .ARM.attributes
                0x0000000000000072       0x39 /Users/QaisKh-MacbookPro/Downloads/libopencm3-examples/libopencm3/lib/libopencm3_stm32f4.a(gpio_common_f0234.o)
 .ARM.attributes
                0x00000000000000ab       0x39 /Users/QaisKh-MacbookPro/Downloads/libopencm3-examples/libopencm3/lib/libopencm3_stm32f4.a(rcc_common_all.o)
 .ARM.attributes
                0x00000000000000e4       0x39 /Users/QaisKh-MacbookPro/Downloads/libopencm3-examples/libopencm3/lib/libopencm3_stm32f4.a(vector.o)

.debug_frame    0x0000000000000000      0x228
 .debug_frame   0x0000000000000000       0x28 blink.o
 .debug_frame   0x0000000000000028       0x80 /Users/QaisKh-MacbookPro/Downloads/libopencm3-examples/libopencm3/lib/libopencm3_stm32f4.a(gpio_common_all.o)
 .debug_frame   0x00000000000000a8       0x70 /Users/QaisKh-MacbookPro/Downloads/libopencm3-examples/libopencm3/lib/libopencm3_stm32f4.a(gpio_common_f0234.o)
 .debug_frame   0x0000000000000118       0xd0 /Users/QaisKh-MacbookPro/Downloads/libopencm3-examples/libopencm3/lib/libopencm3_stm32f4.a(rcc_common_all.o)
 .debug_frame   0x00000000000001e8       0x40 /Users/QaisKh-MacbookPro/Downloads/libopencm3-examples/libopencm3/lib/libopencm3_stm32f4.a(vector.o)

Cross Reference Table

Symbol                                            File
__fini_array_end                                  /Users/QaisKh-MacbookPro/Downloads/libopencm3-examples/libopencm3/lib/libopencm3_stm32f4.a(vector.o)
__fini_array_start                                /Users/QaisKh-MacbookPro/Downloads/libopencm3-examples/libopencm3/lib/libopencm3_stm32f4.a(vector.o)
__init_array_end                                  /Users/QaisKh-MacbookPro/Downloads/libopencm3-examples/libopencm3/lib/libopencm3_stm32f4.a(vector.o)
__init_array_start                                /Users/QaisKh-MacbookPro/Downloads/libopencm3-examples/libopencm3/lib/libopencm3_stm32f4.a(vector.o)
__preinit_array_end                               /Users/QaisKh-MacbookPro/Downloads/libopencm3-examples/libopencm3/lib/libopencm3_stm32f4.a(vector.o)
__preinit_array_start                             /Users/QaisKh-MacbookPro/Downloads/libopencm3-examples/libopencm3/lib/libopencm3_stm32f4.a(vector.o)
_data                                             /Users/QaisKh-MacbookPro/Downloads/libopencm3-examples/libopencm3/lib/libopencm3_stm32f4.a(vector.o)
_data_loadaddr                                    /Users/QaisKh-MacbookPro/Downloads/libopencm3-examples/libopencm3/lib/libopencm3_stm32f4.a(vector.o)
_ebss                                             /Users/QaisKh-MacbookPro/Downloads/libopencm3-examples/libopencm3/lib/libopencm3_stm32f4.a(vector.o)
_edata                                            /Users/QaisKh-MacbookPro/Downloads/libopencm3-examples/libopencm3/lib/libopencm3_stm32f4.a(vector.o)
_stack                                            /Users/QaisKh-MacbookPro/Downloads/libopencm3-examples/libopencm3/lib/libopencm3_stm32f4.a(vector.o)
adc_isr                                           /Users/QaisKh-MacbookPro/Downloads/libopencm3-examples/libopencm3/lib/libopencm3_stm32f4.a(vector.o)
blocking_handler                                  /Users/QaisKh-MacbookPro/Downloads/libopencm3-examples/libopencm3/lib/libopencm3_stm32f4.a(vector.o)
bus_fault_handler                                 /Users/QaisKh-MacbookPro/Downloads/libopencm3-examples/libopencm3/lib/libopencm3_stm32f4.a(vector.o)
can1_rx0_isr                                      /Users/QaisKh-MacbookPro/Downloads/libopencm3-examples/libopencm3/lib/libopencm3_stm32f4.a(vector.o)
can1_rx1_isr                                      /Users/QaisKh-MacbookPro/Downloads/libopencm3-examples/libopencm3/lib/libopencm3_stm32f4.a(vector.o)
can1_sce_isr                                      /Users/QaisKh-MacbookPro/Downloads/libopencm3-examples/libopencm3/lib/libopencm3_stm32f4.a(vector.o)
can1_tx_isr                                       /Users/QaisKh-MacbookPro/Downloads/libopencm3-examples/libopencm3/lib/libopencm3_stm32f4.a(vector.o)
can2_rx0_isr                                      /Users/QaisKh-MacbookPro/Downloads/libopencm3-examples/libopencm3/lib/libopencm3_stm32f4.a(vector.o)
can2_rx1_isr                                      /Users/QaisKh-MacbookPro/Downloads/libopencm3-examples/libopencm3/lib/libopencm3_stm32f4.a(vector.o)
can2_sce_isr                                      /Users/QaisKh-MacbookPro/Downloads/libopencm3-examples/libopencm3/lib/libopencm3_stm32f4.a(vector.o)
can2_tx_isr                                       /Users/QaisKh-MacbookPro/Downloads/libopencm3-examples/libopencm3/lib/libopencm3_stm32f4.a(vector.o)
cryp_isr                                          /Users/QaisKh-MacbookPro/Downloads/libopencm3-examples/libopencm3/lib/libopencm3_stm32f4.a(vector.o)
dcmi_isr                                          /Users/QaisKh-MacbookPro/Downloads/libopencm3-examples/libopencm3/lib/libopencm3_stm32f4.a(vector.o)
debug_monitor_handler                             /Users/QaisKh-MacbookPro/Downloads/libopencm3-examples/libopencm3/lib/libopencm3_stm32f4.a(vector.o)
dma1_stream0_isr                                  /Users/QaisKh-MacbookPro/Downloads/libopencm3-examples/libopencm3/lib/libopencm3_stm32f4.a(vector.o)
dma1_stream1_isr                                  /Users/QaisKh-MacbookPro/Downloads/libopencm3-examples/libopencm3/lib/libopencm3_stm32f4.a(vector.o)
dma1_stream2_isr                                  /Users/QaisKh-MacbookPro/Downloads/libopencm3-examples/libopencm3/lib/libopencm3_stm32f4.a(vector.o)
dma1_stream3_isr                                  /Users/QaisKh-MacbookPro/Downloads/libopencm3-examples/libopencm3/lib/libopencm3_stm32f4.a(vector.o)
dma1_stream4_isr                                  /Users/QaisKh-MacbookPro/Downloads/libopencm3-examples/libopencm3/lib/libopencm3_stm32f4.a(vector.o)
dma1_stream5_isr                                  /Users/QaisKh-MacbookPro/Downloads/libopencm3-examples/libopencm3/lib/libopencm3_stm32f4.a(vector.o)
dma1_stream6_isr                                  /Users/QaisKh-MacbookPro/Downloads/libopencm3-examples/libopencm3/lib/libopencm3_stm32f4.a(vector.o)
dma1_stream7_isr                                  /Users/QaisKh-MacbookPro/Downloads/libopencm3-examples/libopencm3/lib/libopencm3_stm32f4.a(vector.o)
dma2_stream0_isr                                  /Users/QaisKh-MacbookPro/Downloads/libopencm3-examples/libopencm3/lib/libopencm3_stm32f4.a(vector.o)
dma2_stream1_isr                                  /Users/QaisKh-MacbookPro/Downloads/libopencm3-examples/libopencm3/lib/libopencm3_stm32f4.a(vector.o)
dma2_stream2_isr                                  /Users/QaisKh-MacbookPro/Downloads/libopencm3-examples/libopencm3/lib/libopencm3_stm32f4.a(vector.o)
dma2_stream3_isr                                  /Users/QaisKh-MacbookPro/Downloads/libopencm3-examples/libopencm3/lib/libopencm3_stm32f4.a(vector.o)
dma2_stream4_isr                                  /Users/QaisKh-MacbookPro/Downloads/libopencm3-examples/libopencm3/lib/libopencm3_stm32f4.a(vector.o)
dma2_stream5_isr                                  /Users/QaisKh-MacbookPro/Downloads/libopencm3-examples/libopencm3/lib/libopencm3_stm32f4.a(vector.o)
dma2_stream6_isr                                  /Users/QaisKh-MacbookPro/Downloads/libopencm3-examples/libopencm3/lib/libopencm3_stm32f4.a(vector.o)
dma2_stream7_isr                                  /Users/QaisKh-MacbookPro/Downloads/libopencm3-examples/libopencm3/lib/libopencm3_stm32f4.a(vector.o)
dma2d_isr                                         /Users/QaisKh-MacbookPro/Downloads/libopencm3-examples/libopencm3/lib/libopencm3_stm32f4.a(vector.o)
eth_isr                                           /Users/QaisKh-MacbookPro/Downloads/libopencm3-examples/libopencm3/lib/libopencm3_stm32f4.a(vector.o)
eth_wkup_isr                                      /Users/QaisKh-MacbookPro/Downloads/libopencm3-examples/libopencm3/lib/libopencm3_stm32f4.a(vector.o)
exti0_isr                                         /Users/QaisKh-MacbookPro/Downloads/libopencm3-examples/libopencm3/lib/libopencm3_stm32f4.a(vector.o)
exti15_10_isr                                     /Users/QaisKh-MacbookPro/Downloads/libopencm3-examples/libopencm3/lib/libopencm3_stm32f4.a(vector.o)
exti1_isr                                         /Users/QaisKh-MacbookPro/Downloads/libopencm3-examples/libopencm3/lib/libopencm3_stm32f4.a(vector.o)
exti2_isr                                         /Users/QaisKh-MacbookPro/Downloads/libopencm3-examples/libopencm3/lib/libopencm3_stm32f4.a(vector.o)
exti3_isr                                         /Users/QaisKh-MacbookPro/Downloads/libopencm3-examples/libopencm3/lib/libopencm3_stm32f4.a(vector.o)
exti4_isr                                         /Users/QaisKh-MacbookPro/Downloads/libopencm3-examples/libopencm3/lib/libopencm3_stm32f4.a(vector.o)
exti9_5_isr                                       /Users/QaisKh-MacbookPro/Downloads/libopencm3-examples/libopencm3/lib/libopencm3_stm32f4.a(vector.o)
flash_isr                                         /Users/QaisKh-MacbookPro/Downloads/libopencm3-examples/libopencm3/lib/libopencm3_stm32f4.a(vector.o)
fpu_isr                                           /Users/QaisKh-MacbookPro/Downloads/libopencm3-examples/libopencm3/lib/libopencm3_stm32f4.a(vector.o)
fsmc_isr                                          /Users/QaisKh-MacbookPro/Downloads/libopencm3-examples/libopencm3/lib/libopencm3_stm32f4.a(vector.o)
gpio_clear                                        /Users/QaisKh-MacbookPro/Downloads/libopencm3-examples/libopencm3/lib/libopencm3_stm32f4.a(gpio_common_all.o)
gpio_get                                          /Users/QaisKh-MacbookPro/Downloads/libopencm3-examples/libopencm3/lib/libopencm3_stm32f4.a(gpio_common_all.o)
gpio_mode_setup                                   /Users/QaisKh-MacbookPro/Downloads/libopencm3-examples/libopencm3/lib/libopencm3_stm32f4.a(gpio_common_f0234.o)
                                                  blink.o
gpio_port_config_lock                             /Users/QaisKh-MacbookPro/Downloads/libopencm3-examples/libopencm3/lib/libopencm3_stm32f4.a(gpio_common_all.o)
gpio_port_read                                    /Users/QaisKh-MacbookPro/Downloads/libopencm3-examples/libopencm3/lib/libopencm3_stm32f4.a(gpio_common_all.o)
gpio_port_write                                   /Users/QaisKh-MacbookPro/Downloads/libopencm3-examples/libopencm3/lib/libopencm3_stm32f4.a(gpio_common_all.o)
gpio_set                                          /Users/QaisKh-MacbookPro/Downloads/libopencm3-examples/libopencm3/lib/libopencm3_stm32f4.a(gpio_common_all.o)
gpio_set_af                                       /Users/QaisKh-MacbookPro/Downloads/libopencm3-examples/libopencm3/lib/libopencm3_stm32f4.a(gpio_common_f0234.o)
gpio_set_output_options                           /Users/QaisKh-MacbookPro/Downloads/libopencm3-examples/libopencm3/lib/libopencm3_stm32f4.a(gpio_common_f0234.o)
gpio_toggle                                       /Users/QaisKh-MacbookPro/Downloads/libopencm3-examples/libopencm3/lib/libopencm3_stm32f4.a(gpio_common_all.o)
                                                  blink.o
hard_fault_handler                                /Users/QaisKh-MacbookPro/Downloads/libopencm3-examples/libopencm3/lib/libopencm3_stm32f4.a(vector.o)
hash_rng_isr                                      /Users/QaisKh-MacbookPro/Downloads/libopencm3-examples/libopencm3/lib/libopencm3_stm32f4.a(vector.o)
i2c1_er_isr                                       /Users/QaisKh-MacbookPro/Downloads/libopencm3-examples/libopencm3/lib/libopencm3_stm32f4.a(vector.o)
i2c1_ev_isr                                       /Users/QaisKh-MacbookPro/Downloads/libopencm3-examples/libopencm3/lib/libopencm3_stm32f4.a(vector.o)
i2c2_er_isr                                       /Users/QaisKh-MacbookPro/Downloads/libopencm3-examples/libopencm3/lib/libopencm3_stm32f4.a(vector.o)
i2c2_ev_isr                                       /Users/QaisKh-MacbookPro/Downloads/libopencm3-examples/libopencm3/lib/libopencm3_stm32f4.a(vector.o)
i2c3_er_isr                                       /Users/QaisKh-MacbookPro/Downloads/libopencm3-examples/libopencm3/lib/libopencm3_stm32f4.a(vector.o)
i2c3_ev_isr                                       /Users/QaisKh-MacbookPro/Downloads/libopencm3-examples/libopencm3/lib/libopencm3_stm32f4.a(vector.o)
lcd_tft_err_isr                                   /Users/QaisKh-MacbookPro/Downloads/libopencm3-examples/libopencm3/lib/libopencm3_stm32f4.a(vector.o)
lcd_tft_isr                                       /Users/QaisKh-MacbookPro/Downloads/libopencm3-examples/libopencm3/lib/libopencm3_stm32f4.a(vector.o)
main                                              blink.o
                                                  /Users/QaisKh-MacbookPro/Downloads/libopencm3-examples/libopencm3/lib/libopencm3_stm32f4.a(vector.o)
mem_manage_handler                                /Users/QaisKh-MacbookPro/Downloads/libopencm3-examples/libopencm3/lib/libopencm3_stm32f4.a(vector.o)
nmi_handler                                       /Users/QaisKh-MacbookPro/Downloads/libopencm3-examples/libopencm3/lib/libopencm3_stm32f4.a(vector.o)
null_handler                                      /Users/QaisKh-MacbookPro/Downloads/libopencm3-examples/libopencm3/lib/libopencm3_stm32f4.a(vector.o)
nvic_wwdg_isr                                     /Users/QaisKh-MacbookPro/Downloads/libopencm3-examples/libopencm3/lib/libopencm3_stm32f4.a(vector.o)
otg_fs_isr                                        /Users/QaisKh-MacbookPro/Downloads/libopencm3-examples/libopencm3/lib/libopencm3_stm32f4.a(vector.o)
otg_hs_ep1_in_isr                                 /Users/QaisKh-MacbookPro/Downloads/libopencm3-examples/libopencm3/lib/libopencm3_stm32f4.a(vector.o)
otg_hs_ep1_out_isr                                /Users/QaisKh-MacbookPro/Downloads/libopencm3-examples/libopencm3/lib/libopencm3_stm32f4.a(vector.o)
otg_hs_isr                                        /Users/QaisKh-MacbookPro/Downloads/libopencm3-examples/libopencm3/lib/libopencm3_stm32f4.a(vector.o)
otg_hs_wkup_isr                                   /Users/QaisKh-MacbookPro/Downloads/libopencm3-examples/libopencm3/lib/libopencm3_stm32f4.a(vector.o)
pend_sv_handler                                   /Users/QaisKh-MacbookPro/Downloads/libopencm3-examples/libopencm3/lib/libopencm3_stm32f4.a(vector.o)
pvd_isr                                           /Users/QaisKh-MacbookPro/Downloads/libopencm3-examples/libopencm3/lib/libopencm3_stm32f4.a(vector.o)
rcc_isr                                           /Users/QaisKh-MacbookPro/Downloads/libopencm3-examples/libopencm3/lib/libopencm3_stm32f4.a(vector.o)
rcc_osc_bypass_disable                            /Users/QaisKh-MacbookPro/Downloads/libopencm3-examples/libopencm3/lib/libopencm3_stm32f4.a(rcc_common_all.o)
rcc_osc_bypass_enable                             /Users/QaisKh-MacbookPro/Downloads/libopencm3-examples/libopencm3/lib/libopencm3_stm32f4.a(rcc_common_all.o)
rcc_periph_clock_disable                          /Users/QaisKh-MacbookPro/Downloads/libopencm3-examples/libopencm3/lib/libopencm3_stm32f4.a(rcc_common_all.o)
rcc_periph_clock_enable                           /Users/QaisKh-MacbookPro/Downloads/libopencm3-examples/libopencm3/lib/libopencm3_stm32f4.a(rcc_common_all.o)
                                                  blink.o
rcc_periph_reset_hold                             /Users/QaisKh-MacbookPro/Downloads/libopencm3-examples/libopencm3/lib/libopencm3_stm32f4.a(rcc_common_all.o)
rcc_periph_reset_pulse                            /Users/QaisKh-MacbookPro/Downloads/libopencm3-examples/libopencm3/lib/libopencm3_stm32f4.a(rcc_common_all.o)
rcc_periph_reset_release                          /Users/QaisKh-MacbookPro/Downloads/libopencm3-examples/libopencm3/lib/libopencm3_stm32f4.a(rcc_common_all.o)
rcc_peripheral_clear_reset                        /Users/QaisKh-MacbookPro/Downloads/libopencm3-examples/libopencm3/lib/libopencm3_stm32f4.a(rcc_common_all.o)
rcc_peripheral_disable_clock                      /Users/QaisKh-MacbookPro/Downloads/libopencm3-examples/libopencm3/lib/libopencm3_stm32f4.a(rcc_common_all.o)
rcc_peripheral_enable_clock                       /Users/QaisKh-MacbookPro/Downloads/libopencm3-examples/libopencm3/lib/libopencm3_stm32f4.a(rcc_common_all.o)
rcc_peripheral_reset                              /Users/QaisKh-MacbookPro/Downloads/libopencm3-examples/libopencm3/lib/libopencm3_stm32f4.a(rcc_common_all.o)
rcc_set_mco                                       /Users/QaisKh-MacbookPro/Downloads/libopencm3-examples/libopencm3/lib/libopencm3_stm32f4.a(rcc_common_all.o)
reset_handler                                     /Users/QaisKh-MacbookPro/Downloads/libopencm3-examples/libopencm3/lib/libopencm3_stm32f4.a(vector.o)
rtc_alarm_isr                                     /Users/QaisKh-MacbookPro/Downloads/libopencm3-examples/libopencm3/lib/libopencm3_stm32f4.a(vector.o)
rtc_wkup_isr                                      /Users/QaisKh-MacbookPro/Downloads/libopencm3-examples/libopencm3/lib/libopencm3_stm32f4.a(vector.o)
sai1_isr                                          /Users/QaisKh-MacbookPro/Downloads/libopencm3-examples/libopencm3/lib/libopencm3_stm32f4.a(vector.o)
sdio_isr                                          /Users/QaisKh-MacbookPro/Downloads/libopencm3-examples/libopencm3/lib/libopencm3_stm32f4.a(vector.o)
spi1_isr                                          /Users/QaisKh-MacbookPro/Downloads/libopencm3-examples/libopencm3/lib/libopencm3_stm32f4.a(vector.o)
spi2_isr                                          /Users/QaisKh-MacbookPro/Downloads/libopencm3-examples/libopencm3/lib/libopencm3_stm32f4.a(vector.o)
spi3_isr                                          /Users/QaisKh-MacbookPro/Downloads/libopencm3-examples/libopencm3/lib/libopencm3_stm32f4.a(vector.o)
spi4_isr                                          /Users/QaisKh-MacbookPro/Downloads/libopencm3-examples/libopencm3/lib/libopencm3_stm32f4.a(vector.o)
spi5_isr                                          /Users/QaisKh-MacbookPro/Downloads/libopencm3-examples/libopencm3/lib/libopencm3_stm32f4.a(vector.o)
spi6_isr                                          /Users/QaisKh-MacbookPro/Downloads/libopencm3-examples/libopencm3/lib/libopencm3_stm32f4.a(vector.o)
sv_call_handler                                   /Users/QaisKh-MacbookPro/Downloads/libopencm3-examples/libopencm3/lib/libopencm3_stm32f4.a(vector.o)
sys_tick_handler                                  /Users/QaisKh-MacbookPro/Downloads/libopencm3-examples/libopencm3/lib/libopencm3_stm32f4.a(vector.o)
tamp_stamp_isr                                    /Users/QaisKh-MacbookPro/Downloads/libopencm3-examples/libopencm3/lib/libopencm3_stm32f4.a(vector.o)
tim1_brk_tim9_isr                                 /Users/QaisKh-MacbookPro/Downloads/libopencm3-examples/libopencm3/lib/libopencm3_stm32f4.a(vector.o)
tim1_cc_isr                                       /Users/QaisKh-MacbookPro/Downloads/libopencm3-examples/libopencm3/lib/libopencm3_stm32f4.a(vector.o)
tim1_trg_com_tim11_isr                            /Users/QaisKh-MacbookPro/Downloads/libopencm3-examples/libopencm3/lib/libopencm3_stm32f4.a(vector.o)
tim1_up_tim10_isr                                 /Users/QaisKh-MacbookPro/Downloads/libopencm3-examples/libopencm3/lib/libopencm3_stm32f4.a(vector.o)
tim2_isr                                          /Users/QaisKh-MacbookPro/Downloads/libopencm3-examples/libopencm3/lib/libopencm3_stm32f4.a(vector.o)
tim3_isr                                          /Users/QaisKh-MacbookPro/Downloads/libopencm3-examples/libopencm3/lib/libopencm3_stm32f4.a(vector.o)
tim4_isr                                          /Users/QaisKh-MacbookPro/Downloads/libopencm3-examples/libopencm3/lib/libopencm3_stm32f4.a(vector.o)
tim5_isr                                          /Users/QaisKh-MacbookPro/Downloads/libopencm3-examples/libopencm3/lib/libopencm3_stm32f4.a(vector.o)
tim6_dac_isr                                      /Users/QaisKh-MacbookPro/Downloads/libopencm3-examples/libopencm3/lib/libopencm3_stm32f4.a(vector.o)
tim7_isr                                          /Users/QaisKh-MacbookPro/Downloads/libopencm3-examples/libopencm3/lib/libopencm3_stm32f4.a(vector.o)
tim8_brk_tim12_isr                                /Users/QaisKh-MacbookPro/Downloads/libopencm3-examples/libopencm3/lib/libopencm3_stm32f4.a(vector.o)
tim8_cc_isr                                       /Users/QaisKh-MacbookPro/Downloads/libopencm3-examples/libopencm3/lib/libopencm3_stm32f4.a(vector.o)
tim8_trg_com_tim14_isr                            /Users/QaisKh-MacbookPro/Downloads/libopencm3-examples/libopencm3/lib/libopencm3_stm32f4.a(vector.o)
tim8_up_tim13_isr                                 /Users/QaisKh-MacbookPro/Downloads/libopencm3-examples/libopencm3/lib/libopencm3_stm32f4.a(vector.o)
uart4_isr                                         /Users/QaisKh-MacbookPro/Downloads/libopencm3-examples/libopencm3/lib/libopencm3_stm32f4.a(vector.o)
uart5_isr                                         /Users/QaisKh-MacbookPro/Downloads/libopencm3-examples/libopencm3/lib/libopencm3_stm32f4.a(vector.o)
uart7_isr                                         /Users/QaisKh-MacbookPro/Downloads/libopencm3-examples/libopencm3/lib/libopencm3_stm32f4.a(vector.o)
uart8_isr                                         /Users/QaisKh-MacbookPro/Downloads/libopencm3-examples/libopencm3/lib/libopencm3_stm32f4.a(vector.o)
usage_fault_handler                               /Users/QaisKh-MacbookPro/Downloads/libopencm3-examples/libopencm3/lib/libopencm3_stm32f4.a(vector.o)
usart1_isr                                        /Users/QaisKh-MacbookPro/Downloads/libopencm3-examples/libopencm3/lib/libopencm3_stm32f4.a(vector.o)
usart2_isr                                        /Users/QaisKh-MacbookPro/Downloads/libopencm3-examples/libopencm3/lib/libopencm3_stm32f4.a(vector.o)
usart3_isr                                        /Users/QaisKh-MacbookPro/Downloads/libopencm3-examples/libopencm3/lib/libopencm3_stm32f4.a(vector.o)
usart6_isr                                        /Users/QaisKh-MacbookPro/Downloads/libopencm3-examples/libopencm3/lib/libopencm3_stm32f4.a(vector.o)
usb_fs_wkup_isr                                   /Users/QaisKh-MacbookPro/Downloads/libopencm3-examples/libopencm3/lib/libopencm3_stm32f4.a(vector.o)
vector_table                                      /Users/QaisKh-MacbookPro/Downloads/libopencm3-examples/libopencm3/lib/libopencm3_stm32f4.a(vector.o)
